Component: ARM Compiler 5.06 update 7 (build 960) Tool: armlink [4d3601]

==============================================================================

Section Cross References

    startup_stm32f103xb.o(RESET) refers to startup_stm32f103xb.o(STACK) for __initial_sp
    startup_stm32f103xb.o(RESET) refers to startup_stm32f103xb.o(.text) for Reset_Handler
    startup_stm32f103xb.o(RESET) refers to stm32f1xx_it.o(i.NMI_Handler) for NMI_Handler
    startup_stm32f103xb.o(RESET) refers to stm32f1xx_it.o(i.HardFault_Handler) for HardFault_Handler
    startup_stm32f103xb.o(RESET) refers to stm32f1xx_it.o(i.MemManage_Handler) for MemManage_Handler
    startup_stm32f103xb.o(RESET) refers to stm32f1xx_it.o(i.BusFault_Handler) for BusFault_Handler
    startup_stm32f103xb.o(RESET) refers to stm32f1xx_it.o(i.UsageFault_Handler) for UsageFault_Handler
    startup_stm32f103xb.o(RESET) refers to stm32f1xx_it.o(i.SVC_Handler) for SVC_Handler
    startup_stm32f103xb.o(RESET) refers to stm32f1xx_it.o(i.DebugMon_Handler) for DebugMon_Handler
    startup_stm32f103xb.o(RESET) refers to stm32f1xx_it.o(i.PendSV_Handler) for PendSV_Handler
    startup_stm32f103xb.o(RESET) refers to stm32f1xx_it.o(i.SysTick_Handler) for SysTick_Handler
    startup_stm32f103xb.o(RESET) refers to stm32f1xx_it.o(i.EXTI0_IRQHandler) for EXTI0_IRQHandler
    startup_stm32f103xb.o(RESET) refers to stm32f1xx_it.o(i.EXTI1_IRQHandler) for EXTI1_IRQHandler
    startup_stm32f103xb.o(RESET) refers to stm32f1xx_it.o(i.EXTI4_IRQHandler) for EXTI4_IRQHandler
    startup_stm32f103xb.o(RESET) refers to stm32f1xx_it.o(i.DMA1_Channel4_IRQHandler) for DMA1_Channel4_IRQHandler
    startup_stm32f103xb.o(RESET) refers to stm32f1xx_it.o(i.DMA1_Channel5_IRQHandler) for DMA1_Channel5_IRQHandler
    startup_stm32f103xb.o(RESET) refers to stm32f1xx_it.o(i.DMA1_Channel6_IRQHandler) for DMA1_Channel6_IRQHandler
    startup_stm32f103xb.o(RESET) refers to stm32f1xx_it.o(i.DMA1_Channel7_IRQHandler) for DMA1_Channel7_IRQHandler
    startup_stm32f103xb.o(RESET) refers to stm32f1xx_it.o(i.TIM1_UP_IRQHandler) for TIM1_UP_IRQHandler
    startup_stm32f103xb.o(RESET) refers to stm32f1xx_it.o(i.TIM2_IRQHandler) for TIM2_IRQHandler
    startup_stm32f103xb.o(RESET) refers to stm32f1xx_it.o(i.TIM3_IRQHandler) for TIM3_IRQHandler
    startup_stm32f103xb.o(RESET) refers to stm32f1xx_it.o(i.SPI2_IRQHandler) for SPI2_IRQHandler
    startup_stm32f103xb.o(RESET) refers to stm32f1xx_it.o(i.USART1_IRQHandler) for USART1_IRQHandler
    startup_stm32f103xb.o(RESET) refers to stm32f1xx_it.o(i.USART2_IRQHandler) for USART2_IRQHandler
    startup_stm32f103xb.o(.text) refers to system_stm32f1xx.o(i.SystemInit) for SystemInit
    startup_stm32f103xb.o(.text) refers to entry.o(.ARM.Collect$$$$00000000) for __main
    mtimer.o(i.MTimer_Callback) refers to tim.o(.bss) for htim1
    mtimer.o(i.MTimer_Callback) refers to mtimer.o(.data) for MTimer_Flag
    mtimer.o(i.MTimer_Init) refers to stm32f1xx_hal_tim.o(i.HAL_TIM_Base_Start) for HAL_TIM_Base_Start
    mtimer.o(i.MTimer_Init) refers to system_callback.o(i.TIM_PERIOD_ELAPSED_CALLBACK_Register) for TIM_PERIOD_ELAPSED_CALLBACK_Register
    mtimer.o(i.MTimer_Init) refers to tim.o(.bss) for htim1
    mtimer.o(i.MTimer_Init) refers to mtimer.o(.data) for TIM_PeriodElapsedCallback
    mtimer.o(.data) refers to mtimer.o(i.MTimer_Callback) for MTimer_Callback
    protocol.o(i.UART_Send_Byte) refers to stm32f1xx_hal_uart.o(i.HAL_UART_Transmit) for HAL_UART_Transmit
    protocol.o(i.UART_Send_Byte) refers to usart.o(.bss) for huart1
    protocol.o(i.port_send_data_to_computer) refers to drv_uart.o(i.UART_Send_Byte) for UART_Send_Byte
    protocol.o(i.protocol_data_recv) refers to protocol.o(i.recvbuf_put_data) for recvbuf_put_data
    protocol.o(i.protocol_data_recv) refers to protocol.o(.bss) for parser
    protocol.o(i.protocol_frame_parse) refers to protocol.o(i.recvbuf_get_len_to_parse) for recvbuf_get_len_to_parse
    protocol.o(i.protocol_frame_parse) refers to protocol.o(i.recvbuf_find_header) for recvbuf_find_header
    protocol.o(i.protocol_frame_parse) refers to protocol.o(i.get_frame_len) for get_frame_len
    protocol.o(i.protocol_frame_parse) refers to protocol.o(i.check_sum) for check_sum
    protocol.o(i.protocol_frame_parse) refers to protocol.o(i.get_frame_checksum) for get_frame_checksum
    protocol.o(i.protocol_frame_parse) refers to memcpya.o(.text) for __aeabi_memcpy
    protocol.o(i.protocol_frame_parse) refers to protocol.o(i.get_frame_type) for get_frame_type
    protocol.o(i.protocol_frame_parse) refers to protocol.o(.bss) for parser
    protocol.o(i.protocol_init) refers to protocol.o(.bss) for parser
    protocol.o(i.receiving_process) refers to protocol.o(i.protocol_frame_parse) for protocol_frame_parse
    protocol.o(i.receiving_process) refers to protocol.o(i.set_pid_paramter_cmd) for set_pid_paramter_cmd
    protocol.o(i.receiving_process) refers to protocol.o(i.set_pid_actual_val_cmd) for set_pid_actual_val_cmd
[...]
    i.HAL_UART_ErrorCallback                 0x080030d0   Section        0  stm32f1xx_hal_uart.o(i.HAL_UART_ErrorCallback)
    i.HAL_UART_IRQHandler                    0x080030d4   Section        0  stm32f1xx_hal_uart.o(i.HAL_UART_IRQHandler)
    i.HAL_UART_Init                          0x080033b8   Section        0  stm32f1xx_hal_uart.o(i.HAL_UART_Init)
    i.HAL_UART_MspInit                       0x08003430   Section        0  usart.o(i.HAL_UART_MspInit)
    i.HAL_UART_RxCpltCallback                0x080035b4   Section        0  stm32f1xx_hal_uart.o(i.HAL_UART_RxCpltCallback)
    i.HAL_UART_RxHalfCpltCallback            0x080035b6   Section        0  stm32f1xx_hal_uart.o(i.HAL_UART_RxHalfCpltCallback)
    i.HAL_UART_Transmit                      0x080035b8   Section        0  stm32f1xx_hal_uart.o(i.HAL_UART_Transmit)
    i.HAL_UART_Transmit_DMA                  0x08003678   Section        0  stm32f1xx_hal_uart.o(i.HAL_UART_Transmit_DMA)
    i.HAL_UART_TxCpltCallback                0x08003704   Section        0  stm32f1xx_hal_uart.o(i.HAL_UART_TxCpltCallback)
    i.HAL_UART_TxHalfCpltCallback            0x08003706   Section        0  stm32f1xx_hal_uart.o(i.HAL_UART_TxHalfCpltCallback)
    i.HardFault_Handler                      0x08003708   Section        0  stm32f1xx_it.o(i.HardFault_Handler)
    i.MTimer_Callback                        0x0800370c   Section        0  mtimer.o(i.MTimer_Callback)
    i.MTimer_Init                            0x08003724   Section        0  mtimer.o(i.MTimer_Init)
    i.MX_DMA_Init                            0x08003760   Section        0  dma.o(i.MX_DMA_Init)
    i.MX_GPIO_Init                           0x080037c4   Section        0  gpio.o(i.MX_GPIO_Init)
    i.MX_SPI2_Init                           0x08003958   Section        0  spi.o(i.MX_SPI2_Init)
    i.MX_TIM1_Init                           0x0800399c   Section        0  tim.o(i.MX_TIM1_Init)
    i.MX_TIM2_Init                           0x08003a10   Section        0  tim.o(i.MX_TIM2_Init)
    i.MX_TIM3_Init                           0x08003ab0   Section        0  tim.o(i.MX_TIM3_Init)
    i.MX_USART1_UART_Init                    0x08003b54   Section        0  usart.o(i.MX_USART1_UART_Init)
    i.MX_USART2_UART_Init                    0x08003b8c   Section        0  usart.o(i.MX_USART2_UART_Init)
    i.MemManage_Handler                      0x08003bc4   Section        0  stm32f1xx_it.o(i.MemManage_Handler)
    i.NMI_Handler                            0x08003bc8   Section        0  stm32f1xx_it.o(i.NMI_Handler)
    i.PID_Calculate                          0x08003bcc   Section        0  pid.o(i.PID_Calculate)
    i.PID_Init                               0x08003c68   Section        0  pid.o(i.PID_Init)
    i.PendSV_Handler                         0x08003c82   Section        0  stm32f1xx_it.o(i.PendSV_Handler)
    i.RCC_Delay                              0x08003c84   Section        0  stm32f1xx_hal_rcc.o(i.RCC_Delay)
    RCC_Delay                                0x08003c85   Thumb Code    36  stm32f1xx_hal_rcc.o(i.RCC_Delay)
    i.ReadThermoCouple                       0x08003cac   Section        0  max6675.o(i.ReadThermoCouple)
    i.SPI2_IRQHandler                        0x08003cf4   Section        0  stm32f1xx_it.o(i.SPI2_IRQHandler)
    i.SPI_DMAAbortOnError                    0x08003d04   Section        0  stm32f1xx_hal_spi.o(i.SPI_DMAAbortOnError)
    SPI_DMAAbortOnError                      0x08003d05   Thumb Code    20  stm32f1xx_hal_spi.o(i.SPI_DMAAbortOnError)
    i.SPI_DMAError                           0x08003d18   Section        0  stm32f1xx_hal_spi.o(i.SPI_DMAError)
    SPI_DMAError                             0x08003d19   Thumb Code    40  stm32f1xx_hal_spi.o(i.SPI_DMAError)
    i.SPI_DMAHalfTransmitCplt                0x08003d40   Section        0  stm32f1xx_hal_spi.o(i.SPI_DMAHalfTransmitCplt)
    SPI_DMAHalfTransmitCplt                  0x08003d41   Thumb Code    14  stm32f1xx_hal_spi.o(i.SPI_DMAHalfTransmitCplt)
    i.SPI_DMATransmitCplt                    0x08003d4e   Section        0  stm32f1xx_hal_spi.o(i.SPI_DMATransmitCplt)
    SPI_DMATransmitCplt                      0x08003d4f   Thumb Code   126  stm32f1xx_hal_spi.o(i.SPI_DMATransmitCplt)
    i.SPI_EndRxTxTransaction                 0x08003dcc   Section        0  stm32f1xx_hal_spi.o(i.SPI_EndRxTxTransaction)
    SPI_EndRxTxTransaction                   0x08003dcd   Thumb Code    68  stm32f1xx_hal_spi.o(i.SPI_EndRxTxTransaction)
    i.SPI_RxByte                             0x08003e10   Section        0  max6675.o(i.SPI_RxByte)
    SPI_RxByte                               0x08003e11   Thumb Code    48  max6675.o(i.SPI_RxByte)
    i.SPI_WaitFlagStateUntilTimeout          0x08003e40   Section        0  stm32f1xx_hal_spi.o(i.SPI_WaitFlagStateUntilTimeout)
    SPI_WaitFlagStateUntilTimeout            0x08003e41   Thumb Code   210  stm32f1xx_hal_spi.o(i.SPI_WaitFlagStateUntilTimeout)
    i.SVC_Handler                            0x08003f18   Section        0  stm32f1xx_it.o(i.SVC_Handler)
    i.SysTick_Handler                        0x08003f1a   Section        0  stm32f1xx_it.o(i.SysTick_Handler)
    i.Sys_Init                               0x08003f24   Section        0  application.o(i.Sys_Init)
    i.Sys_Task                               0x08003f5c   Section        0  application.o(i.Sys_Task)
    i.SystemClock_Config                     0x080040cc   Section        0  main.o(i.SystemClock_Config)
    i.SystemInit                             0x08004132   Section        0  system_stm32f1xx.o(i.SystemInit)
    i.TIM1_UP_IRQHandler                     0x08004134   Section        0  stm32f1xx_it.o(i.TIM1_UP_IRQHandler)
    i.TIM2_IRQHandler                        0x08004144   Section        0  stm32f1xx_it.o(i.TIM2_IRQHandler)
    i.TIM3_IRQHandler                        0x08004154   Section        0  stm32f1xx_it.o(i.TIM3_IRQHandler)
    i.TIM_Base_SetConfig                     0x08004164   Section        0  stm32f1xx_hal_tim.o(i.TIM_Base_SetConfig)
    i.TIM_CCxChannelCmd                      0x080041e8   Section        0  stm32f1xx_hal_tim.o(i.TIM_CCxChannelCmd)
    i.TIM_ETR_SetConfig                      0x0800420a   Section        0  stm32f1xx_hal_tim.o(i.TIM_ETR_SetConfig)
    i.TIM_ITRx_SetConfig                     0x08004220   Section        0  stm32f1xx_hal_tim.o(i.TIM_ITRx_SetConfig)
    TIM_ITRx_SetConfig                       0x08004221   Thumb Code    18  stm32f1xx_hal_tim.o(i.TIM_ITRx_SetConfig)
    i.TIM_OC1_SetConfig                      0x08004234   Section        0  stm32f1xx_hal_tim.o(i.TIM_OC1_SetConfig)
    TIM_OC1_SetConfig                        0x08004235   Thumb Code    90  stm32f1xx_hal_tim.o(i.TIM_OC1_SetConfig)
    i.TIM_OC2_SetConfig                      0x08004294   Section        0  stm32f1xx_hal_tim.o(i.TIM_OC2_SetConfig)
    i.TIM_OC3_SetConfig                      0x080042fc   Section        0  stm32f1xx_hal_tim.o(i.TIM_OC3_SetConfig)
    TIM_OC3_SetConfig                        0x080042fd   Thumb Code    98  stm32f1xx_hal_tim.o(i.TIM_OC3_SetConfig)
    i.TIM_OC4_SetConfig                      0x08004364   Section        0  stm32f1xx_hal_tim.o(i.TIM_OC4_SetConfig)
    TIM_OC4_SetConfig                        0x08004365   Thumb Code    68  stm32f1xx_hal_tim.o(i.TIM_OC4_SetConfig)
    i.TIM_PERIOD_ELAPSED_CALLBACK_Register   0x080043ac   Section        0  system_callback.o(i.TIM_PERIOD_ELAPSED_CALLBACK_Register)
    i.TIM_TI1_ConfigInputStage               0x08004454   Section        0  stm32f1xx_hal_tim.o(i.TIM_TI1_ConfigInputStage)
    TIM_TI1_ConfigInputStage                 0x08004455   Thumb Code    38  stm32f1xx_hal_tim.o(i.TIM_TI1_ConfigInputStage)
    i.TIM_TI2_ConfigInputStage               0x0800447a   Section        0  stm32f1xx_hal_tim.o(i.TIM_TI2_ConfigInputStage)
    TIM_TI2_ConfigInputStage                 0x0800447b   Thumb Code    40  stm32f1xx_hal_tim.o(i.TIM_TI2_ConfigInputStage)
    i.UART1_RxCallback                       0x080044a4   Section        0  drv_uart.o(i.UART1_RxCallback)
    i.UART2_RxCallback                       0x080044e8   Section        0  drv_uart.o(i.UART2_RxCallback)
    i.UARTEx_RX_EVENT_CALLBACK_Register      0x08004530   Section        0  system_callback.o(i.UARTEx_RX_EVENT_CALLBACK_Register)
    i.UART_DMAAbortOnError                   0x080045d4   Section        0  stm32f1xx_hal_uart.o(i.UART_DMAAbortOnError)
    UART_DMAAbortOnError                     0x080045d5   Thumb Code    20  stm32f1xx_hal_uart.o(i.UART_DMAAbortOnError)
    i.UART_DMAError                          0x080045e8   Section        0  stm32f1xx_hal_uart.o(i.UART_DMAError)
    UART_DMAError                            0x080045e9   Thumb Code    80  stm32f1xx_hal_uart.o(i.UART_DMAError)
    i.UART_DMAReceiveCplt                    0x08004638   Section        0  stm32f1xx_hal_uart.o(i.UART_DMAReceiveCplt)
    UART_DMAReceiveCplt                      0x08004639   Thumb Code   180  stm32f1xx_hal_uart.o(i.UART_DMAReceiveCplt)
    i.UART_DMARxHalfCplt                     0x080046ec   Section        0  stm32f1xx_hal_uart.o(i.UART_DMARxHalfCplt)
    UART_DMARxHalfCplt                       0x080046ed   Thumb Code    36  stm32f1xx_hal_uart.o(i.UART_DMARxHalfCplt)
    i.UART_DMATransmitCplt                   0x08004710   Section        0  stm32f1xx_hal_uart.o(i.UART_DMATransmitCplt)
    UART_DMATransmitCplt                     0x08004711   Thumb Code    88  stm32f1xx_hal_uart.o(i.UART_DMATransmitCplt)
    i.UART_DMATxHalfCplt                     0x08004768   Section        0  stm32f1xx_hal_uart.o(i.UART_DMATxHalfCplt)
    UART_DMATxHalfCplt                       0x08004769   Thumb Code    14  stm32f1xx_hal_uart.o(i.UART_DMATxHalfCplt)
    i.UART_EndRxTransfer                     0x08004776   Section        0  stm32f1xx_hal_uart.o(i.UART_EndRxTransfer)
    UART_EndRxTransfer                       0x08004777   Thumb Code   108  stm32f1xx_hal_uart.o(i.UART_EndRxTransfer)
    i.UART_EndTransmit_IT                    0x080047e2   Section        0  stm32f1xx_hal_uart.o(i.UART_EndTransmit_IT)
    UART_EndTransmit_IT                      0x080047e3   Thumb Code    32  stm32f1xx_hal_uart.o(i.UART_EndTransmit_IT)
    i.UART_EndTxTransfer                     0x08004802   Section        0  stm32f1xx_hal_uart.o(i.UART_EndTxTransfer)
    UART_EndTxTransfer                       0x08004803   Thumb Code    38  stm32f1xx_hal_uart.o(i.UART_EndTxTransfer)
    i.UART_Receive_IT                        0x08004828   Section        0  stm32f1xx_hal_uart.o(i.UART_Receive_IT)
    UART_Receive_IT                          0x08004829   Thumb Code   252  stm32f1xx_hal_uart.o(i.UART_Receive_IT)
    i.UART_Send_Byte                         0x08004924   Section        0  drv_uart.o(i.UART_Send_Byte)
    i.UART_SetConfig                         0x0800493c   Section        0  stm32f1xx_hal_uart.o(i.UART_SetConfig)
    UART_SetConfig                           0x0800493d   Thumb Code   248  stm32f1xx_hal_uart.o(i.UART_SetConfig)
    i.UART_Start_Receive_DMA                 0x08004a38   Section        0  stm32f1xx_hal_uart.o(i.UART_Start_Receive_DMA)
    i.UART_Start_Receive_IT                  0x08004b00   Section        0  stm32f1xx_hal_uart.o(i.UART_Start_Receive_IT)
    i.UART_Transmit_IT                       0x08004b40   Section        0  stm32f1xx_hal_uart.o(i.UART_Transmit_IT)
    UART_Transmit_IT                         0x08004b41   Thumb Code    96  stm32f1xx_hal_uart.o(i.UART_Transmit_IT)
    i.UART_WaitOnFlagUntilTimeout            0x08004ba0   Section        0  stm32f1xx_hal_uart.o(i.UART_WaitOnFlagUntilTimeout)
    UART_WaitOnFlagUntilTimeout              0x08004ba1   Thumb Code   140  stm32f1xx_hal_uart.o(i.UART_WaitOnFlagUntilTimeout)
    i.USART1_IRQHandler                      0x08004c2c   Section        0  stm32f1xx_it.o(i.USART1_IRQHandler)
    i.USART2_IRQHandler                      0x08004c3c   Section        0  stm32f1xx_it.o(i.USART2_IRQHandler)
    i.Uart_Init                              0x08004c4c   Section        0  drv_uart.o(i.Uart_Init)
    i.UsageFault_Handler                     0x08004ca0   Section        0  stm32f1xx_it.o(i.UsageFault_Handler)
    i.__0sprintf                             0x08004ca4   Section        0  printfa.o(i.__0sprintf)
    i.__0vsnprintf                           0x08004ccc   Section        0  printfa.o(i.__0vsnprintf)
    i.__NVIC_GetPriorityGrouping             0x08004d00   Section        0  stm32f1xx_hal_cortex.o(i.__NVIC_GetPriorityGrouping)
    __NVIC_GetPriorityGrouping               0x08004d01   Thumb Code    10  stm32f1xx_hal_cortex.o(i.__NVIC_GetPriorityGrouping)
    i.__NVIC_SetPriority                     0x08004d10   Section        0  stm32f1xx_hal_cortex.o(i.__NVIC_SetPriority)
    __NVIC_SetPriority                       0x08004d11   Thumb Code    32  stm32f1xx_hal_cortex.o(i.__NVIC_SetPriority)
    i.__scatterload_copy                     0x08004d38   Section       14  handlers.o(i.__scatterload_copy)
    i.__scatterload_null                     0x08004d46   Section        2  handlers.o(i.__scatterload_null)
    i.__scatterload_zeroinit                 0x08004d48   Section       14  handlers.o(i.__scatterload_zeroinit)
    i._fp_digits                             0x08004d58   Section        0  printfa.o(i._fp_digits)
    _fp_digits                               0x08004d59   Thumb Code   366  printfa.o(i._fp_digits)
    i._printf_core                           0x08004edc   Section        0  printfa.o(i._printf_core)
    _printf_core                             0x08004edd   Thumb Code  1704  printfa.o(i._printf_core)
    i._printf_post_padding                   0x08005590   Section        0  printfa.o(i._printf_post_padding)
    _printf_post_padding                     0x08005591   Thumb Code    36  printfa.o(i._printf_post_padding)
    i._printf_pre_padding                    0x080055b4   Section        0  printfa.o(i._printf_pre_padding)
    _printf_pre_padding                      0x080055b5   Thumb Code    46  printfa.o(i._printf_pre_padding)
    i._snputc                                0x080055e2   Section        0  printfa.o(i._snputc)
    _snputc                                  0x080055e3   Thumb Code    22  printfa.o(i._snputc)
    i._sputc                                 0x080055f8   Section        0  printfa.o(i._sputc)
    _sputc                                   0x080055f9   Thumb Code    10  printfa.o(i._sputc)
    i.check_sum                              0x08005602   Section        0  protocol.o(i.check_sum)
    i.display_list_char                      0x0800561e   Section        0  uc1609.o(i.display_list_char)
    i.display_one_char                       0x08005658   Section        0  uc1609.o(i.display_one_char)
    i.get_frame_checksum                     0x080056ac   Section        0  protocol.o(i.get_frame_checksum)
    get_frame_checksum                       0x080056ad   Thumb Code    26  protocol.o(i.get_frame_checksum)
    i.get_frame_len                          0x080056c6   Section        0  protocol.o(i.get_frame_len)
    get_frame_len                            0x080056c7   Thumb Code    52  protocol.o(i.get_frame_len)
    i.get_frame_type                         0x080056fa   Section        0  protocol.o(i.get_frame_type)
    get_frame_type                           0x080056fb   Thumb Code    14  protocol.o(i.get_frame_type)
    i.lcd_cls                                0x08005708   Section        0  uc1609.o(i.lcd_cls)
    i.lcd_init                               0x0800572c   Section        0  uc1609.o(i.lcd_init)
    i.lcd_sendcmd                            0x0800577c   Section        0  uc1609.o(i.lcd_sendcmd)
    i.main                                   0x080057ac   Section        0  main.o(i.main)
    i.pid_reset_cmd                          0x080057fc   Section        0  protocol.o(i.pid_reset_cmd)
    i.pid_start_cmd                          0x08005840   Section        0  protocol.o(i.pid_start_cmd)
    i.pid_stop_cmd                           0x08005842   Section        0  protocol.o(i.pid_stop_cmd)
    i.port_send_data_to_computer             0x08005844   Section        0  protocol.o(i.port_send_data_to_computer)
    i.protocol_data_recv                     0x08005868   Section        0  protocol.o(i.protocol_data_recv)
    i.protocol_frame_parse                   0x0800589c   Section        0  protocol.o(i.protocol_frame_parse)
    protocol_frame_parse                     0x0800589d   Thumb Code   442  protocol.o(i.protocol_frame_parse)
    i.protocol_init                          0x08005a5c   Section        0  protocol.o(i.protocol_init)
    i.receiving_process                      0x08005a78   Section        0  protocol.o(i.receiving_process)
    i.recvbuf_find_header                    0x08005bec   Section        0  protocol.o(i.recvbuf_find_header)
    recvbuf_find_header                      0x08005bed   Thumb Code   112  protocol.o(i.recvbuf_find_header)
    i.recvbuf_get_len_to_parse               0x08005c60   Section        0  protocol.o(i.recvbuf_get_len_to_parse)
    recvbuf_get_len_to_parse                 0x08005c61   Thumb Code    34  protocol.o(i.recvbuf_get_len_to_parse)
    i.recvbuf_put_data                       0x08005c82   Section        0  protocol.o(i.recvbuf_put_data)
    recvbuf_put_data                         0x08005c83   Thumb Code    70  protocol.o(i.recvbuf_put_data)
    i.set_computer_value                     0x08005cc8   Section        0  protocol.o(i.set_computer_value)
    i.set_pid_actual_val_cmd                 0x08005d28   Section        0  protocol.o(i.set_pid_actual_val_cmd)
    i.set_pid_paramter_cmd                   0x08005d44   Section        0  protocol.o(i.set_pid_paramter_cmd)
    i.set_pid_period_cmd                     0x08005d54   Section        0  protocol.o(i.set_pid_period_cmd)
    .constdata                               0x08005d56   Section     2016  uc1609.o(.constdata)
    .constdata                               0x08006536   Section       18  stm32f1xx_hal_rcc.o(.constdata)
    aPLLMULFactorTable                       0x08006536   Data          16  stm32f1xx_hal_rcc.o(.constdata)
    aPredivFactorTable                       0x08006546   Data           2  stm32f1xx_hal_rcc.o(.constdata)
    .constdata                               0x08006548   Section       24  system_stm32f1xx.o(.constdata)
    .conststring                             0x08006560   Section      170  system_callback.o(.conststring)
    .data                                    0x20000000   Section        8  mtimer.o(.data)
    .data                                    0x20000008   Section        1  protocol.o(.data)
    .data                                    0x2000000c   Section        4  drv_bluetooth.o(.data)
    .data                                    0x20000010   Section      132  drv_encoder.o(.data)
    .data                                    0x20000094   Section        8  drv_heater.o(.data)
    .data                                    0x2000009c   Section        8  drv_motor.o(.data)
    .data                                    0x200000a4   Section      552  drv_uart.o(.data)
    .data                                    0x200002cc   Section       28  uc1609.o(.data)
    .data                                    0x200002e8   Section       20  max6675.o(.data)
    .data                                    0x200002fc   Section        4  application.o(.data)
    .data                                    0x20000300   Section       28  system_datapool.o(.data)
    .data                                    0x2000031c   Section        9  stm32f1xx_hal.o(.data)
    .data                                    0x20000328   Section        4  system_stm32f1xx.o(.data)
    .bss                                     0x2000032c   Section      150  protocol.o(.bss)
    parser                                   0x2000032c   Data          12  protocol.o(.bss)
    recv_buf                                 0x20000338   Data         128  protocol.o(.bss)
    set_packet                               0x200003b8   Data          10  protocol.o(.bss)
    .bss                                     0x200003c2   Section     1536  uc1609.o(.bss)
    .bss                                     0x200009c2   Section       40  application.o(.bss)
    .bss                                     0x200009ec   Section       36  system_datapool.o(.bss)
    .bss                                     0x20000a10   Section       48  system_callback.o(.bss)
    .bss                                     0x20000a40   Section      224  spi.o(.bss)
    .bss                                     0x20000b20   Section      216  tim.o(.bss)
    .bss                                     0x20000bf8   Section      280  usart.o(.bss)
    STACK                                    0x20000d10   Section     1024  startup_stm32f103xb.o(STACK)

    Global Symbols

    Symbol Name                              Value     Ov Type        Size  Object(Section)

    BuildAttributes$$THM_ISAv4$P$D$K$B$S$PE$A:L22UL41UL21$X:L11$S22US41US21$IEEE1$IW$USESV6$~STKCKD$USESV7$~SHL$OTIME$ROPI$EBA8$MICROLIB$REQ8$PRES8$EABIv2 0x00000000   Number         0  anon$$obj.o ABSOLUTE
    __ARM_use_no_argv                        0x00000000   Number         0  main.o ABSOLUTE
    _printf_a                                0x00000000   Number         0  stubs.o ABSOLUTE
    _printf_c                                0x00000000   Number         0  stubs.o ABSOLUTE
    _printf_charcount                        0x00000000   Number         0  stubs.o ABSOLUTE
    _printf_d                                0x00000000   Number         0  stubs.o ABSOLUTE
    _printf_e                                0x00000000   Number         0  stubs.o ABSOLUTE
    _printf_f                                0x00000000   Number         0  stubs.o ABSOLUTE
    _printf_flags                            0x00000000   Number         0  stubs.o ABSOLUTE
    _printf_fp_dec                           0x00000000   Number         0  stubs.o ABSOLUTE
    _printf_fp_hex                           0x00000000   Number         0  stubs.o ABSOLUTE
    _printf_g                                0x00000000   Number         0  stubs.o ABSOLUTE
    _printf_i                                0x00000000   Number         0  stubs.o ABSOLUTE
    _printf_int_dec                          0x00000000   Number         0  stubs.o ABSOLUTE
    _printf_l                                0x00000000   Number         0  stubs.o ABSOLUTE
    _printf_lc                               0x00000000   Number         0  stubs.o ABSOLUTE
    _printf_ll                               0x00000000   Number         0  stubs.o ABSOLUTE
    _printf_lld                              0x00000000   Number         0  stubs.o ABSOLUTE
    _printf_lli                              0x00000000   Number         0  stubs.o ABSOLUTE
    _printf_llo                              0x00000000   Number         0  stubs.o ABSOLUTE
    _printf_llu                              0x00000000   Number         0  stubs.o ABSOLUTE
    _printf_llx                              0x00000000   Number         0  stubs.o ABSOLUTE
    _printf_longlong_dec                     0x00000000   Number         0  stubs.o ABSOLUTE
    _printf_longlong_hex                     0x00000000   Number         0  stubs.o ABSOLUTE
    _printf_longlong_oct                     0x00000000   Number         0  stubs.o ABSOLUTE
    _printf_ls                               0x00000000   Number         0  stubs.o ABSOLUTE
    _printf_mbtowc                           0x00000000   Number         0  stubs.o ABSOLUTE
    _printf_n                                0x00000000   Number         0  stubs.o ABSOLUTE
    _printf_o                                0x00000000   Number         0  stubs.o ABSOLUTE
    _printf_p                                0x00000000   Number         0  stubs.o ABSOLUTE
    _printf_percent                          0x00000000   Number         0  stubs.o ABSOLUTE
    _printf_pre_padding                      0x00000000   Number         0  stubs.o ABSOLUTE
    _printf_return_value                     0x00000000   Number         0  stubs.o ABSOLUTE
    _printf_s                                0x00000000   Number         0  stubs.o ABSOLUTE
    _printf_sizespec                         0x00000000   Number         0  stubs.o ABSOLUTE
    _printf_str                              0x00000000   Number         0  stubs.o ABSOLUTE
    _printf_truncate_signed                  0x00000000   Number         0  stubs.o ABSOLUTE
    _printf_truncate_unsigned                0x00000000   Number         0  stubs.o ABSOLUTE
    _printf_u                                0x00000000   Number         0  stubs.o ABSOLUTE
    _printf_wc                               0x00000000   Number         0  stubs.o ABSOLUTE
    _printf_wctomb                           0x00000000   Number         0  stubs.o ABSOLUTE
    _printf_widthprec                        0x00000000   Number         0  stubs.o ABSOLUTE
    _printf_x                                0x00000000   Number         0  stubs.o ABSOLUTE
    __arm_fini_                               - Undefined Weak Reference
    __cpp_initialize__aeabi_                  - Undefined Weak Reference
    __cxa_finalize                            - Undefined Weak Reference
    _clock_init                               - Undefined Weak Reference
    _microlib_exit                            - Undefined Weak Reference
    __Vectors_Size                           0x000000ec   Number         0  startup_stm32f103xb.o ABSOLUTE
    __Vectors                                0x08000000   Data           4  startup_stm32f103xb.o(RESET)
    __Vectors_End                            0x080000ec   Data           0  startup_stm32f103xb.o(RESET)
    __main                                   0x080000ed   Thumb Code     0  entry.o(.ARM.Collect$$$$00000000)
    _main_stk                                0x080000ed   Thumb Code     0  entry2.o(.ARM.Collect$$$$00000001)
    _main_scatterload                        0x080000f1   Thumb Code     0  entry5.o(.ARM.Collect$$$$00000004)
    __main_after_scatterload                 0x080000f5   Thumb Code     0  entry5.o(.ARM.Collect$$$$00000004)
    _main_clock                              0x080000f5   Thumb Code     0  entry7b.o(.ARM.Collect$$$$00000008)
    _main_cpp_init                           0x080000f5   Thumb Code     0  entry8b.o(.ARM.Collect$$$$0000000A)
    _main_init                               0x080000f5   Thumb Code     0  entry9a.o(.ARM.Collect$$$$0000000B)
    __rt_lib_shutdown_fini                   0x080000fd   Thumb Code     0  entry12b.o(.ARM.Collect$$$$0000000E)
    __rt_final_cpp                           0x08000101   Thumb Code     0  entry10a.o(.ARM.Collect$$$$0000000F)
    __rt_final_exit                          0x08000101   Thumb Code     0  entry11a.o(.ARM.Collect$$$$00000011)
    Reset_Handler                            0x08000105   Thumb Code     8  startup_stm32f103xb.o(.text)
    ADC1_2_IRQHandler                        0x0800011f   Thumb Code     0  startup_stm32f103xb.o(.text)
    CAN1_RX1_IRQHandler                      0x0800011f   Thumb Code     0  startup_stm32f103xb.o(.text)
    CAN1_SCE_IRQHandler                      0x0800011f   Thumb Code     0  startup_stm32f103xb.o(.text)
    DMA1_Channel1_IRQHandler                 0x0800011f   Thumb Code     0  startup_stm32f103xb.o(.text)
    DMA1_Channel2_IRQHandler                 0x0800011f   Thumb Code     0  startup_stm32f103xb.o(.text)
    DMA1_Channel3_IRQHandler                 0x0800011f   Thumb Code     0  startup_stm32f103xb.o(.text)
    EXTI15_10_IRQHandler                     0x0800011f   Thumb Code     0  startup_stm32f103xb.o(.text)
    EXTI2_IRQHandler                         0x0800011f   Thumb Code     0  startup_stm32f103xb.o(.text)
    EXTI3_IRQHandler                         0x0800011f   Thumb Code     0  startup_stm32f103xb.o(.text)
    EXTI9_5_IRQHandler                       0x0800011f   Thumb Code     0  startup_stm32f103xb.o(.text)
    FLASH_IRQHandler                         0x0800011f   Thumb Code     0  startup_stm32f103xb.o(.text)
    I2C1_ER_IRQHandler                       0x0800011f   Thumb Code     0  startup_stm32f103xb.o(.text)
    I2C1_EV_IRQHandler                       0x0800011f   Thumb Code     0  startup_stm32f103xb.o(.text)
    I2C2_ER_IRQHandler                       0x0800011f   Thumb Code     0  startup_stm32f103xb.o(.text)
    I2C2_EV_IRQHandler                       0x0800011f   Thumb Code     0  startup_stm32f103xb.o(.text)
    PVD_IRQHandler                           0x0800011f   Thumb Code     0  startup_stm32f103xb.o(.text)
    RCC_IRQHandler                           0x0800011f   Thumb Code     0  startup_stm32f103xb.o(.text)
    RTC_Alarm_IRQHandler                     0x0800011f   Thumb Code     0  startup_stm32f103xb.o(.text)
    RTC_IRQHandler                           0x0800011f   Thumb Code     0  startup_stm32f103xb.o(.text)
    SPI1_IRQHandler                          0x0800011f   Thumb Code     0  startup_stm32f103xb.o(.text)
    TAMPER_IRQHandler                        0x0800011f   Thumb Code     0  startup_stm32f103xb.o(.text)
    TIM1_BRK_IRQHandler                      0x0800011f   Thumb Code     0  startup_stm32f103xb.o(.text)
    TIM1_CC_IRQHandler                       0x0800011f   Thumb Code     0  startup_stm32f103xb.o(.text)
    TIM1_TRG_COM_IRQHandler                  0x0800011f   Thumb Code     0  startup_stm32f103xb.o(.text)
    TIM4_IRQHandler                          0x0800011f   Thumb Code     0  startup_stm32f103xb.o(.text)
    USART3_IRQHandler                        0x0800011f   Thumb Code     0  startup_stm32f103xb.o(.text)
    USBWakeUp_IRQHandler                     0x0800011f   Thumb Code     0  startup_stm32f103xb.o(.text)
    USB_HP_CAN1_TX_IRQHandler                0x0800011f   Thumb Code     0  startup_stm32f103xb.o(.text)
    USB_LP_CAN1_RX0_IRQHandler               0x0800011f   Thumb Code     0  startup_stm32f103xb.o(.text)
    WWDG_IRQHandler                          0x0800011f   Thumb Code     0  startup_stm32f103xb.o(.text)
    __aeabi_llsr                             0x08000129   Thumb Code    32  llushr.o(.text)
    _ll_ushift_r                             0x08000129   Thumb Code     0  llushr.o(.text)
    __aeabi_memcpy                           0x08000149   Thumb Code    36  memcpya.o(.text)
    __aeabi_memcpy4                          0x08000149   Thumb Code     0  memcpya.o(.text)
    __aeabi_memcpy8                          0x08000149   Thumb Code     0  memcpya.o(.text)
    __aeabi_memset                           0x0800016d   Thumb Code    14  memseta.o(.text)
    __aeabi_memset4                          0x0800016d   Thumb Code     0  memseta.o(.text)
    __aeabi_memset8                          0x0800016d   Thumb Code     0  memseta.o(.text)
    __aeabi_memclr                           0x0800017b   Thumb Code     4  memseta.o(.text)
    __aeabi_memclr4                          0x0800017b   Thumb Code     0  memseta.o(.text)
    __aeabi_memclr8                          0x0800017b   Thumb Code     0  memseta.o(.text)
    _memset$wrapper                          0x0800017f   Thumb Code    18  memseta.o(.text)
    strlen                                   0x08000191   Thumb Code    14  strlen.o(.text)
    __aeabi_fadd                             0x0800019f   Thumb Code   164  fadd.o(.text)
    __aeabi_fsub                             0x08000243   Thumb Code     6  fadd.o(.text)
    __aeabi_frsub                            0x08000249   Thumb Code     6  fadd.o(.text)
    __aeabi_fmul                             0x0800024f   Thumb Code   100  fmul.o(.text)
    __aeabi_i2f                              0x080002b3   Thumb Code    18  fflti.o(.text)
    __aeabi_ui2f                             0x080002c5   Thumb Code    10  ffltui.o(.text)
    __aeabi_f2uiz                            0x080002cf   Thumb Code    40  ffixui.o(.text)
    __aeabi_cfcmpeq                          0x080002f9   Thumb Code     0  cfcmple.o(.text)
    __aeabi_cfcmple                          0x080002f9   Thumb Code    20  cfcmple.o(.text)
    __aeabi_cfrcmple                         0x0800030d   Thumb Code    20  cfrcmple.o(.text)
    __aeabi_uidiv                            0x08000321   Thumb Code     0  uidiv.o(.text)
    __aeabi_uidivmod                         0x08000321   Thumb Code    44  uidiv.o(.text)
    __aeabi_uldivmod                         0x0800034d   Thumb Code    98  uldiv.o(.text)
    __I$use$fp                               0x080003af   Thumb Code     0  iusefp.o(.text)
    _float_round                             0x080003af   Thumb Code    18  fepilogue.o(.text)
    _float_epilogue                          0x080003c1   Thumb Code    92  fepilogue.o(.text)
    __aeabi_dadd                             0x0800041d   Thumb Code   322  dadd.o(.text)
    __aeabi_dsub                             0x0800055f   Thumb Code     6  dadd.o(.text)
    __aeabi_drsub                            0x08000565   Thumb Code     6  dadd.o(.text)
    __aeabi_dmul                             0x0800056b   Thumb Code   228  dmul.o(.text)
    __aeabi_ddiv                             0x0800064f   Thumb Code   222  ddiv.o(.text)
    __aeabi_d2ulz                            0x0800072d   Thumb Code    48  dfixul.o(.text)
    __aeabi_cdrcmple                         0x0800075d   Thumb Code    48  cdrcmple.o(.text)
    __scatterload                            0x0800078d   Thumb Code    28  init.o(.text)
    __scatterload_rt2                        0x0800078d   Thumb Code     0  init.o(.text)
    __aeabi_llsl                             0x080007b1   Thumb Code    30  llshl.o(.text)
    _ll_shift_l                              0x080007b1   Thumb Code     0  llshl.o(.text)
    __aeabi_lasr                             0x080007cf   Thumb Code    36  llsshr.o(.text)
    _ll_sshift_r                             0x080007cf   Thumb Code     0  llsshr.o(.text)
    _double_round                            0x080007f3   Thumb Code    30  depilogue.o(.text)
    _double_epilogue                         0x08000811   Thumb Code   156  depilogue.o(.text)
    __decompress                             0x080008ad   Thumb Code     0  __dczerorl2.o(.text)
    __decompress1                            0x080008ad   Thumb Code    86  __dczerorl2.o(.text)
    BusFault_Handler                         0x08000903   Thumb Code     4  stm32f1xx_it.o(i.BusFault_Handler)
    DMA1_Channel4_IRQHandler                 0x08000909   Thumb Code    10  stm32f1xx_it.o(i.DMA1_Channel4_IRQHandler)
    DMA1_Channel5_IRQHandler                 0x08000919   Thumb Code    10  stm32f1xx_it.o(i.DMA1_Channel5_IRQHandler)
    DMA1_Channel6_IRQHandler                 0x08000929   Thumb Code    10  stm32f1xx_it.o(i.DMA1_Channel6_IRQHandler)
    DMA1_Channel7_IRQHandler                 0x08000939   Thumb Code    10  stm32f1xx_it.o(i.DMA1_Channel7_IRQHandler)
    DebugMon_Handler                         0x08000975   Thumb Code     2  stm32f1xx_it.o(i.DebugMon_Handler)
    Debug_Log                                0x08000979   Thumb Code    58  system_debug.o(i.Debug_Log)
    Drv_Bluetooth_Init                       0x080009b9   Thumb Code    12  drv_bluetooth.o(i.Drv_Bluetooth_Init)
    Drv_Heater_Init                          0x080009c9   Thumb Code    82  drv_heater.o(i.Drv_Heater_Init)
    Drv_Heater_SetPower                      0x08000a21   Thumb Code    62  drv_heater.o(i.Drv_Heater_SetPower)
    Drv_Lcd_Init                             0x08000a65   Thumb Code   144  drv_lcd.o(i.Drv_Lcd_Init)
    Drv_Motor_Init                           0x08000b4d   Thumb Code    82  drv_motor.o(i.Drv_Motor_Init)
    Drv_Motor_SetSpeed                       0x08000ba5   Thumb Code    62  drv_motor.o(i.Drv_Motor_SetSpeed)
    Drv_Sensor_Update                        0x08000be9   Thumb Code    22  drv_sensor.o(i.Drv_Sensor_Update)
    EXTI0_IRQHandler                         0x08000c09   Thumb Code    10  stm32f1xx_it.o(i.EXTI0_IRQHandler)
    EXTI1_IRQHandler                         0x08000c13   Thumb Code    10  stm32f1xx_it.o(i.EXTI1_IRQHandler)
    EXTI4_IRQHandler                         0x08000c1d   Thumb Code    10  stm32f1xx_it.o(i.EXTI4_IRQHandler)
    Encoder_Handler                          0x08000c29   Thumb Code   124  drv_encoder.o(i.Encoder_Handler)
    Encoder_Key_Check                        0x08000cbd   Thumb Code   106  drv_encoder.o(i.Encoder_Key_Check)
    Error_Handler                            0x08000d31   Thumb Code     6  main.o(i.Error_Handler)
    HAL_DMA_Abort                            0x08000d37   Thumb Code    86  stm32f1xx_hal_dma.o(i.HAL_DMA_Abort)
    HAL_DMA_Abort_IT                         0x08000d8d   Thumb Code   172  stm32f1xx_hal_dma.o(i.HAL_DMA_Abort_IT)
    HAL_DMA_IRQHandler                       0x08000e3d   Thumb Code   408  stm32f1xx_hal_dma.o(i.HAL_DMA_IRQHandler)
    HAL_DMA_Init                             0x08000fd9   Thumb Code   100  stm32f1xx_hal_dma.o(i.HAL_DMA_Init)
    HAL_DMA_Start_IT                         0x08001041   Thumb Code   156  stm32f1xx_hal_dma.o(i.HAL_DMA_Start_IT)
    HAL_Delay                                0x080010dd   Thumb Code    36  stm32f1xx_hal.o(i.HAL_Delay)
    HAL_GPIO_EXTI_Callback                   0x08001105   Thumb Code   776  drv_encoder.o(i.HAL_GPIO_EXTI_Callback)
    HAL_GPIO_EXTI_IRQHandler                 0x08001419   Thumb Code    24  stm32f1xx_hal_gpio.o(i.HAL_GPIO_EXTI_IRQHandler)
    HAL_GPIO_Init                            0x08001435   Thumb Code   766  stm32f1xx_hal_gpio.o(i.HAL_GPIO_Init)
    HAL_GPIO_ReadPin                         0x08001755   Thumb Code    16  stm32f1xx_hal_gpio.o(i.HAL_GPIO_ReadPin)
    HAL_GPIO_WritePin                        0x08001765   Thumb Code    12  stm32f1xx_hal_gpio.o(i.HAL_GPIO_WritePin)
    HAL_GetTick                              0x08001771   Thumb Code     6  stm32f1xx_hal.o(i.HAL_GetTick)
    HAL_IncTick                              0x0800177d   Thumb Code    16  stm32f1xx_hal.o(i.HAL_IncTick)
    HAL_Init                                 0x08001795   Thumb Code    34  stm32f1xx_hal.o(i.HAL_Init)
    HAL_InitTick                             0x080017bd   Thumb Code    64  stm32f1xx_hal.o(i.HAL_InitTick)
    HAL_MspInit                              0x08001809   Thumb Code    76  stm32f1xx_hal_msp.o(i.HAL_MspInit)
    HAL_NVIC_EnableIRQ                       0x0800185d   Thumb Code    32  stm32f1xx_hal_cortex.o(i.HAL_NVIC_EnableIRQ)
    HAL_NVIC_SetPriority                     0x0800187d   Thumb Code   124  stm32f1xx_hal_cortex.o(i.HAL_NVIC_SetPriority)
    HAL_NVIC_SetPriorityGrouping             0x080018f9   Thumb Code    32  stm32f1xx_hal_cortex.o(i.HAL_NVIC_SetPriorityGrouping)
    HAL_RCC_ClockConfig                      0x08001921   Thumb Code   376  stm32f1xx_hal_rcc.o(i.HAL_RCC_ClockConfig)
    HAL_RCC_GetHCLKFreq                      0x08001aad   Thumb Code     6  stm32f1xx_hal_rcc.o(i.HAL_RCC_GetHCLKFreq)
    HAL_RCC_GetPCLK1Freq                     0x08001ab9   Thumb Code    22  stm32f1xx_hal_rcc.o(i.HAL_RCC_GetPCLK1Freq)
    HAL_RCC_GetPCLK2Freq                     0x08001ad9   Thumb Code    22  stm32f1xx_hal_rcc.o(i.HAL_RCC_GetPCLK2Freq)
    HAL_RCC_GetSysClockFreq                  0x08001af9   Thumb Code    92  stm32f1xx_hal_rcc.o(i.HAL_RCC_GetSysClockFreq)
    HAL_RCC_OscConfig                        0x08001b69   Thumb Code  1114  stm32f1xx_hal_rcc.o(i.HAL_RCC_OscConfig)
    HAL_SPI_ErrorCallback                    0x08001fcd   Thumb Code     2  stm32f1xx_hal_spi.o(i.HAL_SPI_ErrorCallback)
    HAL_SPI_GetState                         0x08001fcf   Thumb Code     8  stm32f1xx_hal_spi.o(i.HAL_SPI_GetState)
    HAL_SPI_IRQHandler                       0x08001fd9   Thumb Code   304  stm32f1xx_hal_spi.o(i.HAL_SPI_IRQHandler)
    HAL_SPI_Init                             0x0800210d   Thumb Code   190  stm32f1xx_hal_spi.o(i.HAL_SPI_Init)
    HAL_SPI_MspInit                          0x080021cd   Thumb Code   242  spi.o(i.HAL_SPI_MspInit)
    HAL_SPI_Transmit                         0x080022d9   Thumb Code   446  stm32f1xx_hal_spi.o(i.HAL_SPI_Transmit)
    HAL_SPI_TransmitReceive                  0x08002497   Thumb Code   584  stm32f1xx_hal_spi.o(i.HAL_SPI_TransmitReceive)
    HAL_SPI_Transmit_DMA                     0x080026e1   Thumb Code   238  stm32f1xx_hal_spi.o(i.HAL_SPI_Transmit_DMA)
    HAL_SPI_TxCpltCallback                   0x080027dd   Thumb Code     2  stm32f1xx_hal_spi.o(i.HAL_SPI_TxCpltCallback)
    HAL_SPI_TxHalfCpltCallback               0x080027df   Thumb Code     2  stm32f1xx_hal_spi.o(i.HAL_SPI_TxHalfCpltCallback)
    HAL_SYSTICK_Config                       0x080027e1   Thumb Code    52  stm32f1xx_hal_cortex.o(i.HAL_SYSTICK_Config)
    HAL_TIMEx_BreakCallback                  0x08002815   Thumb Code     2  stm32f1xx_hal_tim_ex.o(i.HAL_TIMEx_BreakCallback)
    HAL_TIMEx_CommutCallback                 0x08002817   Thumb Code     2  stm32f1xx_hal_tim_ex.o(i.HAL_TIMEx_CommutCallback)
    HAL_TIMEx_MasterConfigSynchronization    0x08002819   Thumb Code   118  stm32f1xx_hal_tim_ex.o(i.HAL_TIMEx_MasterConfigSynchronization)
    HAL_TIM_Base_Init                        0x0800289d   Thumb Code   102  stm32f1xx_hal_tim.o(i.HAL_TIM_Base_Init)
    HAL_TIM_Base_MspInit                     0x08002905   Thumb Code   166  tim.o(i.HAL_TIM_Base_MspInit)
    HAL_TIM_Base_Start                       0x080029b9   Thumb Code    94  stm32f1xx_hal_tim.o(i.HAL_TIM_Base_Start)
    HAL_TIM_ConfigClockSource                0x08002a25   Thumb Code   268  stm32f1xx_hal_tim.o(i.HAL_TIM_ConfigClockSource)
    HAL_TIM_IC_CaptureCallback               0x08002b31   Thumb Code     2  stm32f1xx_hal_tim.o(i.HAL_TIM_IC_CaptureCallback)
    HAL_TIM_IRQHandler                       0x08002b33   Thumb Code   364  stm32f1xx_hal_tim.o(i.HAL_TIM_IRQHandler)
    HAL_TIM_MspPostInit                      0x08002ca1   Thumb Code   150  tim.o(i.HAL_TIM_MspPostInit)
    HAL_TIM_OC_DelayElapsedCallback          0x08002d4d   Thumb Code     2  stm32f1xx_hal_tim.o(i.HAL_TIM_OC_DelayElapsedCallback)
    HAL_TIM_PWM_ConfigChannel                0x08002d4f   Thumb Code   260  stm32f1xx_hal_tim.o(i.HAL_TIM_PWM_ConfigChannel)
    HAL_TIM_PWM_Init                         0x08002e53   Thumb Code   102  stm32f1xx_hal_tim.o(i.HAL_TIM_PWM_Init)
    HAL_TIM_PWM_MspInit                      0x08002eb9   Thumb Code     2  stm32f1xx_hal_tim.o(i.HAL_TIM_PWM_MspInit)
    HAL_TIM_PWM_PulseFinishedCallback        0x08002ebb   Thumb Code     2  stm32f1xx_hal_tim.o(i.HAL_TIM_PWM_PulseFinishedCallback)
    HAL_TIM_PWM_Start                        0x08002ebd   Thumb Code   198  stm32f1xx_hal_tim.o(i.HAL_TIM_PWM_Start)
    HAL_TIM_PeriodElapsedCallback            0x08002f91   Thumb Code    40  system_callback.o(i.HAL_TIM_PeriodElapsedCallback)
    HAL_TIM_TriggerCallback                  0x08002fbd   Thumb Code     2  stm32f1xx_hal_tim.o(i.HAL_TIM_TriggerCallback)
    HAL_UARTEx_ReceiveToIdle_DMA             0x08002fbf   Thumb Code   112  stm32f1xx_hal_uart.o(i.HAL_UARTEx_ReceiveToIdle_DMA)
    HAL_UARTEx_ReceiveToIdle_IT              0x0800302f   Thumb Code   114  stm32f1xx_hal_uart.o(i.HAL_UARTEx_ReceiveToIdle_IT)
    HAL_UARTEx_RxEventCallback               0x080030a1   Thumb Code    44  system_callback.o(i.HAL_UARTEx_RxEventCallback)
    HAL_UART_ErrorCallback                   0x080030d1   Thumb Code     2  stm32f1xx_hal_uart.o(i.HAL_UART_ErrorCallback)
    HAL_UART_IRQHandler                      0x080030d5   Thumb Code   736  stm32f1xx_hal_uart.o(i.HAL_UART_IRQHandler)
    HAL_UART_Init                            0x080033b9   Thumb Code   118  stm32f1xx_hal_uart.o(i.HAL_UART_Init)
    HAL_UART_MspInit                         0x08003431   Thumb Code   358  usart.o(i.HAL_UART_MspInit)
    HAL_UART_RxCpltCallback                  0x080035b5   Thumb Code     2  stm32f1xx_hal_uart.o(i.HAL_UART_RxCpltCallback)
    HAL_UART_RxHalfCpltCallback              0x080035b7   Thumb Code     2  stm32f1xx_hal_uart.o(i.HAL_UART_RxHalfCpltCallback)
    HAL_UART_Transmit                        0x080035b9   Thumb Code   190  stm32f1xx_hal_uart.o(i.HAL_UART_Transmit)
    HAL_UART_Transmit_DMA                    0x08003679   Thumb Code   128  stm32f1xx_hal_uart.o(i.HAL_UART_Transmit_DMA)
    HAL_UART_TxCpltCallback                  0x08003705   Thumb Code     2  stm32f1xx_hal_uart.o(i.HAL_UART_TxCpltCallback)
    HAL_UART_TxHalfCpltCallback              0x08003707   Thumb Code     2  stm32f1xx_hal_uart.o(i.HAL_UART_TxHalfCpltCallback)
    HardFault_Handler                        0x08003709   Thumb Code     4  stm32f1xx_it.o(i.HardFault_Handler)
    MTimer_Callback                          0x0800370d   Thumb Code    14  mtimer.o(i.MTimer_Callback)
    MTimer_Init                              0x08003725   Thumb Code    36  mtimer.o(i.MTimer_Init)
    MX_DMA_Init                              0x08003761   Thumb Code    96  dma.o(i.MX_DMA_Init)
    MX_GPIO_Init                             0x080037c5   Thumb Code   380  gpio.o(i.MX_GPIO_Init)
    MX_SPI2_Init                             0x08003959   Thumb Code    60  spi.o(i.MX_SPI2_Init)
    MX_TIM1_Init                             0x0800399d   Thumb Code   106  tim.o(i.MX_TIM1_Init)
    MX_TIM2_Init                             0x08003a11   Thumb Code   156  tim.o(i.MX_TIM2_Init)
    MX_TIM3_Init                             0x08003ab1   Thumb Code   154  tim.o(i.MX_TIM3_Init)
    MX_USART1_UART_Init                      0x08003b55   Thumb Code    46  usart.o(i.MX_USART1_UART_Init)
    MX_USART2_UART_Init                      0x08003b8d   Thumb Code    46  usart.o(i.MX_USART2_UART_Init)
    MemManage_Handler                        0x08003bc5   Thumb Code     4  stm32f1xx_it.o(i.MemManage_Handler)
    NMI_Handler                              0x08003bc9   Thumb Code     4  stm32f1xx_it.o(i.NMI_Handler)
    PID_Calculate                            0x08003bcd   Thumb Code   152  pid.o(i.PID_Calculate)
    PID_Init                                 0x08003c69   Thumb Code    26  pid.o(i.PID_Init)
    PendSV_Handler                           0x08003c83   Thumb Code     2  stm32f1xx_it.o(i.PendSV_Handler)
    ReadThermoCouple                         0x08003cad   Thumb Code    70  max6675.o(i.ReadThermoCouple)
    SPI2_IRQHandler                          0x08003cf5   Thumb Code    10  stm32f1xx_it.o(i.SPI2_IRQHandler)
    SVC_Handler                              0x08003f19   Thumb Code     2  stm32f1xx_it.o(i.SVC_Handler)
    SysTick_Handler                          0x08003f1b   Thumb Code     8  stm32f1xx_it.o(i.SysTick_Handler)
    Sys_Init                                 0x08003f25   Thumb Code    44  application.o(i.Sys_Init)
    Sys_Task                                 0x08003f5d   Thumb Code   302  application.o(i.Sys_Task)
    SystemClock_Config                       0x080040cd   Thumb Code   102  main.o(i.SystemClock_Config)
    SystemInit                               0x08004133   Thumb Code     2  system_stm32f1xx.o(i.SystemInit)
    TIM1_UP_IRQHandler                       0x08004135   Thumb Code    10  stm32f1xx_it.o(i.TIM1_UP_IRQHandler)
    TIM2_IRQHandler                          0x08004145   Thumb Code    10  stm32f1xx_it.o(i.TIM2_IRQHandler)
    TIM3_IRQHandler                          0x08004155   Thumb Code    10  stm32f1xx_it.o(i.TIM3_IRQHandler)
    TIM_Base_SetConfig                       0x08004165   Thumb Code   120  stm32f1xx_hal_tim.o(i.TIM_Base_SetConfig)
    TIM_CCxChannelCmd                        0x080041e9   Thumb Code    34  stm32f1xx_hal_tim.o(i.TIM_CCxChannelCmd)
    TIM_ETR_SetConfig                        0x0800420b   Thumb Code    22  stm32f1xx_hal_tim.o(i.TIM_ETR_SetConfig)
    TIM_OC2_SetConfig                        0x08004295   Thumb Code   100  stm32f1xx_hal_tim.o(i.TIM_OC2_SetConfig)
    TIM_PERIOD_ELAPSED_CALLBACK_Register     0x080043ad   Thumb Code   106  system_callback.o(i.TIM_PERIOD_ELAPSED_CALLBACK_Register)
    UART1_RxCallback                         0x080044a5   Thumb Code    60  drv_uart.o(i.UART1_RxCallback)
    UART2_RxCallback                         0x080044e9   Thumb Code    66  drv_uart.o(i.UART2_RxCallback)
    UARTEx_RX_EVENT_CALLBACK_Register        0x08004531   Thumb Code   106  system_callback.o(i.UARTEx_RX_EVENT_CALLBACK_Register)
    UART_Send_Byte                           0x08004925   Thumb Code    18  drv_uart.o(i.UART_Send_Byte)
    UART_Start_Receive_DMA                   0x08004a39   Thumb Code   186  stm32f1xx_hal_uart.o(i.UART_Start_Receive_DMA)
    UART_Start_Receive_IT                    0x08004b01   Thumb Code    64  stm32f1xx_hal_uart.o(i.UART_Start_Receive_IT)
    USART1_IRQHandler                        0x08004c2d   Thumb Code    10  stm32f1xx_it.o(i.USART1_IRQHandler)
    USART2_IRQHandler                        0x08004c3d   Thumb Code    10  stm32f1xx_it.o(i.USART2_IRQHandler)
    Uart_Init                                0x08004c4d   Thumb Code    68  drv_uart.o(i.Uart_Init)
    UsageFault_Handler                       0x08004ca1   Thumb Code     4  stm32f1xx_it.o(i.UsageFault_Handler)
    __0sprintf                               0x08004ca5   Thumb Code    34  printfa.o(i.__0sprintf)
    __1sprintf                               0x08004ca5   Thumb Code     0  printfa.o(i.__0sprintf)
    __2sprintf                               0x08004ca5   Thumb Code     0  printfa.o(i.__0sprintf)
    __c89sprintf                             0x08004ca5   Thumb Code     0  printfa.o(i.__0sprintf)
    sprintf                                  0x08004ca5   Thumb Code     0  printfa.o(i.__0sprintf)
    __0vsnprintf                             0x08004ccd   Thumb Code    46  printfa.o(i.__0vsnprintf)
    __1vsnprintf                             0x08004ccd   Thumb Code     0  printfa.o(i.__0vsnprintf)
    __2vsnprintf                             0x08004ccd   Thumb Code     0  printfa.o(i.__0vsnprintf)
    __c89vsnprintf                           0x08004ccd   Thumb Code     0  printfa.o(i.__0vsnprintf)
    vsnprintf                                0x08004ccd   Thumb Code     0  printfa.o(i.__0vsnprintf)
    __scatterload_copy                       0x08004d39   Thumb Code    14  handlers.o(i.__scatterload_copy)
    __scatterload_null                       0x08004d47   Thumb Code     2  handlers.o(i.__scatterload_null)
    __scatterload_zeroinit                   0x08004d49   Thumb Code    14  handlers.o(i.__scatterload_zeroinit)
    check_sum                                0x08005603   Thumb Code    28  protocol.o(i.check_sum)
    display_list_char                        0x0800561f   Thumb Code    56  uc1609.o(i.display_list_char)
    display_one_char                         0x08005659   Thumb Code    74  uc1609.o(i.display_one_char)
    lcd_cls                                  0x08005709   Thumb Code    30  uc1609.o(i.lcd_cls)
    lcd_init                                 0x0800572d   Thumb Code    76  uc1609.o(i.lcd_init)
    lcd_sendcmd                              0x0800577d   Thumb Code    42  uc1609.o(i.lcd_sendcmd)
    main                                     0x080057ad   Thumb Code    74  main.o(i.main)
    pid_reset_cmd                            0x080057fd   Thumb Code    60  protocol.o(i.pid_reset_cmd)
    pid_start_cmd                            0x08005841   Thumb Code     2  protocol.o(i.pid_start_cmd)
    pid_stop_cmd                             0x08005843   Thumb Code     2  protocol.o(i.pid_stop_cmd)
    port_send_data_to_computer               0x08005845   Thumb Code    36  protocol.o(i.port_send_data_to_computer)
    protocol_data_recv                       0x08005869   Thumb Code    46  protocol.o(i.protocol_data_recv)
    protocol_init                            0x08005a5d   Thumb Code    20  protocol.o(i.protocol_init)
    receiving_process                        0x08005a79   Thumb Code   368  protocol.o(i.receiving_process)
    set_computer_value                       0x08005cc9   Thumb Code    88  protocol.o(i.set_computer_value)
    set_pid_actual_val_cmd                   0x08005d29   Thumb Code    22  protocol.o(i.set_pid_actual_val_cmd)
    set_pid_paramter_cmd                     0x08005d45   Thumb Code    10  protocol.o(i.set_pid_paramter_cmd)
    set_pid_period_cmd                       0x08005d55   Thumb Code     2  protocol.o(i.set_pid_period_cmd)
    Font5x8                                  0x08005d56   Data         480  uc1609.o(.constdata)
    Font816                                  0x08005f36   Data        1536  uc1609.o(.constdata)
    AHBPrescTable                            0x08006548   Data          16  system_stm32f1xx.o(.constdata)
    APBPrescTable                            0x08006558   Data           8  system_stm32f1xx.o(.constdata)
    Region$$Table$$Base                      0x0800660c   Number         0  anon$$obj.o(Region$$Table)
    Region$$Table$$Limit                     0x0800662c   Number         0  anon$$obj.o(Region$$Table)
    MTimer_Flag                              0x20000000   Data           1  mtimer.o(.data)
    TIM_PeriodElapsedCallback                0x20000004   Data           4  mtimer.o(.data)
    cmd_type                                 0x20000008   Data           1  protocol.o(.data)
    Bluetooth_Uart                           0x2000000c   Data           4  drv_bluetooth.o(.data)
    ENCODE_Motor                             0x20000010   Data          64  drv_encoder.o(.data)
    ENCODE_Heater                            0x20000050   Data          64  drv_encoder.o(.data)
    current_time                             0x20000090   Data           4  drv_encoder.o(.data)
    Heater                                   0x20000094   Data           8  drv_heater.o(.data)
    Motor                                    0x2000009c   Data           8  drv_motor.o(.data)
    Uart1                                    0x200000a4   Data         276  drv_uart.o(.data)
    Uart2                                    0x200001b8   Data         276  drv_uart.o(.data)
    Lcd_Spi                                  0x200002cc   Data          28  uc1609.o(.data)
    thermo                                   0x200002e8   Data          20  max6675.o(.data)
    Debug_UART                               0x200002fc   Data           4  application.o(.data)
    NowTempture                              0x20000300   Data           4  system_datapool.o(.data)
    DesTempture                              0x20000304   Data           4  system_datapool.o(.data)
    NowSpeed                                 0x20000308   Data           2  system_datapool.o(.data)
    DesSpeed                                 0x2000030a   Data           2  system_datapool.o(.data)
    Motor_Lock                               0x2000030c   Data           1  system_datapool.o(.data)
    Heater_Lock                              0x2000030d   Data           1  system_datapool.o(.data)
    Heater_p                                 0x20000310   Data           4  system_datapool.o(.data)
    Heater_i                                 0x20000314   Data           4  system_datapool.o(.data)
    Heater_d                                 0x20000318   Data           4  system_datapool.o(.data)
    uwTick                                   0x2000031c   Data           4  stm32f1xx_hal.o(.data)
    uwTickPrio                               0x20000320   Data           4  stm32f1xx_hal.o(.data)
    uwTickFreq                               0x20000324   Data           1  stm32f1xx_hal.o(.data)
    SystemCoreClock                          0x20000328   Data           4  system_stm32f1xx.o(.data)
    disp_buf                                 0x200003c2   Data        1536  uc1609.o(.bss)
    DesSpeedStr                              0x200009c2   Data          10  application.o(.bss)
    DesTemptureStr                           0x200009cc   Data          10  application.o(.bss)
    NowSpeedStr                              0x200009d6   Data          10  application.o(.bss)
    NowTemptureStr                           0x200009e0   Data          10  application.o(.bss)
    Heater_pid                               0x200009ec   Data          36  system_datapool.o(.bss)
    TIM_PeriodElapsedCallback_TASK           0x20000a10   Data          16  system_callback.o(.bss)
    UARTEx_RxEventCallback_TASK              0x20000a20   Data          32  system_callback.o(.bss)
    hspi2                                    0x20000a40   Data          88  spi.o(.bss)
    hdma_spi2_rx                             0x20000a98   Data          68  spi.o(.bss)
    hdma_spi2_tx                             0x20000adc   Data          68  spi.o(.bss)
    htim1                                    0x20000b20   Data          72  tim.o(.bss)
    htim2                                    0x20000b68   Data          72  tim.o(.bss)
    htim3                                    0x20000bb0   Data          72  tim.o(.bss)
    huart1                                   0x20000bf8   Data          72  usart.o(.bss)
    huart2                                   0x20000c40   Data          72  usart.o(.bss)
    hdma_usart2_rx                           0x20000c88   Data          68  usart.o(.bss)
    hdma_usart2_tx                           0x20000ccc   Data          68  usart.o(.bss)
    __initial_sp                             0x20001110   Data           0  startup_stm32f103xb.o(STACK)



==============================================================================

Memory Map of the image

  Image Entry point : 0x080000ed

  Load Region LR_IROM1 (Base: 0x08000000, Size: 0x00006958, Max: 0x00010000, ABSOLUTE, COMPRESSED[0x000066b0])

    Execution Region ER_IROM1 (Exec base: 0x08000000, Load base: 0x08000000, Size: 0x0000662c, Max: 0x00010000, ABSOLUTE)

    Exec Addr    Load Addr    Size         Type   Attr      Idx    E Section Name        Object

    0x08000000   0x08000000   0x000000ec   Data   RO            3    RESET               startup_stm32f103xb.o
    0x080000ec   0x080000ec   0x00000000   Code   RO         4204  * .ARM.Collect$$$$00000000  mc_w.l(entry.o)
    0x080000ec   0x080000ec   0x00000004   Code   RO         4492    .ARM.Collect$$$$00000001  mc_w.l(entry2.o)
    0x080000f0   0x080000f0   0x00000004   Code   RO         4495    .ARM.Collect$$$$00000004  mc_w.l(entry5.o)
    0x080000f4   0x080000f4   0x00000000   Code   RO         4497    .ARM.Collect$$$$00000008  mc_w.l(entry7b.o)
    0x080000f4   0x080000f4   0x00000000   Code   RO         4499    .ARM.Collect$$$$0000000A  mc_w.l(entry8b.o)
    0x080000f4   0x080000f4   0x00000008   Code   RO         4500    .ARM.Collect$$$$0000000B  mc_w.l(entry9a.o)
    0x080000fc   0x080000fc   0x00000004   Code   RO         4507    .ARM.Collect$$$$0000000E  mc_w.l(entry12b.o)
    0x08000100   0x08000100   0x00000000   Code   RO         4502    .ARM.Collect$$$$0000000F  mc_w.l(entry10a.o)
    0x08000100   0x08000100   0x00000000   Code   RO         4504    .ARM.Collect$$$$00000011  mc_w.l(entry11a.o)
    0x08000100   0x08000100   0x00000004   Code   RO         4493    .ARM.Collect$$$$00002712  mc_w.l(entry2.o)
    0x08000104   0x08000104   0x00000024   Code   RO            4    .text               startup_stm32f103xb.o
    0x08000128   0x08000128   0x00000020   Code   RO         4207    .text               mc_w.l(llushr.o)
    0x08000148   0x08000148   0x00000024   Code   RO         4209    .text               mc_w.l(memcpya.o)
    0x0800016c   0x0800016c   0x00000024   Code   RO         4211    .text               mc_w.l(memseta.o)
    0x08000190   0x08000190   0x0000000e   Code   RO         4213    .text               mc_w.l(strlen.o)
    0x0800019e   0x0800019e   0x000000b0   Code   RO         4478    .text               mf_w.l(fadd.o)
    0x0800024e   0x0800024e   0x00000064   Code   RO         4480    .text               mf_w.l(fmul.o)
    0x080002b2   0x080002b2   0x00000012   Code   RO         4482    .text               mf_w.l(fflti.o)
    0x080002c4   0x080002c4   0x0000000a   Code   RO         4484    .text               mf_w.l(ffltui.o)
    0x080002ce   0x080002ce   0x00000028   Code   RO         4486    .text               mf_w.l(ffixui.o)
    0x080002f6   0x080002f6   0x00000002   PAD
    0x080002f8   0x080002f8   0x00000014   Code   RO         4488    .text               mf_w.l(cfcmple.o)
    0x0800030c   0x0800030c   0x00000014   Code   RO         4490    .text               mf_w.l(cfrcmple.o)
    0x08000320   0x08000320   0x0000002c   Code   RO         4509    .text               mc_w.l(uidiv.o)
    0x0800034c   0x0800034c   0x00000062   Code   RO         4511    .text               mc_w.l(uldiv.o)
    0x080003ae   0x080003ae   0x00000000   Code   RO         4513    .text               mc_w.l(iusefp.o)
    0x080003ae   0x080003ae   0x0000006e   Code   RO         4514    .text               mf_w.l(fepilogue.o)
    0x0800041c   0x0800041c   0x0000014e   Code   RO         4516    .text               mf_w.l(dadd.o)
    0x0800056a   0x0800056a   0x000000e4   Code   RO         4518    .text               mf_w.l(dmul.o)
    0x0800064e   0x0800064e   0x000000de   Code   RO         4520    .text               mf_w.l(ddiv.o)
    0x0800072c   0x0800072c   0x00000030   Code   RO         4522    .text               mf_w.l(dfixul.o)
    0x0800075c   0x0800075c   0x00000030   Code   RO         4524    .text               mf_w.l(cdrcmple.o)
    0x0800078c   0x0800078c   0x00000024   Code   RO         4526    .text               mc_w.l(init.o)
    0x080007b0   0x080007b0   0x0000001e   Code   RO         4528    .text               mc_w.l(llshl.o)
    0x080007ce   0x080007ce   0x00000024   Code   RO         4530    .text               mc_w.l(llsshr.o)
    0x080007f2   0x080007f2   0x000000ba   Code   RO         4532    .text               mf_w.l(depilogue.o)
    0x080008ac   0x080008ac   0x00000056   Code   RO         4542    .text               mc_w.l(__dczerorl2.o)
    0x08000902   0x08000902   0x00000004   Code   RO         1269    i.BusFault_Handler  stm32f1xx_it.o
    0x08000906   0x08000906   0x00000002   PAD
    0x08000908   0x08000908   0x00000010   Code   RO         1270    i.DMA1_Channel4_IRQHandler  stm32f1xx_it.o
    0x08000918   0x08000918   0x00000010   Code   RO         1271    i.DMA1_Channel5_IRQHandler  stm32f1xx_it.o
    0x08000928   0x08000928   0x00000010   Code   RO         1272    i.DMA1_Channel6_IRQHandler  stm32f1xx_it.o
    0x08000938   0x08000938   0x00000010   Code   RO         1273    i.DMA1_Channel7_IRQHandler  stm32f1xx_it.o
    0x08000948   0x08000948   0x0000002c   Code   RO         2190    i.DMA_SetConfig     stm32f1xx_hal_dma.o
    0x08000974   0x08000974   0x00000002   Code   RO         1274    i.DebugMon_Handler  stm32f1xx_it.o
    0x08000976   0x08000976   0x00000002   PAD
    0x08000978   0x08000978   0x00000040   Code   RO          979    i.Debug_Log         system_debug.o
    0x080009b8   0x080009b8   0x00000010   Code   RO          345    i.Drv_Bluetooth_Init  drv_bluetooth.o
    0x080009c8   0x080009c8   0x00000058   Code   RO          449    i.Drv_Heater_Init   drv_heater.o
    0x08000a20   0x08000a20   0x00000044   Code   RO          450    i.Drv_Heater_SetPower  drv_heater.o
    0x08000a64   0x08000a64   0x000000e8   Code   RO          486    i.Drv_Lcd_Init      drv_lcd.o
    0x08000b4c   0x08000b4c   0x00000058   Code   RO          518    i.Drv_Motor_Init    drv_motor.o
    0x08000ba4   0x08000ba4   0x00000044   Code   RO          519    i.Drv_Motor_SetSpeed  drv_motor.o
    0x08000be8   0x08000be8   0x00000020   Code   RO          555    i.Drv_Sensor_Update  drv_sensor.o
    0x08000c08   0x08000c08   0x0000000a   Code   RO         1275    i.EXTI0_IRQHandler  stm32f1xx_it.o
    0x08000c12   0x08000c12   0x0000000a   Code   RO         1276    i.EXTI1_IRQHandler  stm32f1xx_it.o
    0x08000c1c   0x08000c1c   0x0000000a   Code   RO         1277    i.EXTI4_IRQHandler  stm32f1xx_it.o
    0x08000c26   0x08000c26   0x00000002   PAD
    0x08000c28   0x08000c28   0x00000094   Code   RO          402    i.Encoder_Handler   drv_encoder.o
    0x08000cbc   0x08000cbc   0x00000074   Code   RO          403    i.Encoder_Key_Check  drv_encoder.o
    0x08000d30   0x08000d30   0x00000006   Code   RO         1014    i.Error_Handler     main.o
    0x08000d36   0x08000d36   0x00000056   Code   RO         2191    i.HAL_DMA_Abort     stm32f1xx_hal_dma.o
    0x08000d8c   0x08000d8c   0x000000b0   Code   RO         2192    i.HAL_DMA_Abort_IT  stm32f1xx_hal_dma.o
    0x08000e3c   0x08000e3c   0x0000019c   Code   RO         2196    i.HAL_DMA_IRQHandler  stm32f1xx_hal_dma.o
    0x08000fd8   0x08000fd8   0x00000068   Code   RO         2197    i.HAL_DMA_Init      stm32f1xx_hal_dma.o
    0x08001040   0x08001040   0x0000009c   Code   RO         2201    i.HAL_DMA_Start_IT  stm32f1xx_hal_dma.o
    0x080010dc   0x080010dc   0x00000028   Code   RO         1812    i.HAL_Delay         stm32f1xx_hal.o
    0x08001104   0x08001104   0x00000314   Code   RO          404    i.HAL_GPIO_EXTI_Callback  drv_encoder.o
    0x08001418   0x08001418   0x0000001c   Code   RO         2126    i.HAL_GPIO_EXTI_IRQHandler  stm32f1xx_hal_gpio.o
    0x08001434   0x08001434   0x00000320   Code   RO         2127    i.HAL_GPIO_Init     stm32f1xx_hal_gpio.o
    0x08001754   0x08001754   0x00000010   Code   RO         2129    i.HAL_GPIO_ReadPin  stm32f1xx_hal_gpio.o
    0x08001764   0x08001764   0x0000000c   Code   RO         2131    i.HAL_GPIO_WritePin  stm32f1xx_hal_gpio.o
    0x08001770   0x08001770   0x0000000c   Code   RO         1816    i.HAL_GetTick       stm32f1xx_hal.o
    0x0800177c   0x0800177c   0x00000018   Code   RO         1822    i.HAL_IncTick       stm32f1xx_hal.o
    0x08001794   0x08001794   0x00000028   Code   RO         1823    i.HAL_Init          stm32f1xx_hal.o
    0x080017bc   0x080017bc   0x0000004c   Code   RO         1824    i.HAL_InitTick      stm32f1xx_hal.o
    0x08001808   0x08001808   0x00000054   Code   RO         1423    i.HAL_MspInit       stm32f1xx_hal_msp.o
    0x0800185c   0x0800185c   0x00000020   Code   RO         2287    i.HAL_NVIC_EnableIRQ  stm32f1xx_hal_cortex.o
    0x0800187c   0x0800187c   0x0000007c   Code   RO         2293    i.HAL_NVIC_SetPriority  stm32f1xx_hal_cortex.o
    0x080018f8   0x080018f8   0x00000028   Code   RO         2294    i.HAL_NVIC_SetPriorityGrouping  stm32f1xx_hal_cortex.o
    0x08001920   0x08001920   0x0000018c   Code   RO         1980    i.HAL_RCC_ClockConfig  stm32f1xx_hal_rcc.o
    0x08001aac   0x08001aac   0x0000000c   Code   RO         1985    i.HAL_RCC_GetHCLKFreq  stm32f1xx_hal_rcc.o
    0x08001ab8   0x08001ab8   0x00000020   Code   RO         1987    i.HAL_RCC_GetPCLK1Freq  stm32f1xx_hal_rcc.o
    0x08001ad8   0x08001ad8   0x00000020   Code   RO         1988    i.HAL_RCC_GetPCLK2Freq  stm32f1xx_hal_rcc.o
    0x08001af8   0x08001af8   0x00000070   Code   RO         1989    i.HAL_RCC_GetSysClockFreq  stm32f1xx_hal_rcc.o
    0x08001b68   0x08001b68   0x00000464   Code   RO         1992    i.HAL_RCC_OscConfig  stm32f1xx_hal_rcc.o
    0x08001fcc   0x08001fcc   0x00000002   Code   RO         1490    i.HAL_SPI_ErrorCallback  stm32f1xx_hal_spi.o
    0x08001fce   0x08001fce   0x00000008   Code   RO         1492    i.HAL_SPI_GetState  stm32f1xx_hal_spi.o
    0x08001fd6   0x08001fd6   0x00000002   PAD
    0x08001fd8   0x08001fd8   0x00000134   Code   RO         1493    i.HAL_SPI_IRQHandler  stm32f1xx_hal_spi.o
    0x0800210c   0x0800210c   0x000000be   Code   RO         1494    i.HAL_SPI_Init      stm32f1xx_hal_spi.o
    0x080021ca   0x080021ca   0x00000002   PAD
    0x080021cc   0x080021cc   0x0000010c   Code   RO         1120    i.HAL_SPI_MspInit   spi.o
    0x080022d8   0x080022d8   0x000001be   Code   RO         1502    i.HAL_SPI_Transmit  stm32f1xx_hal_spi.o
    0x08002496   0x08002496   0x00000248   Code   RO         1503    i.HAL_SPI_TransmitReceive  stm32f1xx_hal_spi.o
    0x080026de   0x080026de   0x00000002   PAD
    0x080026e0   0x080026e0   0x000000fc   Code   RO         1506    i.HAL_SPI_Transmit_DMA  stm32f1xx_hal_spi.o
    0x080027dc   0x080027dc   0x00000002   Code   RO         1508    i.HAL_SPI_TxCpltCallback  stm32f1xx_hal_spi.o
    0x080027de   0x080027de   0x00000002   Code   RO         1509    i.HAL_SPI_TxHalfCpltCallback  stm32f1xx_hal_spi.o
    0x080027e0   0x080027e0   0x00000034   Code   RO         2298    i.HAL_SYSTICK_Config  stm32f1xx_hal_cortex.o
    0x08002814   0x08002814   0x00000002   Code   RO         3530    i.HAL_TIMEx_BreakCallback  stm32f1xx_hal_tim_ex.o
    0x08002816   0x08002816   0x00000002   Code   RO         3531    i.HAL_TIMEx_CommutCallback  stm32f1xx_hal_tim_ex.o
    0x08002818   0x08002818   0x00000084   Code   RO         3549    i.HAL_TIMEx_MasterConfigSynchronization  stm32f1xx_hal_tim_ex.o
    0x0800289c   0x0800289c   0x00000066   Code   RO         2815    i.HAL_TIM_Base_Init  stm32f1xx_hal_tim.o
    0x08002902   0x08002902   0x00000002   PAD
    0x08002904   0x08002904   0x000000b4   Code   RO         1162    i.HAL_TIM_Base_MspInit  tim.o
    0x080029b8   0x080029b8   0x0000006c   Code   RO         2818    i.HAL_TIM_Base_Start  stm32f1xx_hal_tim.o
    0x08002a24   0x08002a24   0x0000010c   Code   RO         2824    i.HAL_TIM_ConfigClockSource  stm32f1xx_hal_tim.o
    0x08002b30   0x08002b30   0x00000002   Code   RO         2849    i.HAL_TIM_IC_CaptureCallback  stm32f1xx_hal_tim.o
    0x08002b32   0x08002b32   0x0000016c   Code   RO         2863    i.HAL_TIM_IRQHandler  stm32f1xx_hal_tim.o
    0x08002c9e   0x08002c9e   0x00000002   PAD
    0x08002ca0   0x08002ca0   0x000000ac   Code   RO         1163    i.HAL_TIM_MspPostInit  tim.o
    0x08002d4c   0x08002d4c   0x00000002   Code   RO         2866    i.HAL_TIM_OC_DelayElapsedCallback  stm32f1xx_hal_tim.o
    0x08002d4e   0x08002d4e   0x00000104   Code   RO         2887    i.HAL_TIM_PWM_ConfigChannel  stm32f1xx_hal_tim.o
    0x08002e52   0x08002e52   0x00000066   Code   RO         2890    i.HAL_TIM_PWM_Init  stm32f1xx_hal_tim.o
    0x08002eb8   0x08002eb8   0x00000002   Code   RO         2892    i.HAL_TIM_PWM_MspInit  stm32f1xx_hal_tim.o
    0x08002eba   0x08002eba   0x00000002   Code   RO         2893    i.HAL_TIM_PWM_PulseFinishedCallback  stm32f1xx_hal_tim.o
    0x08002ebc   0x08002ebc   0x000000d4   Code   RO         2895    i.HAL_TIM_PWM_Start  stm32f1xx_hal_tim.o
    0x08002f90   0x08002f90   0x0000002c   Code   RO          903    i.HAL_TIM_PeriodElapsedCallback  system_callback.o
    0x08002fbc   0x08002fbc   0x00000002   Code   RO         2906    i.HAL_TIM_TriggerCallback  stm32f1xx_hal_tim.o
    0x08002fbe   0x08002fbe   0x00000070   Code   RO         3807    i.HAL_UARTEx_ReceiveToIdle_DMA  stm32f1xx_hal_uart.o
    0x0800302e   0x0800302e   0x00000072   Code   RO         3808    i.HAL_UARTEx_ReceiveToIdle_IT  stm32f1xx_hal_uart.o
    0x080030a0   0x080030a0   0x00000030   Code   RO          904    i.HAL_UARTEx_RxEventCallback  system_callback.o
    0x080030d0   0x080030d0   0x00000002   Code   RO         3823    i.HAL_UART_ErrorCallback  stm32f1xx_hal_uart.o
    0x080030d2   0x080030d2   0x00000002   PAD
    0x080030d4   0x080030d4   0x000002e4   Code   RO         3826    i.HAL_UART_IRQHandler  stm32f1xx_hal_uart.o
    0x080033b8   0x080033b8   0x00000076   Code   RO         3827    i.HAL_UART_Init     stm32f1xx_hal_uart.o
    0x0800342e   0x0800342e   0x00000002   PAD
    0x08003430   0x08003430   0x00000184   Code   RO         1222    i.HAL_UART_MspInit  usart.o
    0x080035b4   0x080035b4   0x00000002   Code   RO         3833    i.HAL_UART_RxCpltCallback  stm32f1xx_hal_uart.o
    0x080035b6   0x080035b6   0x00000002   Code   RO         3834    i.HAL_UART_RxHalfCpltCallback  stm32f1xx_hal_uart.o
    0x080035b8   0x080035b8   0x000000be   Code   RO         3835    i.HAL_UART_Transmit  stm32f1xx_hal_uart.o
    0x08003676   0x08003676   0x00000002   PAD
    0x08003678   0x08003678   0x0000008c   Code   RO         3836    i.HAL_UART_Transmit_DMA  stm32f1xx_hal_uart.o
    0x08003704   0x08003704   0x00000002   Code   RO         3838    i.HAL_UART_TxCpltCallback  stm32f1xx_hal_uart.o
    0x08003706   0x08003706   0x00000002   Code   RO         3839    i.HAL_UART_TxHalfCpltCallback  stm32f1xx_hal_uart.o
    0x08003708   0x08003708   0x00000004   Code   RO         1278    i.HardFault_Handler  stm32f1xx_it.o
    0x0800370c   0x0800370c   0x00000018   Code   RO           13    i.MTimer_Callback   mtimer.o
    0x08003724   0x08003724   0x0000003c   Code   RO           14    i.MTimer_Init       mtimer.o
    0x08003760   0x08003760   0x00000064   Code   RO         1095    i.MX_DMA_Init       dma.o
    0x080037c4   0x080037c4   0x00000194   Code   RO         1071    i.MX_GPIO_Init      gpio.o
    0x08003958   0x08003958   0x00000044   Code   RO         1121    i.MX_SPI2_Init      spi.o
    0x0800399c   0x0800399c   0x00000074   Code   RO         1164    i.MX_TIM1_Init      tim.o
    0x08003a10   0x08003a10   0x000000a0   Code   RO         1165    i.MX_TIM2_Init      tim.o
    0x08003ab0   0x08003ab0   0x000000a4   Code   RO         1166    i.MX_TIM3_Init      tim.o
    0x08003b54   0x08003b54   0x00000038   Code   RO         1223    i.MX_USART1_UART_Init  usart.o
    0x08003b8c   0x08003b8c   0x00000038   Code   RO         1224    i.MX_USART2_UART_Init  usart.o
    0x08003bc4   0x08003bc4   0x00000004   Code   RO         1279    i.MemManage_Handler  stm32f1xx_it.o
    0x08003bc8   0x08003bc8   0x00000004   Code   RO         1280    i.NMI_Handler       stm32f1xx_it.o
    0x08003bcc   0x08003bcc   0x0000009c   Code   RO          304    i.PID_Calculate     pid.o
    0x08003c68   0x08003c68   0x0000001a   Code   RO          305    i.PID_Init          pid.o
    0x08003c82   0x08003c82   0x00000002   Code   RO         1281    i.PendSV_Handler    stm32f1xx_it.o
    0x08003c84   0x08003c84   0x00000028   Code   RO         1993    i.RCC_Delay         stm32f1xx_hal_rcc.o
    0x08003cac   0x08003cac   0x00000046   Code   RO          764    i.ReadThermoCouple  max6675.o
    0x08003cf2   0x08003cf2   0x00000002   PAD
    0x08003cf4   0x08003cf4   0x00000010   Code   RO         1282    i.SPI2_IRQHandler   stm32f1xx_it.o
    0x08003d04   0x08003d04   0x00000014   Code   RO         1521    i.SPI_DMAAbortOnError  stm32f1xx_hal_spi.o
    0x08003d18   0x08003d18   0x00000028   Code   RO         1522    i.SPI_DMAError      stm32f1xx_hal_spi.o
    0x08003d40   0x08003d40   0x0000000e   Code   RO         1524    i.SPI_DMAHalfTransmitCplt  stm32f1xx_hal_spi.o
    0x08003d4e   0x08003d4e   0x0000007e   Code   RO         1528    i.SPI_DMATransmitCplt  stm32f1xx_hal_spi.o
    0x08003dcc   0x08003dcc   0x00000044   Code   RO         1532    i.SPI_EndRxTxTransaction  stm32f1xx_hal_spi.o
    0x08003e10   0x08003e10   0x00000030   Code   RO          765    i.SPI_RxByte        max6675.o
    0x08003e40   0x08003e40   0x000000d8   Code   RO         1537    i.SPI_WaitFlagStateUntilTimeout  stm32f1xx_hal_spi.o
    0x08003f18   0x08003f18   0x00000002   Code   RO         1283    i.SVC_Handler       stm32f1xx_it.o
    0x08003f1a   0x08003f1a   0x00000008   Code   RO         1284    i.SysTick_Handler   stm32f1xx_it.o
    0x08003f22   0x08003f22   0x00000002   PAD
    0x08003f24   0x08003f24   0x00000038   Code   RO          803    i.Sys_Init          application.o
    0x08003f5c   0x08003f5c   0x00000170   Code   RO          804    i.Sys_Task          application.o
    0x080040cc   0x080040cc   0x00000066   Code   RO         1015    i.SystemClock_Config  main.o
    0x08004132   0x08004132   0x00000002   Code   RO         4171    i.SystemInit        system_stm32f1xx.o
    0x08004134   0x08004134   0x00000010   Code   RO         1285    i.TIM1_UP_IRQHandler  stm32f1xx_it.o
    0x08004144   0x08004144   0x00000010   Code   RO         1286    i.TIM2_IRQHandler   stm32f1xx_it.o
    0x08004154   0x08004154   0x00000010   Code   RO         1287    i.TIM3_IRQHandler   stm32f1xx_it.o
    0x08004164   0x08004164   0x00000084   Code   RO         2908    i.TIM_Base_SetConfig  stm32f1xx_hal_tim.o
    0x080041e8   0x080041e8   0x00000022   Code   RO         2909    i.TIM_CCxChannelCmd  stm32f1xx_hal_tim.o
    0x0800420a   0x0800420a   0x00000016   Code   RO         2919    i.TIM_ETR_SetConfig  stm32f1xx_hal_tim.o
    0x08004220   0x08004220   0x00000012   Code   RO         2920    i.TIM_ITRx_SetConfig  stm32f1xx_hal_tim.o
    0x08004232   0x08004232   0x00000002   PAD
    0x08004234   0x08004234   0x00000060   Code   RO         2921    i.TIM_OC1_SetConfig  stm32f1xx_hal_tim.o
    0x08004294   0x08004294   0x00000068   Code   RO         2922    i.TIM_OC2_SetConfig  stm32f1xx_hal_tim.o
    0x080042fc   0x080042fc   0x00000068   Code   RO         2923    i.TIM_OC3_SetConfig  stm32f1xx_hal_tim.o
    0x08004364   0x08004364   0x00000048   Code   RO         2924    i.TIM_OC4_SetConfig  stm32f1xx_hal_tim.o
    0x080043ac   0x080043ac   0x000000a8   Code   RO          907    i.TIM_PERIOD_ELAPSED_CALLBACK_Register  system_callback.o
    0x08004454   0x08004454   0x00000026   Code   RO         2926    i.TIM_TI1_ConfigInputStage  stm32f1xx_hal_tim.o
    0x0800447a   0x0800447a   0x00000028   Code   RO         2928    i.TIM_TI2_ConfigInputStage  stm32f1xx_hal_tim.o
    0x080044a2   0x080044a2   0x00000002   PAD
    0x080044a4   0x080044a4   0x00000044   Code   RO          589    i.UART1_RxCallback  drv_uart.o
    0x080044e8   0x080044e8   0x00000048   Code   RO          590    i.UART2_RxCallback  drv_uart.o
    0x08004530   0x08004530   0x000000a4   Code   RO          909    i.UARTEx_RX_EVENT_CALLBACK_Register  system_callback.o
    0x080045d4   0x080045d4   0x00000014   Code   RO         3840    i.UART_DMAAbortOnError  stm32f1xx_hal_uart.o
    0x080045e8   0x080045e8   0x00000050   Code   RO         3841    i.UART_DMAError     stm32f1xx_hal_uart.o
    0x08004638   0x08004638   0x000000b4   Code   RO         3842    i.UART_DMAReceiveCplt  stm32f1xx_hal_uart.o
    0x080046ec   0x080046ec   0x00000024   Code   RO         3844    i.UART_DMARxHalfCplt  stm32f1xx_hal_uart.o
    0x08004710   0x08004710   0x00000058   Code   RO         3846    i.UART_DMATransmitCplt  stm32f1xx_hal_uart.o
    0x08004768   0x08004768   0x0000000e   Code   RO         3848    i.UART_DMATxHalfCplt  stm32f1xx_hal_uart.o
    0x08004776   0x08004776   0x0000006c   Code   RO         3850    i.UART_EndRxTransfer  stm32f1xx_hal_uart.o
    0x080047e2   0x080047e2   0x00000020   Code   RO         3851    i.UART_EndTransmit_IT  stm32f1xx_hal_uart.o
    0x08004802   0x08004802   0x00000026   Code   RO         3852    i.UART_EndTxTransfer  stm32f1xx_hal_uart.o
    0x08004828   0x08004828   0x000000fc   Code   RO         3853    i.UART_Receive_IT   stm32f1xx_hal_uart.o
    0x08004924   0x08004924   0x00000018   Code   RO          591    i.UART_Send_Byte    drv_uart.o
    0x0800493c   0x0800493c   0x000000fc   Code   RO         3854    i.UART_SetConfig    stm32f1xx_hal_uart.o
    0x08004a38   0x08004a38   0x000000c8   Code   RO         3855    i.UART_Start_Receive_DMA  stm32f1xx_hal_uart.o
    0x08004b00   0x08004b00   0x00000040   Code   RO         3856    i.UART_Start_Receive_IT  stm32f1xx_hal_uart.o
    0x08004b40   0x08004b40   0x00000060   Code   RO         3857    i.UART_Transmit_IT  stm32f1xx_hal_uart.o
    0x08004ba0   0x08004ba0   0x0000008c   Code   RO         3858    i.UART_WaitOnFlagUntilTimeout  stm32f1xx_hal_uart.o
    0x08004c2c   0x08004c2c   0x00000010   Code   RO         1288    i.USART1_IRQHandler  stm32f1xx_it.o
    0x08004c3c   0x08004c3c   0x00000010   Code   RO         1289    i.USART2_IRQHandler  stm32f1xx_it.o
    0x08004c4c   0x08004c4c   0x00000054   Code   RO          592    i.Uart_Init         drv_uart.o
    0x08004ca0   0x08004ca0   0x00000004   Code   RO         1290    i.UsageFault_Handler  stm32f1xx_it.o
    0x08004ca4   0x08004ca4   0x00000028   Code   RO         4452    i.__0sprintf        mc_w.l(printfa.o)
    0x08004ccc   0x08004ccc   0x00000034   Code   RO         4455    i.__0vsnprintf      mc_w.l(printfa.o)
    0x08004d00   0x08004d00   0x00000010   Code   RO         2300    i.__NVIC_GetPriorityGrouping  stm32f1xx_hal_cortex.o
    0x08004d10   0x08004d10   0x00000028   Code   RO         2301    i.__NVIC_SetPriority  stm32f1xx_hal_cortex.o
    0x08004d38   0x08004d38   0x0000000e   Code   RO         4536    i.__scatterload_copy  mc_w.l(handlers.o)
    0x08004d46   0x08004d46   0x00000002   Code   RO         4537    i.__scatterload_null  mc_w.l(handlers.o)
    0x08004d48   0x08004d48   0x0000000e   Code   RO         4538    i.__scatterload_zeroinit  mc_w.l(handlers.o)
    0x08004d56   0x08004d56   0x00000002   PAD
    0x08004d58   0x08004d58   0x00000184   Code   RO         4457    i._fp_digits        mc_w.l(printfa.o)
    0x08004edc   0x08004edc   0x000006b4   Code   RO         4458    i._printf_core      mc_w.l(printfa.o)
    0x08005590   0x08005590   0x00000024   Code   RO         4459    i._printf_post_padding  mc_w.l(printfa.o)
    0x080055b4   0x080055b4   0x0000002e   Code   RO         4460    i._printf_pre_padding  mc_w.l(printfa.o)
    0x080055e2   0x080055e2   0x00000016   Code   RO         4461    i._snputc           mc_w.l(printfa.o)
    0x080055f8   0x080055f8   0x0000000a   Code   RO         4462    i._sputc            mc_w.l(printfa.o)
    0x08005602   0x08005602   0x0000001c   Code   RO          149    i.check_sum         protocol.o
    0x0800561e   0x0800561e   0x00000038   Code   RO          655    i.display_list_char  uc1609.o
    0x08005656   0x08005656   0x00000002   PAD
    0x08005658   0x08005658   0x00000054   Code   RO          656    i.display_one_char  uc1609.o
    0x080056ac   0x080056ac   0x0000001a   Code   RO          150    i.get_frame_checksum  protocol.o
    0x080056c6   0x080056c6   0x00000034   Code   RO          151    i.get_frame_len     protocol.o
    0x080056fa   0x080056fa   0x0000000e   Code   RO          152    i.get_frame_type    protocol.o
    0x08005708   0x08005708   0x00000024   Code   RO          660    i.lcd_cls           uc1609.o
    0x0800572c   0x0800572c   0x00000050   Code   RO          661    i.lcd_init          uc1609.o
    0x0800577c   0x0800577c   0x00000030   Code   RO          662    i.lcd_sendcmd       uc1609.o
    0x080057ac   0x080057ac   0x00000050   Code   RO         1016    i.main              main.o
    0x080057fc   0x080057fc   0x00000044   Code   RO          153    i.pid_reset_cmd     protocol.o
    0x08005840   0x08005840   0x00000002   Code   RO          154    i.pid_start_cmd     protocol.o
    0x08005842   0x08005842   0x00000002   Code   RO          155    i.pid_stop_cmd      protocol.o
    0x08005844   0x08005844   0x00000024   Code   RO          156    i.port_send_data_to_computer  protocol.o
    0x08005868   0x08005868   0x00000034   Code   RO          157    i.protocol_data_recv  protocol.o
    0x0800589c   0x0800589c   0x000001c0   Code   RO          158    i.protocol_frame_parse  protocol.o
    0x08005a5c   0x08005a5c   0x0000001c   Code   RO          159    i.protocol_init     protocol.o
    0x08005a78   0x08005a78   0x00000174   Code   RO          160    i.receiving_process  protocol.o
    0x08005bec   0x08005bec   0x00000074   Code   RO          161    i.recvbuf_find_header  protocol.o
    0x08005c60   0x08005c60   0x00000022   Code   RO          162    i.recvbuf_get_len_to_parse  protocol.o
    0x08005c82   0x08005c82   0x00000046   Code   RO          163    i.recvbuf_put_data  protocol.o
    0x08005cc8   0x08005cc8   0x00000060   Code   RO          164    i.set_computer_value  protocol.o
    0x08005d28   0x08005d28   0x0000001c   Code   RO          165    i.set_pid_actual_val_cmd  protocol.o
    0x08005d44   0x08005d44   0x00000010   Code   RO          166    i.set_pid_paramter_cmd  protocol.o
    0x08005d54   0x08005d54   0x00000002   Code   RO          167    i.set_pid_period_cmd  protocol.o
    0x08005d56   0x08005d56   0x000007e0   Data   RO          664    .constdata          uc1609.o
    0x08006536   0x08006536   0x00000012   Data   RO         1994    .constdata          stm32f1xx_hal_rcc.o
    0x08006548   0x08006548   0x00000018   Data   RO         4172    .constdata          system_stm32f1xx.o
    0x08006560   0x08006560   0x000000aa   Data   RO          912    .conststring        system_callback.o
    0x0800660a   0x0800660a   0x00000002   PAD
    0x0800660c   0x0800660c   0x00000020   Data   RO         4534    Region$$Table       anon$$obj.o


    Execution Region RW_IRAM1 (Exec base: 0x20000000, Load base: 0x0800662c, Size: 0x00001110, Max: 0x00005000, ABSOLUTE, COMPRESSED[0x00000084])

    Exec Addr    Load Addr    Size         Type   Attr      Idx    E Section Name        Object

    0x20000000   COMPRESSED   0x00000008   Data   RW           15    .data               mtimer.o
    0x20000008   COMPRESSED   0x00000001   Data   RW          169    .data               protocol.o
    0x20000009   COMPRESSED   0x00000003   PAD
    0x2000000c   COMPRESSED   0x00000004   Data   RW          347    .data               drv_bluetooth.o
    0x20000010   COMPRESSED   0x00000084   Data   RW          405    .data               drv_encoder.o
    0x20000094   COMPRESSED   0x00000008   Data   RW          451    .data               drv_heater.o
    0x2000009c   COMPRESSED   0x00000008   Data   RW          520    .data               drv_motor.o
    0x200000a4   COMPRESSED   0x00000228   Data   RW          595    .data               drv_uart.o
    0x200002cc   COMPRESSED   0x0000001c   Data   RW          665    .data               uc1609.o
    0x200002e8   COMPRESSED   0x00000014   Data   RW          767    .data               max6675.o
    0x200002fc   COMPRESSED   0x00000004   Data   RW          806    .data               application.o
    0x20000300   COMPRESSED   0x0000001c   Data   RW          875    .data               system_datapool.o
    0x2000031c   COMPRESSED   0x00000009   Data   RW         1830    .data               stm32f1xx_hal.o
    0x20000325   COMPRESSED   0x00000003   PAD
    0x20000328   COMPRESSED   0x00000004   Data   RW         4173    .data               system_stm32f1xx.o
    0x2000032c        -       0x00000096   Zero   RW          168    .bss                protocol.o
    0x200003c2        -       0x00000600   Zero   RW          663    .bss                uc1609.o
    0x200009c2        -       0x00000028   Zero   RW          805    .bss                application.o
    0x200009ea   COMPRESSED   0x00000002   PAD
    0x200009ec        -       0x00000024   Zero   RW          874    .bss                system_datapool.o
    0x20000a10        -       0x00000030   Zero   RW          911    .bss                system_callback.o
    0x20000a40        -       0x000000e0   Zero   RW         1122    .bss                spi.o
    0x20000b20        -       0x000000d8   Zero   RW         1167    .bss                tim.o
    0x20000bf8        -       0x00000118   Zero   RW         1225    .bss                usart.o
    0x20000d10        -       0x00000400   Zero   RW            1    STACK               startup_stm32f103xb.o


==============================================================================

Image component sizes


      Code (inc. data)   RO Data    RW Data    ZI Data      Debug   Object Name

       424         78          0          4         40       3139   application.o
       100          4          0          0          0        782   dma.o
        16          4          0          4          0       2068   drv_bluetooth.o
      1052         46          0        132          0       3589   drv_encoder.o
       156         12          0          8          0       1753   drv_heater.o
       232         88          0          0          0       1039   drv_lcd.o
       156         12          0          8          0       1718   drv_motor.o
        32         10          0          0          0       1100   drv_sensor.o
       248         36          0        552          0       3892   drv_uart.o
       404         24          0          0          0       1095   gpio.o
       188          6          0          0          0       1548   main.o
       118          0          0         20          0       1919   max6675.o
        84         34          0          8          0     435269   mtimer.o
       182          4          0          0          0       2091   pid.o
      1490         56          0          1        150      40714   protocol.o
       336         34          0          0        224       1839   spi.o
        36          8        236          0       1024        820   startup_stm32f103xb.o
       192         36          0          9          0       6025   stm32f1xx_hal.o
       304         22          0          0          0      29567   stm32f1xx_hal_cortex.o
       978         12          0          0          0       4986   stm32f1xx_hal_dma.o
       856         38          0          0          0       4006   stm32f1xx_hal_gpio.o
        84          8          0          0          0        906   stm32f1xx_hal_msp.o
      1748         98         18          0          0       6112   stm32f1xx_hal_rcc.o
      2278         24          0          0          0      12377   stm32f1xx_hal_spi.o
      2086         60          0          0          0      16169   stm32f1xx_hal_tim.o
       136         14          0          0          0       2501   stm32f1xx_hal_tim_ex.o
      3024         34          0          0          0      20265   stm32f1xx_hal_uart.o
       224         60          0          0          0      10198   stm32f1xx_it.o
       424        128        170          0         48       4417   system_callback.o
         0          0          0         28         36        597   system_datapool.o
        64          6          0          0          0       1228   system_debug.o
         2          0         24          4          0       1147   system_stm32f1xx.o
       792         60          0          0        216       3942   tim.o
       304         26       2016         28       1536       3981   uc1609.o
       500         50          0          0        280       2521   usart.o

    ----------------------------------------------------------------------
     19282       1132       2498        812       3556     635320   Object Totals
         0          0         32          0          0          0   (incl. Generated)
        32          0          2          6          2          0   (incl. Padding)

    ----------------------------------------------------------------------

      Code (inc. data)   RO Data    RW Data    ZI Data      Debug   Library Member Name

        86          0          0          0          0          0   __dczerorl2.o
         0          0          0          0          0          0   entry.o
         0          0          0          0          0          0   entry10a.o
         0          0          0          0          0          0   entry11a.o
         4          0          0          0          0          0   entry12b.o
         8          4          0          0          0          0   entry2.o
         4          0          0          0          0          0   entry5.o
         0          0          0          0          0          0   entry7b.o
         0          0          0          0          0          0   entry8b.o
         8          4          0          0          0          0   entry9a.o
        30          0          0          0          0          0   handlers.o
        36          8          0          0          0         68   init.o
         0          0          0          0          0          0   iusefp.o
        30          0          0          0          0         68   llshl.o
        36          0          0          0          0         68   llsshr.o
        32          0          0          0          0         68   llushr.o
        36          0          0          0          0         68   memcpya.o
        36          0          0          0          0        108   memseta.o
      2310         92          0          0          0        680   printfa.o
        14          0          0          0          0         68   strlen.o
        44          0          0          0          0         80   uidiv.o
        98          0          0          0          0         92   uldiv.o
        48          0          0          0          0         68   cdrcmple.o
        20          0          0          0          0         68   cfcmple.o
        20          0          0          0          0         68   cfrcmple.o
       334          0          0          0          0        148   dadd.o
       222          0          0          0          0        100   ddiv.o
       186          0          0          0          0        176   depilogue.o
        48          0          0          0          0         68   dfixul.o
       228          0          0          0          0         96   dmul.o
       176          0          0          0          0        140   fadd.o
       110          0          0          0          0        168   fepilogue.o
        40          0          0          0          0         68   ffixui.o
        18          0          0          0          0         68   fflti.o
        10          0          0          0          0         68   ffltui.o
       100          0          0          0          0         76   fmul.o

    ----------------------------------------------------------------------
      4376        108          0          0          0       2748   Library Totals
         4          0          0          0          0          0   (incl. Padding)

    ----------------------------------------------------------------------

      Code (inc. data)   RO Data    RW Data    ZI Data      Debug   Library Name

      2812        108          0          0          0       1368   mc_w.l
      1560          0          0          0          0       1380   mf_w.l

    ----------------------------------------------------------------------
      4376        108          0          0          0       2748   Library Totals

    ----------------------------------------------------------------------

==============================================================================


      Code (inc. data)   RO Data    RW Data    ZI Data      Debug   

     23658       1240       2498        812       3556     627536   Grand Totals
     23658       1240       2498        132       3556     627536   ELF Image Totals (compressed)
     23658       1240       2498        132          0          0   ROM Totals

==============================================================================

    Total RO  Size (Code + RO Data)                26156 (  25.54kB)
    Total RW  Size (RW Data + ZI Data)              4368 (   4.27kB)
    Total ROM Size (Code + RO Data + RW Data)      26288 (  25.67kB)

==============================================================================

