Component: ARM Compiler 5.06 update 7 for Certification (build 960) Tool: armlink [4d3601]

==============================================================================

Section Cross References

    startup_stm32f103xb.o(RESET) refers to startup_stm32f103xb.o(STACK) for __initial_sp
    startup_stm32f103xb.o(RESET) refers to startup_stm32f103xb.o(.text) for Reset_Handler
    startup_stm32f103xb.o(RESET) refers to stm32f1xx_it.o(i.NMI_Handler) for NMI_Handler
    startup_stm32f103xb.o(RESET) refers to stm32f1xx_it.o(i.HardFault_Handler) for HardFault_Handler
    startup_stm32f103xb.o(RESET) refers to stm32f1xx_it.o(i.MemManage_Handler) for MemManage_Handler
    startup_stm32f103xb.o(RESET) refers to stm32f1xx_it.o(i.BusFault_Handler) for BusFault_Handler
    startup_stm32f103xb.o(RESET) refers to stm32f1xx_it.o(i.UsageFault_Handler) for UsageFault_Handler
    startup_stm32f103xb.o(RESET) refers to stm32f1xx_it.o(i.SVC_Handler) for SVC_Handler
    startup_stm32f103xb.o(RESET) refers to stm32f1xx_it.o(i.DebugMon_Handler) for DebugMon_Handler
    startup_stm32f103xb.o(RESET) refers to stm32f1xx_it.o(i.PendSV_Handler) for PendSV_Handler
    startup_stm32f103xb.o(RESET) refers to stm32f1xx_it.o(i.SysTick_Handler) for SysTick_Handler
    startup_stm32f103xb.o(RESET) refers to stm32f1xx_it.o(i.EXTI0_IRQHandler) for EXTI0_IRQHandler
    startup_stm32f103xb.o(RESET) refers to stm32f1xx_it.o(i.EXTI1_IRQHandler) for EXTI1_IRQHandler
    startup_stm32f103xb.o(RESET) refers to stm32f1xx_it.o(i.EXTI4_IRQHandler) for EXTI4_IRQHandler
    startup_stm32f103xb.o(RESET) refers to stm32f1xx_it.o(i.DMA1_Channel4_IRQHandler) for DMA1_Channel4_IRQHandler
    startup_stm32f103xb.o(RESET) refers to stm32f1xx_it.o(i.DMA1_Channel5_IRQHandler) for DMA1_Channel5_IRQHandler
    startup_stm32f103xb.o(RESET) refers to stm32f1xx_it.o(i.DMA1_Channel6_IRQHandler) for DMA1_Channel6_IRQHandler
    startup_stm32f103xb.o(RESET) refers to stm32f1xx_it.o(i.DMA1_Channel7_IRQHandler) for DMA1_Channel7_IRQHandler
    startup_stm32f103xb.o(RESET) refers to stm32f1xx_it.o(i.TIM1_UP_IRQHandler) for TIM1_UP_IRQHandler
    startup_stm32f103xb.o(RESET) refers to stm32f1xx_it.o(i.TIM2_IRQHandler) for TIM2_IRQHandler
    startup_stm32f103xb.o(RESET) refers to stm32f1xx_it.o(i.TIM3_IRQHandler) for TIM3_IRQHandler
    startup_stm32f103xb.o(RESET) refers to stm32f1xx_it.o(i.SPI2_IRQHandler) for SPI2_IRQHandler
    startup_stm32f103xb.o(RESET) refers to stm32f1xx_it.o(i.USART1_IRQHandler) for USART1_IRQHandler
    startup_stm32f103xb.o(RESET) refers to stm32f1xx_it.o(i.USART2_IRQHandler) for USART2_IRQHandler
    startup_stm32f103xb.o(.text) refers to system_stm32f1xx.o(i.SystemInit) for SystemInit
    startup_stm32f103xb.o(.text) refers to entry.o(.ARM.Collect$$$$00000000) for __main
    mtimer.o(i.HAL_TIM_PeriodElapsedCallback) refers to tim.o(.bss) for htim1
    mtimer.o(i.HAL_TIM_PeriodElapsedCallback) refers to mtimer.o(.data) for MTimer_Flag
    mtimer.o(i.MTimer_Init) refers to stm32f1xx_hal_tim.o(i.HAL_TIM_Base_Start) for HAL_TIM_Base_Start
    mtimer.o(i.MTimer_Init) refers to tim.o(.bss) for htim1
    protocol.o(i.UART_Send_Byte) refers to stm32f1xx_hal_uart.o(i.HAL_UART_Transmit) for HAL_UART_Transmit
    protocol.o(i.UART_Send_Byte) refers to usart.o(.bss) for huart1
    protocol.o(i.port_send_data_to_computer) refers to drv_uart.o(i.UART_Send_Byte) for UART_Send_Byte
    protocol.o(i.protocol_data_recv) refers to protocol.o(i.recvbuf_put_data) for recvbuf_put_data
    protocol.o(i.protocol_data_recv) refers to protocol.o(.bss) for parser
    protocol.o(i.protocol_frame_parse) refers to protocol.o(i.recvbuf_get_len_to_parse) for recvbuf_get_len_to_parse
    protocol.o(i.protocol_frame_parse) refers to protocol.o(i.recvbuf_find_header) for recvbuf_find_header
    protocol.o(i.protocol_frame_parse) refers to protocol.o(i.get_frame_len) for get_frame_len
    protocol.o(i.protocol_frame_parse) refers to protocol.o(i.check_sum) for check_sum
    protocol.o(i.protocol_frame_parse) refers to protocol.o(i.get_frame_checksum) for get_frame_checksum
    protocol.o(i.protocol_frame_parse) refers to memcpya.o(.text) for __aeabi_memcpy
    protocol.o(i.protocol_frame_parse) refers to protocol.o(i.get_frame_type) for get_frame_type
    protocol.o(i.protocol_frame_parse) refers to protocol.o(.bss) for parser
    protocol.o(i.protocol_init) refers to protocol.o(.bss) for parser
    protocol.o(i.receiving_process) refers to protocol.o(i.protocol_frame_parse) for protocol_frame_parse
    protocol.o(i.receiving_process) refers to protocol.o(i.set_pid_paramter_cmd) for set_pid_paramter_cmd
    protocol.o(i.receiving_process) refers to protocol.o(i.set_pid_actual_val_cmd) for set_pid_actual_val_cmd
    protocol.o(i.receiving_process) refers to protocol.o(i.pid_start_cmd) for pid_start_cmd
    protocol.o(i.receiving_process) refers to protocol.o(i.pid_stop_cmd) for pid_stop_cmd
    protocol.o(i.receiving_process) refers to protocol.o(i.pid_reset_cmd) for pid_reset_cmd
[...]
    i.DMA_SetConfig                          0x0800044c   Section        0  stm32f1xx_hal_dma.o(i.DMA_SetConfig)
    DMA_SetConfig                            0x0800044d   Thumb Code    44  stm32f1xx_hal_dma.o(i.DMA_SetConfig)
    i.DebugMon_Handler                       0x08000478   Section        0  stm32f1xx_it.o(i.DebugMon_Handler)
    i.Drv_Bluetooth_Init                     0x0800047c   Section        0  drv_bluetooth.o(i.Drv_Bluetooth_Init)
    i.Drv_Heater_Init                        0x0800048c   Section        0  drv_heater.o(i.Drv_Heater_Init)
    i.Drv_Heater_SetPower                    0x080004e4   Section        0  drv_heater.o(i.Drv_Heater_SetPower)
    i.Drv_Lcd_Init                           0x08000528   Section        0  drv_lcd.o(i.Drv_Lcd_Init)
    i.Drv_Motor_Init                         0x08000610   Section        0  drv_motor.o(i.Drv_Motor_Init)
    i.Drv_Motor_SetSpeed                     0x08000668   Section        0  drv_motor.o(i.Drv_Motor_SetSpeed)
    i.Drv_Sensor_Update                      0x080006ac   Section        0  drv_sensor.o(i.Drv_Sensor_Update)
    i.EXTI0_IRQHandler                       0x080006cc   Section        0  stm32f1xx_it.o(i.EXTI0_IRQHandler)
    i.EXTI1_IRQHandler                       0x080006d6   Section        0  stm32f1xx_it.o(i.EXTI1_IRQHandler)
    i.EXTI4_IRQHandler                       0x080006e0   Section        0  stm32f1xx_it.o(i.EXTI4_IRQHandler)
    i.Encoder_Handler                        0x080006ec   Section        0  drv_encoder.o(i.Encoder_Handler)
    i.Encoder_Key_Check                      0x08000764   Section        0  drv_encoder.o(i.Encoder_Key_Check)
    i.Error_Handler                          0x080007d8   Section        0  main.o(i.Error_Handler)
    i.HAL_DMA_Abort                          0x080007de   Section        0  stm32f1xx_hal_dma.o(i.HAL_DMA_Abort)
    i.HAL_DMA_Abort_IT                       0x08000834   Section        0  stm32f1xx_hal_dma.o(i.HAL_DMA_Abort_IT)
    i.HAL_DMA_IRQHandler                     0x080008e4   Section        0  stm32f1xx_hal_dma.o(i.HAL_DMA_IRQHandler)
    i.HAL_DMA_Init                           0x08000a80   Section        0  stm32f1xx_hal_dma.o(i.HAL_DMA_Init)
    i.HAL_DMA_Start_IT                       0x08000ae8   Section        0  stm32f1xx_hal_dma.o(i.HAL_DMA_Start_IT)
    i.HAL_Delay                              0x08000b84   Section        0  stm32f1xx_hal.o(i.HAL_Delay)
    i.HAL_GPIO_EXTI_Callback                 0x08000bac   Section        0  drv_encoder.o(i.HAL_GPIO_EXTI_Callback)
    i.HAL_GPIO_EXTI_IRQHandler               0x08000ec0   Section        0  stm32f1xx_hal_gpio.o(i.HAL_GPIO_EXTI_IRQHandler)
    i.HAL_GPIO_Init                          0x08000edc   Section        0  stm32f1xx_hal_gpio.o(i.HAL_GPIO_Init)
    i.HAL_GPIO_ReadPin                       0x080011fc   Section        0  stm32f1xx_hal_gpio.o(i.HAL_GPIO_ReadPin)
    i.HAL_GPIO_WritePin                      0x0800120c   Section        0  stm32f1xx_hal_gpio.o(i.HAL_GPIO_WritePin)
    i.HAL_GetTick                            0x08001218   Section        0  stm32f1xx_hal.o(i.HAL_GetTick)
    i.HAL_IncTick                            0x08001224   Section        0  stm32f1xx_hal.o(i.HAL_IncTick)
    i.HAL_Init                               0x0800123c   Section        0  stm32f1xx_hal.o(i.HAL_Init)
    i.HAL_InitTick                           0x08001264   Section        0  stm32f1xx_hal.o(i.HAL_InitTick)
    i.HAL_MspInit                            0x080012b0   Section        0  stm32f1xx_hal_msp.o(i.HAL_MspInit)
    i.HAL_NVIC_EnableIRQ                     0x08001304   Section        0  stm32f1xx_hal_cortex.o(i.HAL_NVIC_EnableIRQ)
    i.HAL_NVIC_SetPriority                   0x08001324   Section        0  stm32f1xx_hal_cortex.o(i.HAL_NVIC_SetPriority)
    i.HAL_NVIC_SetPriorityGrouping           0x080013a0   Section        0  stm32f1xx_hal_cortex.o(i.HAL_NVIC_SetPriorityGrouping)
    i.HAL_RCC_ClockConfig                    0x080013c8   Section        0  stm32f1xx_hal_rcc.o(i.HAL_RCC_ClockConfig)
    i.HAL_RCC_GetHCLKFreq                    0x08001554   Section        0  stm32f1xx_hal_rcc.o(i.HAL_RCC_GetHCLKFreq)
    i.HAL_RCC_GetPCLK1Freq                   0x08001560   Section        0  stm32f1xx_hal_rcc.o(i.HAL_RCC_GetPCLK1Freq)
    i.HAL_RCC_GetPCLK2Freq                   0x08001580   Section        0  stm32f1xx_hal_rcc.o(i.HAL_RCC_GetPCLK2Freq)
    i.HAL_RCC_GetSysClockFreq                0x080015a0   Section        0  stm32f1xx_hal_rcc.o(i.HAL_RCC_GetSysClockFreq)
    i.HAL_RCC_OscConfig                      0x08001610   Section        0  stm32f1xx_hal_rcc.o(i.HAL_RCC_OscConfig)
    i.HAL_SPI_ErrorCallback                  0x08001a74   Section        0  stm32f1xx_hal_spi.o(i.HAL_SPI_ErrorCallback)
    i.HAL_SPI_GetState                       0x08001a76   Section        0  stm32f1xx_hal_spi.o(i.HAL_SPI_GetState)
    i.HAL_SPI_IRQHandler                     0x08001a80   Section        0  stm32f1xx_hal_spi.o(i.HAL_SPI_IRQHandler)
    i.HAL_SPI_Init                           0x08001bb4   Section        0  stm32f1xx_hal_spi.o(i.HAL_SPI_Init)
    i.HAL_SPI_MspInit                        0x08001c74   Section        0  spi.o(i.HAL_SPI_MspInit)
    i.HAL_SPI_Transmit                       0x08001d80   Section        0  stm32f1xx_hal_spi.o(i.HAL_SPI_Transmit)
    i.HAL_SPI_TransmitReceive                0x08001f3e   Section        0  stm32f1xx_hal_spi.o(i.HAL_SPI_TransmitReceive)
    i.HAL_SPI_Transmit_DMA                   0x08002188   Section        0  stm32f1xx_hal_spi.o(i.HAL_SPI_Transmit_DMA)
    i.HAL_SPI_TxCpltCallback                 0x08002284   Section        0  stm32f1xx_hal_spi.o(i.HAL_SPI_TxCpltCallback)
    i.HAL_SPI_TxHalfCpltCallback             0x08002286   Section        0  stm32f1xx_hal_spi.o(i.HAL_SPI_TxHalfCpltCallback)
    i.HAL_SYSTICK_Config                     0x08002288   Section        0  stm32f1xx_hal_cortex.o(i.HAL_SYSTICK_Config)
    i.HAL_TIMEx_BreakCallback                0x080022bc   Section        0  stm32f1xx_hal_tim_ex.o(i.HAL_TIMEx_BreakCallback)
    i.HAL_TIMEx_CommutCallback               0x080022be   Section        0  stm32f1xx_hal_tim_ex.o(i.HAL_TIMEx_CommutCallback)
    i.HAL_TIMEx_MasterConfigSynchronization  0x080022c0   Section        0  stm32f1xx_hal_tim_ex.o(i.HAL_TIMEx_MasterConfigSynchronization)
    i.HAL_TIM_Base_Init                      0x08002344   Section        0  stm32f1xx_hal_tim.o(i.HAL_TIM_Base_Init)
    i.HAL_TIM_Base_MspInit                   0x080023ac   Section        0  tim.o(i.HAL_TIM_Base_MspInit)
    i.HAL_TIM_Base_Start                     0x08002460   Section        0  stm32f1xx_hal_tim.o(i.HAL_TIM_Base_Start)
    i.HAL_TIM_ConfigClockSource              0x080024cc   Section        0  stm32f1xx_hal_tim.o(i.HAL_TIM_ConfigClockSource)
    i.HAL_TIM_IC_CaptureCallback             0x080025d8   Section        0  stm32f1xx_hal_tim.o(i.HAL_TIM_IC_CaptureCallback)
    i.HAL_TIM_IRQHandler                     0x080025da   Section        0  stm32f1xx_hal_tim.o(i.HAL_TIM_IRQHandler)
    i.HAL_TIM_MspPostInit                    0x08002748   Section        0  tim.o(i.HAL_TIM_MspPostInit)
    i.HAL_TIM_OC_DelayElapsedCallback        0x080027f4   Section        0  stm32f1xx_hal_tim.o(i.HAL_TIM_OC_DelayElapsedCallback)
    i.HAL_TIM_PWM_ConfigChannel              0x080027f6   Section        0  stm32f1xx_hal_tim.o(i.HAL_TIM_PWM_ConfigChannel)
    i.HAL_TIM_PWM_Init                       0x080028fa   Section        0  stm32f1xx_hal_tim.o(i.HAL_TIM_PWM_Init)
    i.HAL_TIM_PWM_MspInit                    0x08002960   Section        0  stm32f1xx_hal_tim.o(i.HAL_TIM_PWM_MspInit)
    i.HAL_TIM_PWM_PulseFinishedCallback      0x08002962   Section        0  stm32f1xx_hal_tim.o(i.HAL_TIM_PWM_PulseFinishedCallback)
    i.HAL_TIM_PWM_Start                      0x08002964   Section        0  stm32f1xx_hal_tim.o(i.HAL_TIM_PWM_Start)
    i.HAL_TIM_PeriodElapsedCallback          0x08002a38   Section        0  mtimer.o(i.HAL_TIM_PeriodElapsedCallback)
    i.HAL_TIM_TriggerCallback                0x08002a50   Section        0  stm32f1xx_hal_tim.o(i.HAL_TIM_TriggerCallback)
    i.HAL_UARTEx_ReceiveToIdle_DMA           0x08002a52   Section        0  stm32f1xx_hal_uart.o(i.HAL_UARTEx_ReceiveToIdle_DMA)
    i.HAL_UARTEx_ReceiveToIdle_IT            0x08002ac2   Section        0  stm32f1xx_hal_uart.o(i.HAL_UARTEx_ReceiveToIdle_IT)
    i.HAL_UARTEx_RxEventCallback             0x08002b34   Section        0  drv_uart.o(i.HAL_UARTEx_RxEventCallback)
    i.HAL_UART_ErrorCallback                 0x08002ba8   Section        0  stm32f1xx_hal_uart.o(i.HAL_UART_ErrorCallback)
    i.HAL_UART_IRQHandler                    0x08002bac   Section        0  stm32f1xx_hal_uart.o(i.HAL_UART_IRQHandler)
    i.HAL_UART_Init                          0x08002e90   Section        0  stm32f1xx_hal_uart.o(i.HAL_UART_Init)
    i.HAL_UART_MspInit                       0x08002f08   Section        0  usart.o(i.HAL_UART_MspInit)
    i.HAL_UART_RxCpltCallback                0x0800308c   Section        0  stm32f1xx_hal_uart.o(i.HAL_UART_RxCpltCallback)
    i.HAL_UART_RxHalfCpltCallback            0x0800308e   Section        0  stm32f1xx_hal_uart.o(i.HAL_UART_RxHalfCpltCallback)
    i.HAL_UART_Transmit                      0x08003090   Section        0  stm32f1xx_hal_uart.o(i.HAL_UART_Transmit)
    i.HAL_UART_Transmit_DMA                  0x08003150   Section        0  stm32f1xx_hal_uart.o(i.HAL_UART_Transmit_DMA)
    i.HAL_UART_TxCpltCallback                0x080031dc   Section        0  stm32f1xx_hal_uart.o(i.HAL_UART_TxCpltCallback)
    i.HAL_UART_TxHalfCpltCallback            0x080031de   Section        0  stm32f1xx_hal_uart.o(i.HAL_UART_TxHalfCpltCallback)
    i.HardFault_Handler                      0x080031e0   Section        0  stm32f1xx_it.o(i.HardFault_Handler)
    i.MTimer_Init                            0x080031e4   Section        0  mtimer.o(i.MTimer_Init)
    i.MX_DMA_Init                            0x08003204   Section        0  dma.o(i.MX_DMA_Init)
    i.MX_GPIO_Init                           0x08003268   Section        0  gpio.o(i.MX_GPIO_Init)
    i.MX_SPI2_Init                           0x080033fc   Section        0  spi.o(i.MX_SPI2_Init)
    i.MX_TIM1_Init                           0x08003440   Section        0  tim.o(i.MX_TIM1_Init)
    i.MX_TIM2_Init                           0x080034b4   Section        0  tim.o(i.MX_TIM2_Init)
    i.MX_TIM3_Init                           0x08003554   Section        0  tim.o(i.MX_TIM3_Init)
    i.MX_USART1_UART_Init                    0x080035f8   Section        0  usart.o(i.MX_USART1_UART_Init)
    i.MX_USART2_UART_Init                    0x08003630   Section        0  usart.o(i.MX_USART2_UART_Init)
    i.MemManage_Handler                      0x08003668   Section        0  stm32f1xx_it.o(i.MemManage_Handler)
    i.NMI_Handler                            0x0800366c   Section        0  stm32f1xx_it.o(i.NMI_Handler)
    i.PID_Calculate                          0x08003670   Section        0  pid.o(i.PID_Calculate)
    i.PID_Init                               0x0800370c   Section        0  pid.o(i.PID_Init)
    i.PendSV_Handler                         0x08003730   Section        0  stm32f1xx_it.o(i.PendSV_Handler)
    i.RCC_Delay                              0x08003734   Section        0  stm32f1xx_hal_rcc.o(i.RCC_Delay)
    RCC_Delay                                0x08003735   Thumb Code    36  stm32f1xx_hal_rcc.o(i.RCC_Delay)
    i.ReadThermoCouple                       0x0800375c   Section        0  max6675.o(i.ReadThermoCouple)
    i.SPI2_IRQHandler                        0x080037a4   Section        0  stm32f1xx_it.o(i.SPI2_IRQHandler)
    i.SPI_DMAAbortOnError                    0x080037b4   Section        0  stm32f1xx_hal_spi.o(i.SPI_DMAAbortOnError)
    SPI_DMAAbortOnError                      0x080037b5   Thumb Code    20  stm32f1xx_hal_spi.o(i.SPI_DMAAbortOnError)
    i.SPI_DMAError                           0x080037c8   Section        0  stm32f1xx_hal_spi.o(i.SPI_DMAError)
    SPI_DMAError                             0x080037c9   Thumb Code    40  stm32f1xx_hal_spi.o(i.SPI_DMAError)
    i.SPI_DMAHalfTransmitCplt                0x080037f0   Section        0  stm32f1xx_hal_spi.o(i.SPI_DMAHalfTransmitCplt)
    SPI_DMAHalfTransmitCplt                  0x080037f1   Thumb Code    14  stm32f1xx_hal_spi.o(i.SPI_DMAHalfTransmitCplt)
    i.SPI_DMATransmitCplt                    0x080037fe   Section        0  stm32f1xx_hal_spi.o(i.SPI_DMATransmitCplt)
    SPI_DMATransmitCplt                      0x080037ff   Thumb Code   126  stm32f1xx_hal_spi.o(i.SPI_DMATransmitCplt)
    i.SPI_EndRxTxTransaction                 0x0800387c   Section        0  stm32f1xx_hal_spi.o(i.SPI_EndRxTxTransaction)
    SPI_EndRxTxTransaction                   0x0800387d   Thumb Code    68  stm32f1xx_hal_spi.o(i.SPI_EndRxTxTransaction)
    i.SPI_RxByte                             0x080038c0   Section        0  max6675.o(i.SPI_RxByte)
    SPI_RxByte                               0x080038c1   Thumb Code    48  max6675.o(i.SPI_RxByte)
    i.SPI_WaitFlagStateUntilTimeout          0x080038f0   Section        0  stm32f1xx_hal_spi.o(i.SPI_WaitFlagStateUntilTimeout)
    SPI_WaitFlagStateUntilTimeout            0x080038f1   Thumb Code   210  stm32f1xx_hal_spi.o(i.SPI_WaitFlagStateUntilTimeout)
    i.SVC_Handler                            0x080039c8   Section        0  stm32f1xx_it.o(i.SVC_Handler)
    i.SysTick_Handler                        0x080039ca   Section        0  stm32f1xx_it.o(i.SysTick_Handler)
    i.Sys_Init                               0x080039d4   Section        0  application.o(i.Sys_Init)
    i.Sys_Task                               0x08003a08   Section        0  application.o(i.Sys_Task)
    i.SystemClock_Config                     0x08003b78   Section        0  main.o(i.SystemClock_Config)
    i.SystemInit                             0x08003bde   Section        0  system_stm32f1xx.o(i.SystemInit)
    i.TIM1_UP_IRQHandler                     0x08003be0   Section        0  stm32f1xx_it.o(i.TIM1_UP_IRQHandler)
    i.TIM2_IRQHandler                        0x08003bf0   Section        0  stm32f1xx_it.o(i.TIM2_IRQHandler)
    i.TIM3_IRQHandler                        0x08003c00   Section        0  stm32f1xx_it.o(i.TIM3_IRQHandler)
    i.TIM_Base_SetConfig                     0x08003c10   Section        0  stm32f1xx_hal_tim.o(i.TIM_Base_SetConfig)
    i.TIM_CCxChannelCmd                      0x08003c94   Section        0  stm32f1xx_hal_tim.o(i.TIM_CCxChannelCmd)
    i.TIM_ETR_SetConfig                      0x08003cb6   Section        0  stm32f1xx_hal_tim.o(i.TIM_ETR_SetConfig)
    i.TIM_ITRx_SetConfig                     0x08003ccc   Section        0  stm32f1xx_hal_tim.o(i.TIM_ITRx_SetConfig)
    TIM_ITRx_SetConfig                       0x08003ccd   Thumb Code    18  stm32f1xx_hal_tim.o(i.TIM_ITRx_SetConfig)
    i.TIM_OC1_SetConfig                      0x08003ce0   Section        0  stm32f1xx_hal_tim.o(i.TIM_OC1_SetConfig)
    TIM_OC1_SetConfig                        0x08003ce1   Thumb Code    90  stm32f1xx_hal_tim.o(i.TIM_OC1_SetConfig)
    i.TIM_OC2_SetConfig                      0x08003d40   Section        0  stm32f1xx_hal_tim.o(i.TIM_OC2_SetConfig)
    i.TIM_OC3_SetConfig                      0x08003da8   Section        0  stm32f1xx_hal_tim.o(i.TIM_OC3_SetConfig)
    TIM_OC3_SetConfig                        0x08003da9   Thumb Code    98  stm32f1xx_hal_tim.o(i.TIM_OC3_SetConfig)
    i.TIM_OC4_SetConfig                      0x08003e10   Section        0  stm32f1xx_hal_tim.o(i.TIM_OC4_SetConfig)
    TIM_OC4_SetConfig                        0x08003e11   Thumb Code    68  stm32f1xx_hal_tim.o(i.TIM_OC4_SetConfig)
    i.TIM_TI1_ConfigInputStage               0x08003e58   Section        0  stm32f1xx_hal_tim.o(i.TIM_TI1_ConfigInputStage)
    TIM_TI1_ConfigInputStage                 0x08003e59   Thumb Code    38  stm32f1xx_hal_tim.o(i.TIM_TI1_ConfigInputStage)
    i.TIM_TI2_ConfigInputStage               0x08003e7e   Section        0  stm32f1xx_hal_tim.o(i.TIM_TI2_ConfigInputStage)
    TIM_TI2_ConfigInputStage                 0x08003e7f   Thumb Code    40  stm32f1xx_hal_tim.o(i.TIM_TI2_ConfigInputStage)
    i.UART_DMAAbortOnError                   0x08003ea6   Section        0  stm32f1xx_hal_uart.o(i.UART_DMAAbortOnError)
    UART_DMAAbortOnError                     0x08003ea7   Thumb Code    20  stm32f1xx_hal_uart.o(i.UART_DMAAbortOnError)
    i.UART_DMAError                          0x08003eba   Section        0  stm32f1xx_hal_uart.o(i.UART_DMAError)
    UART_DMAError                            0x08003ebb   Thumb Code    80  stm32f1xx_hal_uart.o(i.UART_DMAError)
    i.UART_DMAReceiveCplt                    0x08003f0a   Section        0  stm32f1xx_hal_uart.o(i.UART_DMAReceiveCplt)
    UART_DMAReceiveCplt                      0x08003f0b   Thumb Code   180  stm32f1xx_hal_uart.o(i.UART_DMAReceiveCplt)
    i.UART_DMARxHalfCplt                     0x08003fbe   Section        0  stm32f1xx_hal_uart.o(i.UART_DMARxHalfCplt)
    UART_DMARxHalfCplt                       0x08003fbf   Thumb Code    36  stm32f1xx_hal_uart.o(i.UART_DMARxHalfCplt)
    i.UART_DMATransmitCplt                   0x08003fe2   Section        0  stm32f1xx_hal_uart.o(i.UART_DMATransmitCplt)
    UART_DMATransmitCplt                     0x08003fe3   Thumb Code    88  stm32f1xx_hal_uart.o(i.UART_DMATransmitCplt)
    i.UART_DMATxHalfCplt                     0x0800403a   Section        0  stm32f1xx_hal_uart.o(i.UART_DMATxHalfCplt)
    UART_DMATxHalfCplt                       0x0800403b   Thumb Code    14  stm32f1xx_hal_uart.o(i.UART_DMATxHalfCplt)
    i.UART_EndRxTransfer                     0x08004048   Section        0  stm32f1xx_hal_uart.o(i.UART_EndRxTransfer)
    UART_EndRxTransfer                       0x08004049   Thumb Code   108  stm32f1xx_hal_uart.o(i.UART_EndRxTransfer)
    i.UART_EndTransmit_IT                    0x080040b4   Section        0  stm32f1xx_hal_uart.o(i.UART_EndTransmit_IT)
    UART_EndTransmit_IT                      0x080040b5   Thumb Code    32  stm32f1xx_hal_uart.o(i.UART_EndTransmit_IT)
    i.UART_EndTxTransfer                     0x080040d4   Section        0  stm32f1xx_hal_uart.o(i.UART_EndTxTransfer)
    UART_EndTxTransfer                       0x080040d5   Thumb Code    38  stm32f1xx_hal_uart.o(i.UART_EndTxTransfer)
    i.UART_Receive_IT                        0x080040fa   Section        0  stm32f1xx_hal_uart.o(i.UART_Receive_IT)
    UART_Receive_IT                          0x080040fb   Thumb Code   252  stm32f1xx_hal_uart.o(i.UART_Receive_IT)
    i.UART_Send_Byte                         0x080041f8   Section        0  drv_uart.o(i.UART_Send_Byte)
    i.UART_SetConfig                         0x08004210   Section        0  stm32f1xx_hal_uart.o(i.UART_SetConfig)
    UART_SetConfig                           0x08004211   Thumb Code   248  stm32f1xx_hal_uart.o(i.UART_SetConfig)
    i.UART_Start_Receive_DMA                 0x0800430c   Section        0  stm32f1xx_hal_uart.o(i.UART_Start_Receive_DMA)
    i.UART_Start_Receive_IT                  0x080043d4   Section        0  stm32f1xx_hal_uart.o(i.UART_Start_Receive_IT)
    i.UART_Transmit_IT                       0x08004414   Section        0  stm32f1xx_hal_uart.o(i.UART_Transmit_IT)
    UART_Transmit_IT                         0x08004415   Thumb Code    96  stm32f1xx_hal_uart.o(i.UART_Transmit_IT)
    i.UART_WaitOnFlagUntilTimeout            0x08004474   Section        0  stm32f1xx_hal_uart.o(i.UART_WaitOnFlagUntilTimeout)
    UART_WaitOnFlagUntilTimeout              0x08004475   Thumb Code   140  stm32f1xx_hal_uart.o(i.UART_WaitOnFlagUntilTimeout)
    i.USART1_IRQHandler                      0x08004500   Section        0  stm32f1xx_it.o(i.USART1_IRQHandler)
    i.USART2_IRQHandler                      0x08004510   Section        0  stm32f1xx_it.o(i.USART2_IRQHandler)
    i.Uart_Init                              0x08004520   Section        0  drv_uart.o(i.Uart_Init)
    i.UsageFault_Handler                     0x0800455a   Section        0  stm32f1xx_it.o(i.UsageFault_Handler)
    i.__0sprintf$1                           0x08004560   Section        0  printf1.o(i.__0sprintf$1)
    i.__NVIC_GetPriorityGrouping             0x08004588   Section        0  stm32f1xx_hal_cortex.o(i.__NVIC_GetPriorityGrouping)
    __NVIC_GetPriorityGrouping               0x08004589   Thumb Code    10  stm32f1xx_hal_cortex.o(i.__NVIC_GetPriorityGrouping)
    i.__NVIC_SetPriority                     0x08004598   Section        0  stm32f1xx_hal_cortex.o(i.__NVIC_SetPriority)
    __NVIC_SetPriority                       0x08004599   Thumb Code    32  stm32f1xx_hal_cortex.o(i.__NVIC_SetPriority)
    i.__scatterload_copy                     0x080045c0   Section       14  handlers.o(i.__scatterload_copy)
    i.__scatterload_null                     0x080045ce   Section        2  handlers.o(i.__scatterload_null)
    i.__scatterload_zeroinit                 0x080045d0   Section       14  handlers.o(i.__scatterload_zeroinit)
    i._printf_core                           0x080045e0   Section        0  printf1.o(i._printf_core)
    _printf_core                             0x080045e1   Thumb Code   336  printf1.o(i._printf_core)
    i._sputc                                 0x08004734   Section        0  printf1.o(i._sputc)
    _sputc                                   0x08004735   Thumb Code    10  printf1.o(i._sputc)
    i.check_sum                              0x0800473e   Section        0  protocol.o(i.check_sum)
    i.display_list_char                      0x0800475a   Section        0  uc1609.o(i.display_list_char)
    i.display_one_char                       0x08004794   Section        0  uc1609.o(i.display_one_char)
    i.get_frame_checksum                     0x080047e8   Section        0  protocol.o(i.get_frame_checksum)
    get_frame_checksum                       0x080047e9   Thumb Code    26  protocol.o(i.get_frame_checksum)
    i.get_frame_len                          0x08004802   Section        0  protocol.o(i.get_frame_len)
    get_frame_len                            0x08004803   Thumb Code    52  protocol.o(i.get_frame_len)
    i.get_frame_type                         0x08004836   Section        0  protocol.o(i.get_frame_type)
    get_frame_type                           0x08004837   Thumb Code    14  protocol.o(i.get_frame_type)
    i.lcd_cls                                0x08004844   Section        0  uc1609.o(i.lcd_cls)
    i.lcd_init                               0x08004868   Section        0  uc1609.o(i.lcd_init)
    i.lcd_sendcmd                            0x080048b8   Section        0  uc1609.o(i.lcd_sendcmd)
    i.main                                   0x080048e8   Section        0  main.o(i.main)
    i.pid_reset_cmd                          0x08004938   Section        0  protocol.o(i.pid_reset_cmd)
    i.pid_start_cmd                          0x0800497c   Section        0  protocol.o(i.pid_start_cmd)
    i.pid_stop_cmd                           0x0800497e   Section        0  protocol.o(i.pid_stop_cmd)
    i.port_send_data_to_computer             0x08004980   Section        0  protocol.o(i.port_send_data_to_computer)
    i.protocol_data_recv                     0x080049a4   Section        0  protocol.o(i.protocol_data_recv)
    i.protocol_frame_parse                   0x080049d8   Section        0  protocol.o(i.protocol_frame_parse)
    protocol_frame_parse                     0x080049d9   Thumb Code   442  protocol.o(i.protocol_frame_parse)
    i.protocol_init                          0x08004b98   Section        0  protocol.o(i.protocol_init)
    i.receiving_process                      0x08004bb4   Section        0  protocol.o(i.receiving_process)
    i.recvbuf_find_header                    0x08004d28   Section        0  protocol.o(i.recvbuf_find_header)
    recvbuf_find_header                      0x08004d29   Thumb Code   112  protocol.o(i.recvbuf_find_header)
    i.recvbuf_get_len_to_parse               0x08004d9c   Section        0  protocol.o(i.recvbuf_get_len_to_parse)
    recvbuf_get_len_to_parse                 0x08004d9d   Thumb Code    34  protocol.o(i.recvbuf_get_len_to_parse)
    i.recvbuf_put_data                       0x08004dbe   Section        0  protocol.o(i.recvbuf_put_data)
    recvbuf_put_data                         0x08004dbf   Thumb Code    70  protocol.o(i.recvbuf_put_data)
    i.set_computer_value                     0x08004e04   Section        0  protocol.o(i.set_computer_value)
    i.set_pid_actual_val_cmd                 0x08004e64   Section        0  protocol.o(i.set_pid_actual_val_cmd)
    i.set_pid_paramter_cmd                   0x08004e80   Section        0  protocol.o(i.set_pid_paramter_cmd)
    i.set_pid_period_cmd                     0x08004e90   Section        0  protocol.o(i.set_pid_period_cmd)
    .constdata                               0x08004e92   Section     2016  uc1609.o(.constdata)
    .constdata                               0x08005672   Section       18  stm32f1xx_hal_rcc.o(.constdata)
    aPLLMULFactorTable                       0x08005672   Data          16  stm32f1xx_hal_rcc.o(.constdata)
    aPredivFactorTable                       0x08005682   Data           2  stm32f1xx_hal_rcc.o(.constdata)
    .constdata                               0x08005684   Section       24  system_stm32f1xx.o(.constdata)
    .data                                    0x20000000   Section        1  mtimer.o(.data)
    .data                                    0x20000001   Section        1  protocol.o(.data)
    .data                                    0x20000004   Section        4  drv_bluetooth.o(.data)
    .data                                    0x20000008   Section      132  drv_encoder.o(.data)
    .data                                    0x2000008c   Section        8  drv_heater.o(.data)
    .data                                    0x20000094   Section        8  drv_motor.o(.data)
    .data                                    0x2000009c   Section      544  drv_uart.o(.data)
    .data                                    0x200002bc   Section       28  uc1609.o(.data)
    .data                                    0x200002d8   Section       20  max6675.o(.data)
    .data                                    0x200002ec   Section        4  application.o(.data)
    .data                                    0x200002f0   Section       28  system_datapool.o(.data)
    .data                                    0x2000030c   Section        9  stm32f1xx_hal.o(.data)
    .data                                    0x20000318   Section        4  system_stm32f1xx.o(.data)
    .bss                                     0x2000031c   Section      150  protocol.o(.bss)
    parser                                   0x2000031c   Data          12  protocol.o(.bss)
    recv_buf                                 0x20000328   Data         128  protocol.o(.bss)
    set_packet                               0x200003a8   Data          10  protocol.o(.bss)
    .bss                                     0x200003b2   Section     1536  uc1609.o(.bss)
    .bss                                     0x200009b2   Section       40  application.o(.bss)
    .bss                                     0x200009dc   Section       36  system_datapool.o(.bss)
    .bss                                     0x20000a00   Section      224  spi.o(.bss)
    .bss                                     0x20000ae0   Section      216  tim.o(.bss)
    .bss                                     0x20000bb8   Section      280  usart.o(.bss)
    STACK                                    0x20000cd0   Section     1024  startup_stm32f103xb.o(STACK)

    Global Symbols

    Symbol Name                              Value     Ov Type        Size  Object(Section)

    BuildAttributes$$THM_ISAv4$P$D$K$B$S$PE$A:L22UL41UL21$X:L11$S22US41US21$IEEE1$IW$USESV6$~STKCKD$USESV7$~SHL$OTIME$ROPI$EBA8$MICROLIB$REQ8$PRES8$EABIv2 0x00000000   Number         0  anon$$obj.o ABSOLUTE
    __ARM_use_no_argv                        0x00000000   Number         0  main.o ABSOLUTE
    _printf_a                                0x00000000   Number         0  stubs.o ABSOLUTE
    _printf_c                                0x00000000   Number         0  stubs.o ABSOLUTE
    _printf_charcount                        0x00000000   Number         0  stubs.o ABSOLUTE
    _printf_d                                0x00000000   Number         0  stubs.o ABSOLUTE
    _printf_e                                0x00000000   Number         0  stubs.o ABSOLUTE
    _printf_f                                0x00000000   Number         0  stubs.o ABSOLUTE
    _printf_flags                            0x00000000   Number         0  stubs.o ABSOLUTE
    _printf_fp_dec                           0x00000000   Number         0  stubs.o ABSOLUTE
    _printf_fp_hex                           0x00000000   Number         0  stubs.o ABSOLUTE
    _printf_g                                0x00000000   Number         0  stubs.o ABSOLUTE
    _printf_i                                0x00000000   Number         0  stubs.o ABSOLUTE
    _printf_int_dec                          0x00000000   Number         0  stubs.o ABSOLUTE
    _printf_l                                0x00000000   Number         0  stubs.o ABSOLUTE
    _printf_lc                               0x00000000   Number         0  stubs.o ABSOLUTE
    _printf_ll                               0x00000000   Number         0  stubs.o ABSOLUTE
    _printf_lld                              0x00000000   Number         0  stubs.o ABSOLUTE
    _printf_lli                              0x00000000   Number         0  stubs.o ABSOLUTE
    _printf_llo                              0x00000000   Number         0  stubs.o ABSOLUTE
    _printf_llu                              0x00000000   Number         0  stubs.o ABSOLUTE
    _printf_llx                              0x00000000   Number         0  stubs.o ABSOLUTE
    _printf_longlong_dec                     0x00000000   Number         0  stubs.o ABSOLUTE
    _printf_longlong_hex                     0x00000000   Number         0  stubs.o ABSOLUTE
    _printf_longlong_oct                     0x00000000   Number         0  stubs.o ABSOLUTE
    _printf_ls                               0x00000000   Number         0  stubs.o ABSOLUTE
    _printf_mbtowc                           0x00000000   Number         0  stubs.o ABSOLUTE
    _printf_n                                0x00000000   Number         0  stubs.o ABSOLUTE
    _printf_o                                0x00000000   Number         0  stubs.o ABSOLUTE
    _printf_p                                0x00000000   Number         0  stubs.o ABSOLUTE
    _printf_percent                          0x00000000   Number         0  stubs.o ABSOLUTE
    _printf_pre_padding                      0x00000000   Number         0  stubs.o ABSOLUTE
    _printf_return_value                     0x00000000   Number         0  stubs.o ABSOLUTE
    _printf_s                                0x00000000   Number         0  stubs.o ABSOLUTE
    _printf_sizespec                         0x00000000   Number         0  stubs.o ABSOLUTE
    _printf_str                              0x00000000   Number         0  stubs.o ABSOLUTE
    _printf_truncate_signed                  0x00000000   Number         0  stubs.o ABSOLUTE
    _printf_truncate_unsigned                0x00000000   Number         0  stubs.o ABSOLUTE
    _printf_u                                0x00000000   Number         0  stubs.o ABSOLUTE
    _printf_wc                               0x00000000   Number         0  stubs.o ABSOLUTE
    _printf_wctomb                           0x00000000   Number         0  stubs.o ABSOLUTE
    _printf_widthprec                        0x00000000   Number         0  stubs.o ABSOLUTE
    _printf_x                                0x00000000   Number         0  stubs.o ABSOLUTE
    __arm_fini_                               - Undefined Weak Reference
    __cpp_initialize__aeabi_                  - Undefined Weak Reference
    __cxa_finalize                            - Undefined Weak Reference
    _clock_init                               - Undefined Weak Reference
    _microlib_exit                            - Undefined Weak Reference
    __Vectors_Size                           0x000000ec   Number         0  startup_stm32f103xb.o ABSOLUTE
    __Vectors                                0x08000000   Data           4  startup_stm32f103xb.o(RESET)
    __Vectors_End                            0x080000ec   Data           0  startup_stm32f103xb.o(RESET)
    __main                                   0x080000ed   Thumb Code     0  entry.o(.ARM.Collect$$$$00000000)
    _main_stk                                0x080000ed   Thumb Code     0  entry2.o(.ARM.Collect$$$$00000001)
    _main_scatterload                        0x080000f1   Thumb Code     0  entry5.o(.ARM.Collect$$$$00000004)
    __main_after_scatterload                 0x080000f5   Thumb Code     0  entry5.o(.ARM.Collect$$$$00000004)
    _main_clock                              0x080000f5   Thumb Code     0  entry7b.o(.ARM.Collect$$$$00000008)
    _main_cpp_init                           0x080000f5   Thumb Code     0  entry8b.o(.ARM.Collect$$$$0000000A)
    _main_init                               0x080000f5   Thumb Code     0  entry9a.o(.ARM.Collect$$$$0000000B)
    __rt_lib_shutdown_fini                   0x080000fd   Thumb Code     0  entry12b.o(.ARM.Collect$$$$0000000E)
    __rt_final_cpp                           0x08000101   Thumb Code     0  entry10a.o(.ARM.Collect$$$$0000000F)
    __rt_final_exit                          0x08000101   Thumb Code     0  entry11a.o(.ARM.Collect$$$$00000011)
    Reset_Handler                            0x08000105   Thumb Code     8  startup_stm32f103xb.o(.text)
    ADC1_2_IRQHandler                        0x0800011f   Thumb Code     0  startup_stm32f103xb.o(.text)
    CAN1_RX1_IRQHandler                      0x0800011f   Thumb Code     0  startup_stm32f103xb.o(.text)
    CAN1_SCE_IRQHandler                      0x0800011f   Thumb Code     0  startup_stm32f103xb.o(.text)
    DMA1_Channel1_IRQHandler                 0x0800011f   Thumb Code     0  startup_stm32f103xb.o(.text)
    DMA1_Channel2_IRQHandler                 0x0800011f   Thumb Code     0  startup_stm32f103xb.o(.text)
    DMA1_Channel3_IRQHandler                 0x0800011f   Thumb Code     0  startup_stm32f103xb.o(.text)
    EXTI15_10_IRQHandler                     0x0800011f   Thumb Code     0  startup_stm32f103xb.o(.text)
    EXTI2_IRQHandler                         0x0800011f   Thumb Code     0  startup_stm32f103xb.o(.text)
    EXTI3_IRQHandler                         0x0800011f   Thumb Code     0  startup_stm32f103xb.o(.text)
    EXTI9_5_IRQHandler                       0x0800011f   Thumb Code     0  startup_stm32f103xb.o(.text)
    FLASH_IRQHandler                         0x0800011f   Thumb Code     0  startup_stm32f103xb.o(.text)
    I2C1_ER_IRQHandler                       0x0800011f   Thumb Code     0  startup_stm32f103xb.o(.text)
    I2C1_EV_IRQHandler                       0x0800011f   Thumb Code     0  startup_stm32f103xb.o(.text)
    I2C2_ER_IRQHandler                       0x0800011f   Thumb Code     0  startup_stm32f103xb.o(.text)
    I2C2_EV_IRQHandler                       0x0800011f   Thumb Code     0  startup_stm32f103xb.o(.text)
    PVD_IRQHandler                           0x0800011f   Thumb Code     0  startup_stm32f103xb.o(.text)
    RCC_IRQHandler                           0x0800011f   Thumb Code     0  startup_stm32f103xb.o(.text)
    RTC_Alarm_IRQHandler                     0x0800011f   Thumb Code     0  startup_stm32f103xb.o(.text)
    RTC_IRQHandler                           0x0800011f   Thumb Code     0  startup_stm32f103xb.o(.text)
    SPI1_IRQHandler                          0x0800011f   Thumb Code     0  startup_stm32f103xb.o(.text)
    TAMPER_IRQHandler                        0x0800011f   Thumb Code     0  startup_stm32f103xb.o(.text)
    TIM1_BRK_IRQHandler                      0x0800011f   Thumb Code     0  startup_stm32f103xb.o(.text)
    TIM1_CC_IRQHandler                       0x0800011f   Thumb Code     0  startup_stm32f103xb.o(.text)
    TIM1_TRG_COM_IRQHandler                  0x0800011f   Thumb Code     0  startup_stm32f103xb.o(.text)
    TIM4_IRQHandler                          0x0800011f   Thumb Code     0  startup_stm32f103xb.o(.text)
    USART3_IRQHandler                        0x0800011f   Thumb Code     0  startup_stm32f103xb.o(.text)
    USBWakeUp_IRQHandler                     0x0800011f   Thumb Code     0  startup_stm32f103xb.o(.text)
    USB_HP_CAN1_TX_IRQHandler                0x0800011f   Thumb Code     0  startup_stm32f103xb.o(.text)
    USB_LP_CAN1_RX0_IRQHandler               0x0800011f   Thumb Code     0  startup_stm32f103xb.o(.text)
    WWDG_IRQHandler                          0x0800011f   Thumb Code     0  startup_stm32f103xb.o(.text)
    __aeabi_memcpy                           0x08000129   Thumb Code    36  memcpya.o(.text)
    __aeabi_memcpy4                          0x08000129   Thumb Code     0  memcpya.o(.text)
    __aeabi_memcpy8                          0x08000129   Thumb Code     0  memcpya.o(.text)
    __aeabi_memset                           0x0800014d   Thumb Code    14  memseta.o(.text)
    __aeabi_memset4                          0x0800014d   Thumb Code     0  memseta.o(.text)
    __aeabi_memset8                          0x0800014d   Thumb Code     0  memseta.o(.text)
    __aeabi_memclr                           0x0800015b   Thumb Code     4  memseta.o(.text)
    __aeabi_memclr4                          0x0800015b   Thumb Code     0  memseta.o(.text)
    __aeabi_memclr8                          0x0800015b   Thumb Code     0  memseta.o(.text)
    _memset$wrapper                          0x0800015f   Thumb Code    18  memseta.o(.text)
    __aeabi_fadd                             0x08000171   Thumb Code   164  fadd.o(.text)
    __aeabi_fsub                             0x08000215   Thumb Code     6  fadd.o(.text)
    __aeabi_frsub                            0x0800021b   Thumb Code     6  fadd.o(.text)
    __aeabi_fmul                             0x08000221   Thumb Code   100  fmul.o(.text)
    __aeabi_i2f                              0x08000285   Thumb Code    18  fflti.o(.text)
    __aeabi_ui2f                             0x08000297   Thumb Code    10  ffltui.o(.text)
    __aeabi_f2uiz                            0x080002a1   Thumb Code    40  ffixui.o(.text)
    __aeabi_cfcmpeq                          0x080002c9   Thumb Code     0  cfcmple.o(.text)
    __aeabi_cfcmple                          0x080002c9   Thumb Code    20  cfcmple.o(.text)
    __aeabi_cfrcmple                         0x080002dd   Thumb Code    20  cfrcmple.o(.text)
    __aeabi_uidiv                            0x080002f1   Thumb Code     0  uidiv.o(.text)
    __aeabi_uidivmod                         0x080002f1   Thumb Code    44  uidiv.o(.text)
    __I$use$fp                               0x0800031d   Thumb Code     0  iusefp.o(.text)
    _float_round                             0x0800031d   Thumb Code    18  fepilogue.o(.text)
    _float_epilogue                          0x0800032f   Thumb Code    92  fepilogue.o(.text)
    __scatterload                            0x0800038d   Thumb Code    28  init.o(.text)
    __scatterload_rt2                        0x0800038d   Thumb Code     0  init.o(.text)
    __decompress                             0x080003b1   Thumb Code     0  __dczerorl2.o(.text)
    __decompress1                            0x080003b1   Thumb Code    86  __dczerorl2.o(.text)
    BusFault_Handler                         0x08000407   Thumb Code     4  stm32f1xx_it.o(i.BusFault_Handler)
    DMA1_Channel4_IRQHandler                 0x0800040d   Thumb Code    10  stm32f1xx_it.o(i.DMA1_Channel4_IRQHandler)
    DMA1_Channel5_IRQHandler                 0x0800041d   Thumb Code    10  stm32f1xx_it.o(i.DMA1_Channel5_IRQHandler)
    DMA1_Channel6_IRQHandler                 0x0800042d   Thumb Code    10  stm32f1xx_it.o(i.DMA1_Channel6_IRQHandler)
    DMA1_Channel7_IRQHandler                 0x0800043d   Thumb Code    10  stm32f1xx_it.o(i.DMA1_Channel7_IRQHandler)
    DebugMon_Handler                         0x08000479   Thumb Code     2  stm32f1xx_it.o(i.DebugMon_Handler)
    Drv_Bluetooth_Init                       0x0800047d   Thumb Code    12  drv_bluetooth.o(i.Drv_Bluetooth_Init)
    Drv_Heater_Init                          0x0800048d   Thumb Code    82  drv_heater.o(i.Drv_Heater_Init)
    Drv_Heater_SetPower                      0x080004e5   Thumb Code    62  drv_heater.o(i.Drv_Heater_SetPower)
    Drv_Lcd_Init                             0x08000529   Thumb Code   144  drv_lcd.o(i.Drv_Lcd_Init)
    Drv_Motor_Init                           0x08000611   Thumb Code    82  drv_motor.o(i.Drv_Motor_Init)
    Drv_Motor_SetSpeed                       0x08000669   Thumb Code    62  drv_motor.o(i.Drv_Motor_SetSpeed)
    Drv_Sensor_Update                        0x080006ad   Thumb Code    22  drv_sensor.o(i.Drv_Sensor_Update)
    EXTI0_IRQHandler                         0x080006cd   Thumb Code    10  stm32f1xx_it.o(i.EXTI0_IRQHandler)
    EXTI1_IRQHandler                         0x080006d7   Thumb Code    10  stm32f1xx_it.o(i.EXTI1_IRQHandler)
    EXTI4_IRQHandler                         0x080006e1   Thumb Code    10  stm32f1xx_it.o(i.EXTI4_IRQHandler)
    Encoder_Handler                          0x080006ed   Thumb Code    96  drv_encoder.o(i.Encoder_Handler)
    Encoder_Key_Check                        0x08000765   Thumb Code   106  drv_encoder.o(i.Encoder_Key_Check)
    Error_Handler                            0x080007d9   Thumb Code     6  main.o(i.Error_Handler)
    HAL_DMA_Abort                            0x080007df   Thumb Code    86  stm32f1xx_hal_dma.o(i.HAL_DMA_Abort)
    HAL_DMA_Abort_IT                         0x08000835   Thumb Code   172  stm32f1xx_hal_dma.o(i.HAL_DMA_Abort_IT)
    HAL_DMA_IRQHandler                       0x080008e5   Thumb Code   408  stm32f1xx_hal_dma.o(i.HAL_DMA_IRQHandler)
    HAL_DMA_Init                             0x08000a81   Thumb Code   100  stm32f1xx_hal_dma.o(i.HAL_DMA_Init)
    HAL_DMA_Start_IT                         0x08000ae9   Thumb Code   156  stm32f1xx_hal_dma.o(i.HAL_DMA_Start_IT)
    HAL_Delay                                0x08000b85   Thumb Code    36  stm32f1xx_hal.o(i.HAL_Delay)
    HAL_GPIO_EXTI_Callback                   0x08000bad   Thumb Code   776  drv_encoder.o(i.HAL_GPIO_EXTI_Callback)
    HAL_GPIO_EXTI_IRQHandler                 0x08000ec1   Thumb Code    24  stm32f1xx_hal_gpio.o(i.HAL_GPIO_EXTI_IRQHandler)
    HAL_GPIO_Init                            0x08000edd   Thumb Code   766  stm32f1xx_hal_gpio.o(i.HAL_GPIO_Init)
    HAL_GPIO_ReadPin                         0x080011fd   Thumb Code    16  stm32f1xx_hal_gpio.o(i.HAL_GPIO_ReadPin)
    HAL_GPIO_WritePin                        0x0800120d   Thumb Code    12  stm32f1xx_hal_gpio.o(i.HAL_GPIO_WritePin)
    HAL_GetTick                              0x08001219   Thumb Code     6  stm32f1xx_hal.o(i.HAL_GetTick)
    HAL_IncTick                              0x08001225   Thumb Code    16  stm32f1xx_hal.o(i.HAL_IncTick)
    HAL_Init                                 0x0800123d   Thumb Code    34  stm32f1xx_hal.o(i.HAL_Init)
    HAL_InitTick                             0x08001265   Thumb Code    64  stm32f1xx_hal.o(i.HAL_InitTick)
    HAL_MspInit                              0x080012b1   Thumb Code    76  stm32f1xx_hal_msp.o(i.HAL_MspInit)
    HAL_NVIC_EnableIRQ                       0x08001305   Thumb Code    32  stm32f1xx_hal_cortex.o(i.HAL_NVIC_EnableIRQ)
    HAL_NVIC_SetPriority                     0x08001325   Thumb Code   124  stm32f1xx_hal_cortex.o(i.HAL_NVIC_SetPriority)
    HAL_NVIC_SetPriorityGrouping             0x080013a1   Thumb Code    32  stm32f1xx_hal_cortex.o(i.HAL_NVIC_SetPriorityGrouping)
    HAL_RCC_ClockConfig                      0x080013c9   Thumb Code   376  stm32f1xx_hal_rcc.o(i.HAL_RCC_ClockConfig)
    HAL_RCC_GetHCLKFreq                      0x08001555   Thumb Code     6  stm32f1xx_hal_rcc.o(i.HAL_RCC_GetHCLKFreq)
    HAL_RCC_GetPCLK1Freq                     0x08001561   Thumb Code    22  stm32f1xx_hal_rcc.o(i.HAL_RCC_GetPCLK1Freq)
    HAL_RCC_GetPCLK2Freq                     0x08001581   Thumb Code    22  stm32f1xx_hal_rcc.o(i.HAL_RCC_GetPCLK2Freq)
    HAL_RCC_GetSysClockFreq                  0x080015a1   Thumb Code    92  stm32f1xx_hal_rcc.o(i.HAL_RCC_GetSysClockFreq)
    HAL_RCC_OscConfig                        0x08001611   Thumb Code  1114  stm32f1xx_hal_rcc.o(i.HAL_RCC_OscConfig)
    HAL_SPI_ErrorCallback                    0x08001a75   Thumb Code     2  stm32f1xx_hal_spi.o(i.HAL_SPI_ErrorCallback)
    HAL_SPI_GetState                         0x08001a77   Thumb Code     8  stm32f1xx_hal_spi.o(i.HAL_SPI_GetState)
    HAL_SPI_IRQHandler                       0x08001a81   Thumb Code   304  stm32f1xx_hal_spi.o(i.HAL_SPI_IRQHandler)
    HAL_SPI_Init                             0x08001bb5   Thumb Code   190  stm32f1xx_hal_spi.o(i.HAL_SPI_Init)
    HAL_SPI_MspInit                          0x08001c75   Thumb Code   242  spi.o(i.HAL_SPI_MspInit)
    HAL_SPI_Transmit                         0x08001d81   Thumb Code   446  stm32f1xx_hal_spi.o(i.HAL_SPI_Transmit)
    HAL_SPI_TransmitReceive                  0x08001f3f   Thumb Code   584  stm32f1xx_hal_spi.o(i.HAL_SPI_TransmitReceive)
    HAL_SPI_Transmit_DMA                     0x08002189   Thumb Code   238  stm32f1xx_hal_spi.o(i.HAL_SPI_Transmit_DMA)
    HAL_SPI_TxCpltCallback                   0x08002285   Thumb Code     2  stm32f1xx_hal_spi.o(i.HAL_SPI_TxCpltCallback)
    HAL_SPI_TxHalfCpltCallback               0x08002287   Thumb Code     2  stm32f1xx_hal_spi.o(i.HAL_SPI_TxHalfCpltCallback)
    HAL_SYSTICK_Config                       0x08002289   Thumb Code    52  stm32f1xx_hal_cortex.o(i.HAL_SYSTICK_Config)
    HAL_TIMEx_BreakCallback                  0x080022bd   Thumb Code     2  stm32f1xx_hal_tim_ex.o(i.HAL_TIMEx_BreakCallback)
    HAL_TIMEx_CommutCallback                 0x080022bf   Thumb Code     2  stm32f1xx_hal_tim_ex.o(i.HAL_TIMEx_CommutCallback)
    HAL_TIMEx_MasterConfigSynchronization    0x080022c1   Thumb Code   118  stm32f1xx_hal_tim_ex.o(i.HAL_TIMEx_MasterConfigSynchronization)
    HAL_TIM_Base_Init                        0x08002345   Thumb Code   102  stm32f1xx_hal_tim.o(i.HAL_TIM_Base_Init)
    HAL_TIM_Base_MspInit                     0x080023ad   Thumb Code   166  tim.o(i.HAL_TIM_Base_MspInit)
    HAL_TIM_Base_Start                       0x08002461   Thumb Code    94  stm32f1xx_hal_tim.o(i.HAL_TIM_Base_Start)
    HAL_TIM_ConfigClockSource                0x080024cd   Thumb Code   268  stm32f1xx_hal_tim.o(i.HAL_TIM_ConfigClockSource)
    HAL_TIM_IC_CaptureCallback               0x080025d9   Thumb Code     2  stm32f1xx_hal_tim.o(i.HAL_TIM_IC_CaptureCallback)
    HAL_TIM_IRQHandler                       0x080025db   Thumb Code   364  stm32f1xx_hal_tim.o(i.HAL_TIM_IRQHandler)
    HAL_TIM_MspPostInit                      0x08002749   Thumb Code   150  tim.o(i.HAL_TIM_MspPostInit)
    HAL_TIM_OC_DelayElapsedCallback          0x080027f5   Thumb Code     2  stm32f1xx_hal_tim.o(i.HAL_TIM_OC_DelayElapsedCallback)
    HAL_TIM_PWM_ConfigChannel                0x080027f7   Thumb Code   260  stm32f1xx_hal_tim.o(i.HAL_TIM_PWM_ConfigChannel)
    HAL_TIM_PWM_Init                         0x080028fb   Thumb Code   102  stm32f1xx_hal_tim.o(i.HAL_TIM_PWM_Init)
    HAL_TIM_PWM_MspInit                      0x08002961   Thumb Code     2  stm32f1xx_hal_tim.o(i.HAL_TIM_PWM_MspInit)
    HAL_TIM_PWM_PulseFinishedCallback        0x08002963   Thumb Code     2  stm32f1xx_hal_tim.o(i.HAL_TIM_PWM_PulseFinishedCallback)
    HAL_TIM_PWM_Start                        0x08002965   Thumb Code   198  stm32f1xx_hal_tim.o(i.HAL_TIM_PWM_Start)
    HAL_TIM_PeriodElapsedCallback            0x08002a39   Thumb Code    14  mtimer.o(i.HAL_TIM_PeriodElapsedCallback)
    HAL_TIM_TriggerCallback                  0x08002a51   Thumb Code     2  stm32f1xx_hal_tim.o(i.HAL_TIM_TriggerCallback)
    HAL_UARTEx_ReceiveToIdle_DMA             0x08002a53   Thumb Code   112  stm32f1xx_hal_uart.o(i.HAL_UARTEx_ReceiveToIdle_DMA)
    HAL_UARTEx_ReceiveToIdle_IT              0x08002ac3   Thumb Code   114  stm32f1xx_hal_uart.o(i.HAL_UARTEx_ReceiveToIdle_IT)
    HAL_UARTEx_RxEventCallback               0x08002b35   Thumb Code    98  drv_uart.o(i.HAL_UARTEx_RxEventCallback)
    HAL_UART_ErrorCallback                   0x08002ba9   Thumb Code     2  stm32f1xx_hal_uart.o(i.HAL_UART_ErrorCallback)
    HAL_UART_IRQHandler                      0x08002bad   Thumb Code   736  stm32f1xx_hal_uart.o(i.HAL_UART_IRQHandler)
    HAL_UART_Init                            0x08002e91   Thumb Code   118  stm32f1xx_hal_uart.o(i.HAL_UART_Init)
    HAL_UART_MspInit                         0x08002f09   Thumb Code   358  usart.o(i.HAL_UART_MspInit)
    HAL_UART_RxCpltCallback                  0x0800308d   Thumb Code     2  stm32f1xx_hal_uart.o(i.HAL_UART_RxCpltCallback)
    HAL_UART_RxHalfCpltCallback              0x0800308f   Thumb Code     2  stm32f1xx_hal_uart.o(i.HAL_UART_RxHalfCpltCallback)
    HAL_UART_Transmit                        0x08003091   Thumb Code   190  stm32f1xx_hal_uart.o(i.HAL_UART_Transmit)
    HAL_UART_Transmit_DMA                    0x08003151   Thumb Code   128  stm32f1xx_hal_uart.o(i.HAL_UART_Transmit_DMA)
    HAL_UART_TxCpltCallback                  0x080031dd   Thumb Code     2  stm32f1xx_hal_uart.o(i.HAL_UART_TxCpltCallback)
    HAL_UART_TxHalfCpltCallback              0x080031df   Thumb Code     2  stm32f1xx_hal_uart.o(i.HAL_UART_TxHalfCpltCallback)
    HardFault_Handler                        0x080031e1   Thumb Code     4  stm32f1xx_it.o(i.HardFault_Handler)
    MTimer_Init                              0x080031e5   Thumb Code    26  mtimer.o(i.MTimer_Init)
    MX_DMA_Init                              0x08003205   Thumb Code    96  dma.o(i.MX_DMA_Init)
    MX_GPIO_Init                             0x08003269   Thumb Code   380  gpio.o(i.MX_GPIO_Init)
    MX_SPI2_Init                             0x080033fd   Thumb Code    60  spi.o(i.MX_SPI2_Init)
    MX_TIM1_Init                             0x08003441   Thumb Code   106  tim.o(i.MX_TIM1_Init)
    MX_TIM2_Init                             0x080034b5   Thumb Code   156  tim.o(i.MX_TIM2_Init)
    MX_TIM3_Init                             0x08003555   Thumb Code   154  tim.o(i.MX_TIM3_Init)
    MX_USART1_UART_Init                      0x080035f9   Thumb Code    46  usart.o(i.MX_USART1_UART_Init)
    MX_USART2_UART_Init                      0x08003631   Thumb Code    46  usart.o(i.MX_USART2_UART_Init)
    MemManage_Handler                        0x08003669   Thumb Code     4  stm32f1xx_it.o(i.MemManage_Handler)
    NMI_Handler                              0x0800366d   Thumb Code     4  stm32f1xx_it.o(i.NMI_Handler)
    PID_Calculate                            0x08003671   Thumb Code   152  pid.o(i.PID_Calculate)
    PID_Init                                 0x0800370d   Thumb Code    30  pid.o(i.PID_Init)
    PendSV_Handler                           0x08003731   Thumb Code     2  stm32f1xx_it.o(i.PendSV_Handler)
    ReadThermoCouple                         0x0800375d   Thumb Code    70  max6675.o(i.ReadThermoCouple)
    SPI2_IRQHandler                          0x080037a5   Thumb Code    10  stm32f1xx_it.o(i.SPI2_IRQHandler)
    SVC_Handler                              0x080039c9   Thumb Code     2  stm32f1xx_it.o(i.SVC_Handler)
    SysTick_Handler                          0x080039cb   Thumb Code     8  stm32f1xx_it.o(i.SysTick_Handler)
    Sys_Init                                 0x080039d5   Thumb Code    44  application.o(i.Sys_Init)
    Sys_Task                                 0x08003a09   Thumb Code   302  application.o(i.Sys_Task)
    SystemClock_Config                       0x08003b79   Thumb Code   102  main.o(i.SystemClock_Config)
    SystemInit                               0x08003bdf   Thumb Code     2  system_stm32f1xx.o(i.SystemInit)
    TIM1_UP_IRQHandler                       0x08003be1   Thumb Code    10  stm32f1xx_it.o(i.TIM1_UP_IRQHandler)
    TIM2_IRQHandler                          0x08003bf1   Thumb Code    10  stm32f1xx_it.o(i.TIM2_IRQHandler)
    TIM3_IRQHandler                          0x08003c01   Thumb Code    10  stm32f1xx_it.o(i.TIM3_IRQHandler)
    TIM_Base_SetConfig                       0x08003c11   Thumb Code   120  stm32f1xx_hal_tim.o(i.TIM_Base_SetConfig)
    TIM_CCxChannelCmd                        0x08003c95   Thumb Code    34  stm32f1xx_hal_tim.o(i.TIM_CCxChannelCmd)
    TIM_ETR_SetConfig                        0x08003cb7   Thumb Code    22  stm32f1xx_hal_tim.o(i.TIM_ETR_SetConfig)
    TIM_OC2_SetConfig                        0x08003d41   Thumb Code   100  stm32f1xx_hal_tim.o(i.TIM_OC2_SetConfig)
    UART_Send_Byte                           0x080041f9   Thumb Code    18  drv_uart.o(i.UART_Send_Byte)
    UART_Start_Receive_DMA                   0x0800430d   Thumb Code   186  stm32f1xx_hal_uart.o(i.UART_Start_Receive_DMA)
    UART_Start_Receive_IT                    0x080043d5   Thumb Code    64  stm32f1xx_hal_uart.o(i.UART_Start_Receive_IT)
    USART1_IRQHandler                        0x08004501   Thumb Code    10  stm32f1xx_it.o(i.USART1_IRQHandler)
    USART2_IRQHandler                        0x08004511   Thumb Code    10  stm32f1xx_it.o(i.USART2_IRQHandler)
    Uart_Init                                0x08004521   Thumb Code    58  drv_uart.o(i.Uart_Init)
    UsageFault_Handler                       0x0800455b   Thumb Code     4  stm32f1xx_it.o(i.UsageFault_Handler)
    __0sprintf$1                             0x08004561   Thumb Code    34  printf1.o(i.__0sprintf$1)
    __1sprintf$1                             0x08004561   Thumb Code     0  printf1.o(i.__0sprintf$1)
    __2sprintf                               0x08004561   Thumb Code     0  printf1.o(i.__0sprintf$1)
    __scatterload_copy                       0x080045c1   Thumb Code    14  handlers.o(i.__scatterload_copy)
    __scatterload_null                       0x080045cf   Thumb Code     2  handlers.o(i.__scatterload_null)
    __scatterload_zeroinit                   0x080045d1   Thumb Code    14  handlers.o(i.__scatterload_zeroinit)
    check_sum                                0x0800473f   Thumb Code    28  protocol.o(i.check_sum)
    display_list_char                        0x0800475b   Thumb Code    56  uc1609.o(i.display_list_char)
    display_one_char                         0x08004795   Thumb Code    74  uc1609.o(i.display_one_char)
    lcd_cls                                  0x08004845   Thumb Code    30  uc1609.o(i.lcd_cls)
    lcd_init                                 0x08004869   Thumb Code    76  uc1609.o(i.lcd_init)
    lcd_sendcmd                              0x080048b9   Thumb Code    42  uc1609.o(i.lcd_sendcmd)
    main                                     0x080048e9   Thumb Code    74  main.o(i.main)
    pid_reset_cmd                            0x08004939   Thumb Code    60  protocol.o(i.pid_reset_cmd)
    pid_start_cmd                            0x0800497d   Thumb Code     2  protocol.o(i.pid_start_cmd)
    pid_stop_cmd                             0x0800497f   Thumb Code     2  protocol.o(i.pid_stop_cmd)
    port_send_data_to_computer               0x08004981   Thumb Code    36  protocol.o(i.port_send_data_to_computer)
    protocol_data_recv                       0x080049a5   Thumb Code    46  protocol.o(i.protocol_data_recv)
    protocol_init                            0x08004b99   Thumb Code    20  protocol.o(i.protocol_init)
    receiving_process                        0x08004bb5   Thumb Code   368  protocol.o(i.receiving_process)
    set_computer_value                       0x08004e05   Thumb Code    88  protocol.o(i.set_computer_value)
    set_pid_actual_val_cmd                   0x08004e65   Thumb Code    22  protocol.o(i.set_pid_actual_val_cmd)
    set_pid_paramter_cmd                     0x08004e81   Thumb Code    10  protocol.o(i.set_pid_paramter_cmd)
    set_pid_period_cmd                       0x08004e91   Thumb Code     2  protocol.o(i.set_pid_period_cmd)
    Font5x8                                  0x08004e92   Data         480  uc1609.o(.constdata)
    Font816                                  0x08005072   Data        1536  uc1609.o(.constdata)
    AHBPrescTable                            0x08005684   Data          16  system_stm32f1xx.o(.constdata)
    APBPrescTable                            0x08005694   Data           8  system_stm32f1xx.o(.constdata)
    Region$$Table$$Base                      0x0800569c   Number         0  anon$$obj.o(Region$$Table)
    Region$$Table$$Limit                     0x080056bc   Number         0  anon$$obj.o(Region$$Table)
    MTimer_Flag                              0x20000000   Data           1  mtimer.o(.data)
    cmd_type                                 0x20000001   Data           1  protocol.o(.data)
    Bluetooth_Uart                           0x20000004   Data           4  drv_bluetooth.o(.data)
    ENCODE_Motor                             0x20000008   Data          64  drv_encoder.o(.data)
    ENCODE_Heater                            0x20000048   Data          64  drv_encoder.o(.data)
    current_time                             0x20000088   Data           4  drv_encoder.o(.data)
    Heater                                   0x2000008c   Data           8  drv_heater.o(.data)
    Motor                                    0x20000094   Data           8  drv_motor.o(.data)
    Uart1                                    0x2000009c   Data         272  drv_uart.o(.data)
    Uart2                                    0x200001ac   Data         272  drv_uart.o(.data)
    Lcd_Spi                                  0x200002bc   Data          28  uc1609.o(.data)
    thermo                                   0x200002d8   Data          20  max6675.o(.data)
    Debug_UART                               0x200002ec   Data           4  application.o(.data)
    NowTempture                              0x200002f0   Data           4  system_datapool.o(.data)
    DesTempture                              0x200002f4   Data           4  system_datapool.o(.data)
    NowSpeed                                 0x200002f8   Data           2  system_datapool.o(.data)
    DesSpeed                                 0x200002fa   Data           2  system_datapool.o(.data)
    Motor_Lock                               0x200002fc   Data           1  system_datapool.o(.data)
    Heater_Lock                              0x200002fd   Data           1  system_datapool.o(.data)
    Heater_p                                 0x20000300   Data           4  system_datapool.o(.data)
    Heater_i                                 0x20000304   Data           4  system_datapool.o(.data)
    Heater_d                                 0x20000308   Data           4  system_datapool.o(.data)
    uwTick                                   0x2000030c   Data           4  stm32f1xx_hal.o(.data)
    uwTickPrio                               0x20000310   Data           4  stm32f1xx_hal.o(.data)
    uwTickFreq                               0x20000314   Data           1  stm32f1xx_hal.o(.data)
    SystemCoreClock                          0x20000318   Data           4  system_stm32f1xx.o(.data)
    disp_buf                                 0x200003b2   Data        1536  uc1609.o(.bss)
    DesSpeedStr                              0x200009b2   Data          10  application.o(.bss)
    DesTemptureStr                           0x200009bc   Data          10  application.o(.bss)
    NowSpeedStr                              0x200009c6   Data          10  application.o(.bss)
    NowTemptureStr                           0x200009d0   Data          10  application.o(.bss)
    Heater_pid                               0x200009dc   Data          36  system_datapool.o(.bss)
    hspi2                                    0x20000a00   Data          88  spi.o(.bss)
    hdma_spi2_rx                             0x20000a58   Data          68  spi.o(.bss)
    hdma_spi2_tx                             0x20000a9c   Data          68  spi.o(.bss)
    htim1                                    0x20000ae0   Data          72  tim.o(.bss)
    htim2                                    0x20000b28   Data          72  tim.o(.bss)
    htim3                                    0x20000b70   Data          72  tim.o(.bss)
    huart1                                   0x20000bb8   Data          72  usart.o(.bss)
    huart2                                   0x20000c00   Data          72  usart.o(.bss)
    hdma_usart2_rx                           0x20000c48   Data          68  usart.o(.bss)
    hdma_usart2_tx                           0x20000c8c   Data          68  usart.o(.bss)
    __initial_sp                             0x200010d0   Data           0  startup_stm32f103xb.o(STACK)



==============================================================================

Memory Map of the image

  Image Entry point : 0x080000ed

  Load Region LR_IROM1 (Base: 0x08000000, Size: 0x000059d8, Max: 0x00010000, ABSOLUTE, COMPRESSED[0x0000572c])

    Execution Region ER_IROM1 (Exec base: 0x08000000, Load base: 0x08000000, Size: 0x000056bc, Max: 0x00010000, ABSOLUTE)

    Exec Addr    Load Addr    Size         Type   Attr      Idx    E Section Name        Object

    0x08000000   0x08000000   0x000000ec   Data   RO            3    RESET               startup_stm32f103xb.o
    0x080000ec   0x080000ec   0x00000000   Code   RO         4076  * .ARM.Collect$$$$00000000  mc_w.l(entry.o)
    0x080000ec   0x080000ec   0x00000004   Code   RO         4362    .ARM.Collect$$$$00000001  mc_w.l(entry2.o)
    0x080000f0   0x080000f0   0x00000004   Code   RO         4365    .ARM.Collect$$$$00000004  mc_w.l(entry5.o)
    0x080000f4   0x080000f4   0x00000000   Code   RO         4367    .ARM.Collect$$$$00000008  mc_w.l(entry7b.o)
    0x080000f4   0x080000f4   0x00000000   Code   RO         4369    .ARM.Collect$$$$0000000A  mc_w.l(entry8b.o)
    0x080000f4   0x080000f4   0x00000008   Code   RO         4370    .ARM.Collect$$$$0000000B  mc_w.l(entry9a.o)
    0x080000fc   0x080000fc   0x00000004   Code   RO         4377    .ARM.Collect$$$$0000000E  mc_w.l(entry12b.o)
    0x08000100   0x08000100   0x00000000   Code   RO         4372    .ARM.Collect$$$$0000000F  mc_w.l(entry10a.o)
    0x08000100   0x08000100   0x00000000   Code   RO         4374    .ARM.Collect$$$$00000011  mc_w.l(entry11a.o)
    0x08000100   0x08000100   0x00000004   Code   RO         4363    .ARM.Collect$$$$00002712  mc_w.l(entry2.o)
    0x08000104   0x08000104   0x00000024   Code   RO            4    .text               startup_stm32f103xb.o
    0x08000128   0x08000128   0x00000024   Code   RO         4081    .text               mc_w.l(memcpya.o)
    0x0800014c   0x0800014c   0x00000024   Code   RO         4083    .text               mc_w.l(memseta.o)
    0x08000170   0x08000170   0x000000b0   Code   RO         4348    .text               mf_w.l(fadd.o)
    0x08000220   0x08000220   0x00000064   Code   RO         4350    .text               mf_w.l(fmul.o)
    0x08000284   0x08000284   0x00000012   Code   RO         4352    .text               mf_w.l(fflti.o)
    0x08000296   0x08000296   0x0000000a   Code   RO         4354    .text               mf_w.l(ffltui.o)
    0x080002a0   0x080002a0   0x00000028   Code   RO         4356    .text               mf_w.l(ffixui.o)
    0x080002c8   0x080002c8   0x00000014   Code   RO         4358    .text               mf_w.l(cfcmple.o)
    0x080002dc   0x080002dc   0x00000014   Code   RO         4360    .text               mf_w.l(cfrcmple.o)
    0x080002f0   0x080002f0   0x0000002c   Code   RO         4379    .text               mc_w.l(uidiv.o)
    0x0800031c   0x0800031c   0x00000000   Code   RO         4383    .text               mc_w.l(iusefp.o)
    0x0800031c   0x0800031c   0x0000006e   Code   RO         4384    .text               mf_w.l(fepilogue.o)
    0x0800038a   0x0800038a   0x00000002   PAD
    0x0800038c   0x0800038c   0x00000024   Code   RO         4396    .text               mc_w.l(init.o)
    0x080003b0   0x080003b0   0x00000056   Code   RO         4412    .text               mc_w.l(__dczerorl2.o)
    0x08000406   0x08000406   0x00000004   Code   RO         1141    i.BusFault_Handler  stm32f1xx_it.o
    0x0800040a   0x0800040a   0x00000002   PAD
    0x0800040c   0x0800040c   0x00000010   Code   RO         1142    i.DMA1_Channel4_IRQHandler  stm32f1xx_it.o
    0x0800041c   0x0800041c   0x00000010   Code   RO         1143    i.DMA1_Channel5_IRQHandler  stm32f1xx_it.o
    0x0800042c   0x0800042c   0x00000010   Code   RO         1144    i.DMA1_Channel6_IRQHandler  stm32f1xx_it.o
    0x0800043c   0x0800043c   0x00000010   Code   RO         1145    i.DMA1_Channel7_IRQHandler  stm32f1xx_it.o
    0x0800044c   0x0800044c   0x0000002c   Code   RO         2062    i.DMA_SetConfig     stm32f1xx_hal_dma.o
    0x08000478   0x08000478   0x00000002   Code   RO         1146    i.DebugMon_Handler  stm32f1xx_it.o
    0x0800047a   0x0800047a   0x00000002   PAD
    0x0800047c   0x0800047c   0x00000010   Code   RO          338    i.Drv_Bluetooth_Init  drv_bluetooth.o
    0x0800048c   0x0800048c   0x00000058   Code   RO          438    i.Drv_Heater_Init   drv_heater.o
    0x080004e4   0x080004e4   0x00000044   Code   RO          439    i.Drv_Heater_SetPower  drv_heater.o
    0x08000528   0x08000528   0x000000e8   Code   RO          475    i.Drv_Lcd_Init      drv_lcd.o
    0x08000610   0x08000610   0x00000058   Code   RO          507    i.Drv_Motor_Init    drv_motor.o
    0x08000668   0x08000668   0x00000044   Code   RO          508    i.Drv_Motor_SetSpeed  drv_motor.o
    0x080006ac   0x080006ac   0x00000020   Code   RO          544    i.Drv_Sensor_Update  drv_sensor.o
    0x080006cc   0x080006cc   0x0000000a   Code   RO         1147    i.EXTI0_IRQHandler  stm32f1xx_it.o
    0x080006d6   0x080006d6   0x0000000a   Code   RO         1148    i.EXTI1_IRQHandler  stm32f1xx_it.o
    0x080006e0   0x080006e0   0x0000000a   Code   RO         1149    i.EXTI4_IRQHandler  stm32f1xx_it.o
    0x080006ea   0x080006ea   0x00000002   PAD
    0x080006ec   0x080006ec   0x00000078   Code   RO          391    i.Encoder_Handler   drv_encoder.o
    0x08000764   0x08000764   0x00000074   Code   RO          392    i.Encoder_Key_Check  drv_encoder.o
    0x080007d8   0x080007d8   0x00000006   Code   RO          886    i.Error_Handler     main.o
    0x080007de   0x080007de   0x00000056   Code   RO         2063    i.HAL_DMA_Abort     stm32f1xx_hal_dma.o
    0x08000834   0x08000834   0x000000b0   Code   RO         2064    i.HAL_DMA_Abort_IT  stm32f1xx_hal_dma.o
    0x080008e4   0x080008e4   0x0000019c   Code   RO         2068    i.HAL_DMA_IRQHandler  stm32f1xx_hal_dma.o
    0x08000a80   0x08000a80   0x00000068   Code   RO         2069    i.HAL_DMA_Init      stm32f1xx_hal_dma.o
    0x08000ae8   0x08000ae8   0x0000009c   Code   RO         2073    i.HAL_DMA_Start_IT  stm32f1xx_hal_dma.o
    0x08000b84   0x08000b84   0x00000028   Code   RO         1684    i.HAL_Delay         stm32f1xx_hal.o
    0x08000bac   0x08000bac   0x00000314   Code   RO          393    i.HAL_GPIO_EXTI_Callback  drv_encoder.o
    0x08000ec0   0x08000ec0   0x0000001c   Code   RO         1998    i.HAL_GPIO_EXTI_IRQHandler  stm32f1xx_hal_gpio.o
    0x08000edc   0x08000edc   0x00000320   Code   RO         1999    i.HAL_GPIO_Init     stm32f1xx_hal_gpio.o
    0x080011fc   0x080011fc   0x00000010   Code   RO         2001    i.HAL_GPIO_ReadPin  stm32f1xx_hal_gpio.o
    0x0800120c   0x0800120c   0x0000000c   Code   RO         2003    i.HAL_GPIO_WritePin  stm32f1xx_hal_gpio.o
    0x08001218   0x08001218   0x0000000c   Code   RO         1688    i.HAL_GetTick       stm32f1xx_hal.o
    0x08001224   0x08001224   0x00000018   Code   RO         1694    i.HAL_IncTick       stm32f1xx_hal.o
    0x0800123c   0x0800123c   0x00000028   Code   RO         1695    i.HAL_Init          stm32f1xx_hal.o
    0x08001264   0x08001264   0x0000004c   Code   RO         1696    i.HAL_InitTick      stm32f1xx_hal.o
    0x080012b0   0x080012b0   0x00000054   Code   RO         1295    i.HAL_MspInit       stm32f1xx_hal_msp.o
    0x08001304   0x08001304   0x00000020   Code   RO         2159    i.HAL_NVIC_EnableIRQ  stm32f1xx_hal_cortex.o
    0x08001324   0x08001324   0x0000007c   Code   RO         2165    i.HAL_NVIC_SetPriority  stm32f1xx_hal_cortex.o
    0x080013a0   0x080013a0   0x00000028   Code   RO         2166    i.HAL_NVIC_SetPriorityGrouping  stm32f1xx_hal_cortex.o
    0x080013c8   0x080013c8   0x0000018c   Code   RO         1852    i.HAL_RCC_ClockConfig  stm32f1xx_hal_rcc.o
    0x08001554   0x08001554   0x0000000c   Code   RO         1857    i.HAL_RCC_GetHCLKFreq  stm32f1xx_hal_rcc.o
    0x08001560   0x08001560   0x00000020   Code   RO         1859    i.HAL_RCC_GetPCLK1Freq  stm32f1xx_hal_rcc.o
    0x08001580   0x08001580   0x00000020   Code   RO         1860    i.HAL_RCC_GetPCLK2Freq  stm32f1xx_hal_rcc.o
    0x080015a0   0x080015a0   0x00000070   Code   RO         1861    i.HAL_RCC_GetSysClockFreq  stm32f1xx_hal_rcc.o
    0x08001610   0x08001610   0x00000464   Code   RO         1864    i.HAL_RCC_OscConfig  stm32f1xx_hal_rcc.o
    0x08001a74   0x08001a74   0x00000002   Code   RO         1362    i.HAL_SPI_ErrorCallback  stm32f1xx_hal_spi.o
    0x08001a76   0x08001a76   0x00000008   Code   RO         1364    i.HAL_SPI_GetState  stm32f1xx_hal_spi.o
    0x08001a7e   0x08001a7e   0x00000002   PAD
    0x08001a80   0x08001a80   0x00000134   Code   RO         1365    i.HAL_SPI_IRQHandler  stm32f1xx_hal_spi.o
    0x08001bb4   0x08001bb4   0x000000be   Code   RO         1366    i.HAL_SPI_Init      stm32f1xx_hal_spi.o
    0x08001c72   0x08001c72   0x00000002   PAD
    0x08001c74   0x08001c74   0x0000010c   Code   RO          992    i.HAL_SPI_MspInit   spi.o
    0x08001d80   0x08001d80   0x000001be   Code   RO         1374    i.HAL_SPI_Transmit  stm32f1xx_hal_spi.o
    0x08001f3e   0x08001f3e   0x00000248   Code   RO         1375    i.HAL_SPI_TransmitReceive  stm32f1xx_hal_spi.o
    0x08002186   0x08002186   0x00000002   PAD
    0x08002188   0x08002188   0x000000fc   Code   RO         1378    i.HAL_SPI_Transmit_DMA  stm32f1xx_hal_spi.o
    0x08002284   0x08002284   0x00000002   Code   RO         1380    i.HAL_SPI_TxCpltCallback  stm32f1xx_hal_spi.o
    0x08002286   0x08002286   0x00000002   Code   RO         1381    i.HAL_SPI_TxHalfCpltCallback  stm32f1xx_hal_spi.o
    0x08002288   0x08002288   0x00000034   Code   RO         2170    i.HAL_SYSTICK_Config  stm32f1xx_hal_cortex.o
    0x080022bc   0x080022bc   0x00000002   Code   RO         3402    i.HAL_TIMEx_BreakCallback  stm32f1xx_hal_tim_ex.o
    0x080022be   0x080022be   0x00000002   Code   RO         3403    i.HAL_TIMEx_CommutCallback  stm32f1xx_hal_tim_ex.o
    0x080022c0   0x080022c0   0x00000084   Code   RO         3421    i.HAL_TIMEx_MasterConfigSynchronization  stm32f1xx_hal_tim_ex.o
    0x08002344   0x08002344   0x00000066   Code   RO         2687    i.HAL_TIM_Base_Init  stm32f1xx_hal_tim.o
    0x080023aa   0x080023aa   0x00000002   PAD
    0x080023ac   0x080023ac   0x000000b4   Code   RO         1034    i.HAL_TIM_Base_MspInit  tim.o
    0x08002460   0x08002460   0x0000006c   Code   RO         2690    i.HAL_TIM_Base_Start  stm32f1xx_hal_tim.o
    0x080024cc   0x080024cc   0x0000010c   Code   RO         2696    i.HAL_TIM_ConfigClockSource  stm32f1xx_hal_tim.o
    0x080025d8   0x080025d8   0x00000002   Code   RO         2721    i.HAL_TIM_IC_CaptureCallback  stm32f1xx_hal_tim.o
    0x080025da   0x080025da   0x0000016c   Code   RO         2735    i.HAL_TIM_IRQHandler  stm32f1xx_hal_tim.o
    0x08002746   0x08002746   0x00000002   PAD
    0x08002748   0x08002748   0x000000ac   Code   RO         1035    i.HAL_TIM_MspPostInit  tim.o
    0x080027f4   0x080027f4   0x00000002   Code   RO         2738    i.HAL_TIM_OC_DelayElapsedCallback  stm32f1xx_hal_tim.o
    0x080027f6   0x080027f6   0x00000104   Code   RO         2759    i.HAL_TIM_PWM_ConfigChannel  stm32f1xx_hal_tim.o
    0x080028fa   0x080028fa   0x00000066   Code   RO         2762    i.HAL_TIM_PWM_Init  stm32f1xx_hal_tim.o
    0x08002960   0x08002960   0x00000002   Code   RO         2764    i.HAL_TIM_PWM_MspInit  stm32f1xx_hal_tim.o
    0x08002962   0x08002962   0x00000002   Code   RO         2765    i.HAL_TIM_PWM_PulseFinishedCallback  stm32f1xx_hal_tim.o
    0x08002964   0x08002964   0x000000d4   Code   RO         2767    i.HAL_TIM_PWM_Start  stm32f1xx_hal_tim.o
    0x08002a38   0x08002a38   0x00000018   Code   RO           13    i.HAL_TIM_PeriodElapsedCallback  mtimer.o
    0x08002a50   0x08002a50   0x00000002   Code   RO         2778    i.HAL_TIM_TriggerCallback  stm32f1xx_hal_tim.o
    0x08002a52   0x08002a52   0x00000070   Code   RO         3679    i.HAL_UARTEx_ReceiveToIdle_DMA  stm32f1xx_hal_uart.o
    0x08002ac2   0x08002ac2   0x00000072   Code   RO         3680    i.HAL_UARTEx_ReceiveToIdle_IT  stm32f1xx_hal_uart.o
    0x08002b34   0x08002b34   0x00000074   Code   RO          578    i.HAL_UARTEx_RxEventCallback  drv_uart.o
    0x08002ba8   0x08002ba8   0x00000002   Code   RO         3695    i.HAL_UART_ErrorCallback  stm32f1xx_hal_uart.o
    0x08002baa   0x08002baa   0x00000002   PAD
    0x08002bac   0x08002bac   0x000002e4   Code   RO         3698    i.HAL_UART_IRQHandler  stm32f1xx_hal_uart.o
    0x08002e90   0x08002e90   0x00000076   Code   RO         3699    i.HAL_UART_Init     stm32f1xx_hal_uart.o
    0x08002f06   0x08002f06   0x00000002   PAD
    0x08002f08   0x08002f08   0x00000184   Code   RO         1094    i.HAL_UART_MspInit  usart.o
    0x0800308c   0x0800308c   0x00000002   Code   RO         3705    i.HAL_UART_RxCpltCallback  stm32f1xx_hal_uart.o
    0x0800308e   0x0800308e   0x00000002   Code   RO         3706    i.HAL_UART_RxHalfCpltCallback  stm32f1xx_hal_uart.o
    0x08003090   0x08003090   0x000000be   Code   RO         3707    i.HAL_UART_Transmit  stm32f1xx_hal_uart.o
    0x0800314e   0x0800314e   0x00000002   PAD
    0x08003150   0x08003150   0x0000008c   Code   RO         3708    i.HAL_UART_Transmit_DMA  stm32f1xx_hal_uart.o
    0x080031dc   0x080031dc   0x00000002   Code   RO         3710    i.HAL_UART_TxCpltCallback  stm32f1xx_hal_uart.o
    0x080031de   0x080031de   0x00000002   Code   RO         3711    i.HAL_UART_TxHalfCpltCallback  stm32f1xx_hal_uart.o
    0x080031e0   0x080031e0   0x00000004   Code   RO         1150    i.HardFault_Handler  stm32f1xx_it.o
    0x080031e4   0x080031e4   0x00000020   Code   RO           14    i.MTimer_Init       mtimer.o
    0x08003204   0x08003204   0x00000064   Code   RO          967    i.MX_DMA_Init       dma.o
    0x08003268   0x08003268   0x00000194   Code   RO          943    i.MX_GPIO_Init      gpio.o
    0x080033fc   0x080033fc   0x00000044   Code   RO          993    i.MX_SPI2_Init      spi.o
    0x08003440   0x08003440   0x00000074   Code   RO         1036    i.MX_TIM1_Init      tim.o
    0x080034b4   0x080034b4   0x000000a0   Code   RO         1037    i.MX_TIM2_Init      tim.o
    0x08003554   0x08003554   0x000000a4   Code   RO         1038    i.MX_TIM3_Init      tim.o
    0x080035f8   0x080035f8   0x00000038   Code   RO         1095    i.MX_USART1_UART_Init  usart.o
    0x08003630   0x08003630   0x00000038   Code   RO         1096    i.MX_USART2_UART_Init  usart.o
    0x08003668   0x08003668   0x00000004   Code   RO         1151    i.MemManage_Handler  stm32f1xx_it.o
    0x0800366c   0x0800366c   0x00000004   Code   RO         1152    i.NMI_Handler       stm32f1xx_it.o
    0x08003670   0x08003670   0x0000009c   Code   RO          297    i.PID_Calculate     pid.o
    0x0800370c   0x0800370c   0x00000024   Code   RO          298    i.PID_Init          pid.o
    0x08003730   0x08003730   0x00000002   Code   RO         1153    i.PendSV_Handler    stm32f1xx_it.o
    0x08003732   0x08003732   0x00000002   PAD
    0x08003734   0x08003734   0x00000028   Code   RO         1865    i.RCC_Delay         stm32f1xx_hal_rcc.o
    0x0800375c   0x0800375c   0x00000046   Code   RO          747    i.ReadThermoCouple  max6675.o
    0x080037a2   0x080037a2   0x00000002   PAD
    0x080037a4   0x080037a4   0x00000010   Code   RO         1154    i.SPI2_IRQHandler   stm32f1xx_it.o
    0x080037b4   0x080037b4   0x00000014   Code   RO         1393    i.SPI_DMAAbortOnError  stm32f1xx_hal_spi.o
    0x080037c8   0x080037c8   0x00000028   Code   RO         1394    i.SPI_DMAError      stm32f1xx_hal_spi.o
    0x080037f0   0x080037f0   0x0000000e   Code   RO         1396    i.SPI_DMAHalfTransmitCplt  stm32f1xx_hal_spi.o
    0x080037fe   0x080037fe   0x0000007e   Code   RO         1400    i.SPI_DMATransmitCplt  stm32f1xx_hal_spi.o
    0x0800387c   0x0800387c   0x00000044   Code   RO         1404    i.SPI_EndRxTxTransaction  stm32f1xx_hal_spi.o
    0x080038c0   0x080038c0   0x00000030   Code   RO          748    i.SPI_RxByte        max6675.o
    0x080038f0   0x080038f0   0x000000d8   Code   RO         1409    i.SPI_WaitFlagStateUntilTimeout  stm32f1xx_hal_spi.o
    0x080039c8   0x080039c8   0x00000002   Code   RO         1155    i.SVC_Handler       stm32f1xx_it.o
    0x080039ca   0x080039ca   0x00000008   Code   RO         1156    i.SysTick_Handler   stm32f1xx_it.o
    0x080039d2   0x080039d2   0x00000002   PAD
    0x080039d4   0x080039d4   0x00000034   Code   RO          786    i.Sys_Init          application.o
    0x08003a08   0x08003a08   0x00000170   Code   RO          787    i.Sys_Task          application.o
    0x08003b78   0x08003b78   0x00000066   Code   RO          887    i.SystemClock_Config  main.o
    0x08003bde   0x08003bde   0x00000002   Code   RO         4043    i.SystemInit        system_stm32f1xx.o
    0x08003be0   0x08003be0   0x00000010   Code   RO         1157    i.TIM1_UP_IRQHandler  stm32f1xx_it.o
    0x08003bf0   0x08003bf0   0x00000010   Code   RO         1158    i.TIM2_IRQHandler   stm32f1xx_it.o
    0x08003c00   0x08003c00   0x00000010   Code   RO         1159    i.TIM3_IRQHandler   stm32f1xx_it.o
    0x08003c10   0x08003c10   0x00000084   Code   RO         2780    i.TIM_Base_SetConfig  stm32f1xx_hal_tim.o
    0x08003c94   0x08003c94   0x00000022   Code   RO         2781    i.TIM_CCxChannelCmd  stm32f1xx_hal_tim.o
    0x08003cb6   0x08003cb6   0x00000016   Code   RO         2791    i.TIM_ETR_SetConfig  stm32f1xx_hal_tim.o
    0x08003ccc   0x08003ccc   0x00000012   Code   RO         2792    i.TIM_ITRx_SetConfig  stm32f1xx_hal_tim.o
    0x08003cde   0x08003cde   0x00000002   PAD
    0x08003ce0   0x08003ce0   0x00000060   Code   RO         2793    i.TIM_OC1_SetConfig  stm32f1xx_hal_tim.o
    0x08003d40   0x08003d40   0x00000068   Code   RO         2794    i.TIM_OC2_SetConfig  stm32f1xx_hal_tim.o
    0x08003da8   0x08003da8   0x00000068   Code   RO         2795    i.TIM_OC3_SetConfig  stm32f1xx_hal_tim.o
    0x08003e10   0x08003e10   0x00000048   Code   RO         2796    i.TIM_OC4_SetConfig  stm32f1xx_hal_tim.o
    0x08003e58   0x08003e58   0x00000026   Code   RO         2798    i.TIM_TI1_ConfigInputStage  stm32f1xx_hal_tim.o
    0x08003e7e   0x08003e7e   0x00000028   Code   RO         2800    i.TIM_TI2_ConfigInputStage  stm32f1xx_hal_tim.o
    0x08003ea6   0x08003ea6   0x00000014   Code   RO         3712    i.UART_DMAAbortOnError  stm32f1xx_hal_uart.o
    0x08003eba   0x08003eba   0x00000050   Code   RO         3713    i.UART_DMAError     stm32f1xx_hal_uart.o
    0x08003f0a   0x08003f0a   0x000000b4   Code   RO         3714    i.UART_DMAReceiveCplt  stm32f1xx_hal_uart.o
    0x08003fbe   0x08003fbe   0x00000024   Code   RO         3716    i.UART_DMARxHalfCplt  stm32f1xx_hal_uart.o
    0x08003fe2   0x08003fe2   0x00000058   Code   RO         3718    i.UART_DMATransmitCplt  stm32f1xx_hal_uart.o
    0x0800403a   0x0800403a   0x0000000e   Code   RO         3720    i.UART_DMATxHalfCplt  stm32f1xx_hal_uart.o
    0x08004048   0x08004048   0x0000006c   Code   RO         3722    i.UART_EndRxTransfer  stm32f1xx_hal_uart.o
    0x080040b4   0x080040b4   0x00000020   Code   RO         3723    i.UART_EndTransmit_IT  stm32f1xx_hal_uart.o
    0x080040d4   0x080040d4   0x00000026   Code   RO         3724    i.UART_EndTxTransfer  stm32f1xx_hal_uart.o
    0x080040fa   0x080040fa   0x000000fc   Code   RO         3725    i.UART_Receive_IT   stm32f1xx_hal_uart.o
    0x080041f6   0x080041f6   0x00000002   PAD
    0x080041f8   0x080041f8   0x00000018   Code   RO          579    i.UART_Send_Byte    drv_uart.o
    0x08004210   0x08004210   0x000000fc   Code   RO         3726    i.UART_SetConfig    stm32f1xx_hal_uart.o
    0x0800430c   0x0800430c   0x000000c8   Code   RO         3727    i.UART_Start_Receive_DMA  stm32f1xx_hal_uart.o
    0x080043d4   0x080043d4   0x00000040   Code   RO         3728    i.UART_Start_Receive_IT  stm32f1xx_hal_uart.o
    0x08004414   0x08004414   0x00000060   Code   RO         3729    i.UART_Transmit_IT  stm32f1xx_hal_uart.o
    0x08004474   0x08004474   0x0000008c   Code   RO         3730    i.UART_WaitOnFlagUntilTimeout  stm32f1xx_hal_uart.o
    0x08004500   0x08004500   0x00000010   Code   RO         1160    i.USART1_IRQHandler  stm32f1xx_it.o
    0x08004510   0x08004510   0x00000010   Code   RO         1161    i.USART2_IRQHandler  stm32f1xx_it.o
    0x08004520   0x08004520   0x0000003a   Code   RO          580    i.Uart_Init         drv_uart.o
    0x0800455a   0x0800455a   0x00000004   Code   RO         1162    i.UsageFault_Handler  stm32f1xx_it.o
    0x0800455e   0x0800455e   0x00000002   PAD
    0x08004560   0x08004560   0x00000028   Code   RO         4134    i.__0sprintf$1      mc_w.l(printf1.o)
    0x08004588   0x08004588   0x00000010   Code   RO         2172    i.__NVIC_GetPriorityGrouping  stm32f1xx_hal_cortex.o
    0x08004598   0x08004598   0x00000028   Code   RO         2173    i.__NVIC_SetPriority  stm32f1xx_hal_cortex.o
    0x080045c0   0x080045c0   0x0000000e   Code   RO         4406    i.__scatterload_copy  mc_w.l(handlers.o)
    0x080045ce   0x080045ce   0x00000002   Code   RO         4407    i.__scatterload_null  mc_w.l(handlers.o)
    0x080045d0   0x080045d0   0x0000000e   Code   RO         4408    i.__scatterload_zeroinit  mc_w.l(handlers.o)
    0x080045de   0x080045de   0x00000002   PAD
    0x080045e0   0x080045e0   0x00000154   Code   RO         4139    i._printf_core      mc_w.l(printf1.o)
    0x08004734   0x08004734   0x0000000a   Code   RO         4141    i._sputc            mc_w.l(printf1.o)
    0x0800473e   0x0800473e   0x0000001c   Code   RO          142    i.check_sum         protocol.o
    0x0800475a   0x0800475a   0x00000038   Code   RO          638    i.display_list_char  uc1609.o
    0x08004792   0x08004792   0x00000002   PAD
    0x08004794   0x08004794   0x00000054   Code   RO          639    i.display_one_char  uc1609.o
    0x080047e8   0x080047e8   0x0000001a   Code   RO          143    i.get_frame_checksum  protocol.o
    0x08004802   0x08004802   0x00000034   Code   RO          144    i.get_frame_len     protocol.o
    0x08004836   0x08004836   0x0000000e   Code   RO          145    i.get_frame_type    protocol.o
    0x08004844   0x08004844   0x00000024   Code   RO          643    i.lcd_cls           uc1609.o
    0x08004868   0x08004868   0x00000050   Code   RO          644    i.lcd_init          uc1609.o
    0x080048b8   0x080048b8   0x00000030   Code   RO          645    i.lcd_sendcmd       uc1609.o
    0x080048e8   0x080048e8   0x00000050   Code   RO          888    i.main              main.o
    0x08004938   0x08004938   0x00000044   Code   RO          146    i.pid_reset_cmd     protocol.o
    0x0800497c   0x0800497c   0x00000002   Code   RO          147    i.pid_start_cmd     protocol.o
    0x0800497e   0x0800497e   0x00000002   Code   RO          148    i.pid_stop_cmd      protocol.o
    0x08004980   0x08004980   0x00000024   Code   RO          149    i.port_send_data_to_computer  protocol.o
    0x080049a4   0x080049a4   0x00000034   Code   RO          150    i.protocol_data_recv  protocol.o
    0x080049d8   0x080049d8   0x000001c0   Code   RO          151    i.protocol_frame_parse  protocol.o
    0x08004b98   0x08004b98   0x0000001c   Code   RO          152    i.protocol_init     protocol.o
    0x08004bb4   0x08004bb4   0x00000174   Code   RO          153    i.receiving_process  protocol.o
    0x08004d28   0x08004d28   0x00000074   Code   RO          154    i.recvbuf_find_header  protocol.o
    0x08004d9c   0x08004d9c   0x00000022   Code   RO          155    i.recvbuf_get_len_to_parse  protocol.o
    0x08004dbe   0x08004dbe   0x00000046   Code   RO          156    i.recvbuf_put_data  protocol.o
    0x08004e04   0x08004e04   0x00000060   Code   RO          157    i.set_computer_value  protocol.o
    0x08004e64   0x08004e64   0x0000001c   Code   RO          158    i.set_pid_actual_val_cmd  protocol.o
    0x08004e80   0x08004e80   0x00000010   Code   RO          159    i.set_pid_paramter_cmd  protocol.o
    0x08004e90   0x08004e90   0x00000002   Code   RO          160    i.set_pid_period_cmd  protocol.o
    0x08004e92   0x08004e92   0x000007e0   Data   RO          647    .constdata          uc1609.o
    0x08005672   0x08005672   0x00000012   Data   RO         1866    .constdata          stm32f1xx_hal_rcc.o
    0x08005684   0x08005684   0x00000018   Data   RO         4044    .constdata          system_stm32f1xx.o
    0x0800569c   0x0800569c   0x00000020   Data   RO         4404    Region$$Table       anon$$obj.o


    Execution Region RW_IRAM1 (Exec base: 0x20000000, Load base: 0x080056bc, Size: 0x000010d0, Max: 0x00005000, ABSOLUTE, COMPRESSED[0x00000070])

    Exec Addr    Load Addr    Size         Type   Attr      Idx    E Section Name        Object

    0x20000000   COMPRESSED   0x00000001   Data   RW           15    .data               mtimer.o
    0x20000001   COMPRESSED   0x00000001   Data   RW          162    .data               protocol.o
    0x20000002   COMPRESSED   0x00000002   PAD
    0x20000004   COMPRESSED   0x00000004   Data   RW          340    .data               drv_bluetooth.o
    0x20000008   COMPRESSED   0x00000084   Data   RW          394    .data               drv_encoder.o
    0x2000008c   COMPRESSED   0x00000008   Data   RW          440    .data               drv_heater.o
    0x20000094   COMPRESSED   0x00000008   Data   RW          509    .data               drv_motor.o
    0x2000009c   COMPRESSED   0x00000220   Data   RW          583    .data               drv_uart.o
    0x200002bc   COMPRESSED   0x0000001c   Data   RW          648    .data               uc1609.o
    0x200002d8   COMPRESSED   0x00000014   Data   RW          750    .data               max6675.o
    0x200002ec   COMPRESSED   0x00000004   Data   RW          789    .data               application.o
    0x200002f0   COMPRESSED   0x0000001c   Data   RW          858    .data               system_datapool.o
    0x2000030c   COMPRESSED   0x00000009   Data   RW         1702    .data               stm32f1xx_hal.o
    0x20000315   COMPRESSED   0x00000003   PAD
    0x20000318   COMPRESSED   0x00000004   Data   RW         4045    .data               system_stm32f1xx.o
    0x2000031c        -       0x00000096   Zero   RW          161    .bss                protocol.o
    0x200003b2        -       0x00000600   Zero   RW          646    .bss                uc1609.o
    0x200009b2        -       0x00000028   Zero   RW          788    .bss                application.o
    0x200009da   COMPRESSED   0x00000002   PAD
    0x200009dc        -       0x00000024   Zero   RW          857    .bss                system_datapool.o
    0x20000a00        -       0x000000e0   Zero   RW          994    .bss                spi.o
    0x20000ae0        -       0x000000d8   Zero   RW         1039    .bss                tim.o
    0x20000bb8        -       0x00000118   Zero   RW         1097    .bss                usart.o
    0x20000cd0        -       0x00000400   Zero   RW            1    STACK               startup_stm32f103xb.o


==============================================================================

Image component sizes


      Code (inc. data)   RO Data    RW Data    ZI Data      Debug   Object Name

       420         74          0          4         40       3235   application.o
       100          4          0          0          0        830   dma.o
        16          4          0          4          0       2060   drv_bluetooth.o
      1024         46          0        132          0       3709   drv_encoder.o
       156         12          0          8          0       1849   drv_heater.o
       232         88          0          0          0       1087   drv_lcd.o
       156         12          0          8          0       1814   drv_motor.o
        32         10          0          0          0       1124   drv_sensor.o
       198         24          0        544          0       3347   drv_uart.o
       404         24          0          0          0       1143   gpio.o
       188          6          0          0          0       1620   main.o
       118          0          0         20          0       2015   max6675.o
        56         16          0          1          0     434508   mtimer.o
       192         10          0          0          0       2195   pid.o
      1490         56          0          1        150      41218   protocol.o
       336         34          0          0        224       1935   spi.o
        36          8        236          0       1024        844   startup_stm32f103xb.o
       192         36          0          9          0       6217   stm32f1xx_hal.o
       304         22          0          0          0      29711   stm32f1xx_hal_cortex.o
       978         12          0          0          0       5154   stm32f1xx_hal_dma.o
       856         38          0          0          0       4126   stm32f1xx_hal_gpio.o
        84          8          0          0          0        954   stm32f1xx_hal_msp.o
      1748         98         18          0          0       6304   stm32f1xx_hal_rcc.o
      2278         24          0          0          0      12761   stm32f1xx_hal_spi.o
      2086         60          0          0          0      16721   stm32f1xx_hal_tim.o
       136         14          0          0          0       2597   stm32f1xx_hal_tim_ex.o
      3024         34          0          0          0      20913   stm32f1xx_hal_uart.o
       224         60          0          0          0      10726   stm32f1xx_it.o
         0          0          0         28         36        621   system_datapool.o
         2          0         24          4          0       1219   system_stm32f1xx.o
       792         60          0          0        216       4110   tim.o
       304         26       2016         28       1536       4125   uc1609.o
       500         50          0          0        280       2641   usart.o

    ----------------------------------------------------------------------
     18698        970       2326        796       3508     633433   Object Totals
         0          0         32          0          0          0   (incl. Generated)
        36          0          0          5          2          0   (incl. Padding)

    ----------------------------------------------------------------------

      Code (inc. data)   RO Data    RW Data    ZI Data      Debug   Library Member Name

        86          0          0          0          0          0   __dczerorl2.o
         0          0          0          0          0          0   entry.o
         0          0          0          0          0          0   entry10a.o
         0          0          0          0          0          0   entry11a.o
         4          0          0          0          0          0   entry12b.o
         8          4          0          0          0          0   entry2.o
         4          0          0          0          0          0   entry5.o
         0          0          0          0          0          0   entry7b.o
         0          0          0          0          0          0   entry8b.o
         8          4          0          0          0          0   entry9a.o
        30          0          0          0          0          0   handlers.o
        36          8          0          0          0         68   init.o
         0          0          0          0          0          0   iusefp.o
        36          0          0          0          0         68   memcpya.o
        36          0          0          0          0        108   memseta.o
       390         10          0          0          0        252   printf1.o
        44          0          0          0          0         80   uidiv.o
        20          0          0          0          0         68   cfcmple.o
        20          0          0          0          0         68   cfrcmple.o
       176          0          0          0          0        140   fadd.o
       110          0          0          0          0        168   fepilogue.o
        40          0          0          0          0         68   ffixui.o
        18          0          0          0          0         68   fflti.o
        10          0          0          0          0         68   ffltui.o
       100          0          0          0          0         76   fmul.o

    ----------------------------------------------------------------------
      1180         26          0          0          0       1300   Library Totals
         4          0          0          0          0          0   (incl. Padding)

    ----------------------------------------------------------------------

      Code (inc. data)   RO Data    RW Data    ZI Data      Debug   Library Name

       682         26          0          0          0        576   mc_w.l
       494          0          0          0          0        724   mf_w.l

    ----------------------------------------------------------------------
      1180         26          0          0          0       1300   Library Totals

    ----------------------------------------------------------------------

==============================================================================


      Code (inc. data)   RO Data    RW Data    ZI Data      Debug   

     19878        996       2326        796       3508     625345   Grand Totals
     19878        996       2326        112       3508     625345   ELF Image Totals (compressed)
     19878        996       2326        112          0          0   ROM Totals

==============================================================================

    Total RO  Size (Code + RO Data)                22204 (  21.68kB)
    Total RW  Size (RW Data + ZI Data)              4304 (   4.20kB)
    Total ROM Size (Code + RO Data + RW Data)      22316 (  21.79kB)

==============================================================================

